<html>
<body>
<pre>
<h1>礦ision Build Log</h1>
<h2>Tool Versions:</h2>
IDE-Version: μVision V5.24.2.0
Copyright (C) 2017 ARM Ltd and ARM Germany GmbH. All rights reserved.
License Information: GEEK Microsoft, Microsoft, LIC=EXJHL-06VQD-SY2VA-1PZ3A-KDDAV-32K1Z
 
Tool Versions:
Toolchain:       MDK-ARM Plus  Version: 5.24.1
Toolchain Path:  E:\Program Files\Keil_v5\ARM\ARMCC\Bin
C Compiler:      Armcc.exe V5.06 update 5 (build 528)
Assembler:       Armasm.exe V5.06 update 5 (build 528)
Linker/Locator:  ArmLink.exe V5.06 update 5 (build 528)
Library Manager: ArmAr.exe V5.06 update 5 (build 528)
Hex Converter:   FromElf.exe V5.06 update 5 (build 528)
CPU DLL:         SARMCM3.DLL V5.24.1
Dialog DLL:      DARMSTM.DLL V1.68.0.0
Target DLL:      STLink\ST-LINKIII-KEIL_SWO.dll V3.0.1.0
Dialog DLL:      TARMSTM.DLL V1.66.0.0
 
<h2>Project:</h2>
C:\Users\GEEK\Desktop\STM32F103\ALIENTEK_Prj\function edition\实验42 照相机实验\USER\CAMERA.uvprojx
Project File Date:  05/08/2019

<h2>Output:</h2>
*** Using Compiler 'V5.06 update 5 (build 528)', folder: 'E:\Program Files\Keil_v5\ARM\ARMCC\Bin'
Rebuild target 'CAMERA'
compiling stm32f10x_it.c...
compiling led.c...
compiling key.c...
compiling system_stm32f10x.c...
compiling w25qxx.c...
compiling spi.c...
compiling beep.c...
compiling sdio_sdcard.c...
compiling lcd.c...
compiling main.c...
compiling tpad.c...
compiling exti.c...
compiling timer.c...
compiling sccb.c...
compiling ov7725.c...
compiling ov7670.c...
compiling delay.c...
assembling startup_stm32f10x_hd.s...
compiling usart.c...
compiling misc.c...
compiling core_cm3.c...
compiling stm32f10x_fsmc.c...
compiling stm32f10x_rcc.c...
compiling sys.c...
compiling stm32f10x_gpio.c...
compiling stm32f10x_spi.c...
compiling stm32f10x_tim.c...
compiling stm32f10x_usart.c...
compiling stm32f10x_dma.c...
compiling malloc.c...
compiling exfuns.c...
compiling stm32f10x_exti.c...
compiling ff.c...
compiling fattester.c...
compiling stm32f10x_sdio.c...
compiling diskio.c...
compiling usmart_config.c...
compiling text.c...
compiling mycc936.c...
compiling usmart.c...
compiling usmart_str.c...
compiling fontupd.c...
compiling bmp.c...
compiling gif.c...
compiling tjpgd.c...
compiling piclib.c...
linking...
Program Size: Code=54654 RO-data=10018 RW-data=484 ZI-data=1094820  
FromELF: creating hex file...
"..\OBJ\CAMERA.axf" - 0 Error(s), 0 Warning(s).

<h2>Software Packages used:</h2>

Package Vendor: Keil
                http://www.keil.com/pack/Keil.STM32F1xx_DFP.1.0.5.pack
                Keil.STM32F1xx_DFP.1.0.5
                STMicroelectronics STM32F1 Series Device Support, Drivers and Examples

<h2>Collection of Component include folders:</h2>
  .\RTE\_CAMERA
  E:\Program Files\Keil_v5\ARM\PACK\Keil\STM32F1xx_DFP\1.0.5\Device\Include

<h2>Collection of Component Files used:</h2>
Build Time Elapsed:  00:00:10
</pre>
</body>
</html>
