Component: ARM Compiler 5.06 update 5 (build 528) Tool: armlink [4d35e2]

==============================================================================

Section Cross References

    main.o(.text) refers to lcd.o(.text) for LCD_Clear
    main.o(.text) refers to key.o(.text) for KEY_Scan
    main.o(.text) refers to touch.o(.text) for TP_Draw_Big_Point
    main.o(.text) refers to delay.o(.text) for delay_ms
    main.o(.text) refers to misc.o(.text) for NVIC_PriorityGroupConfig
    main.o(.text) refers to usart.o(.text) for uart_init
    main.o(.text) refers to led.o(.text) for LED_Init
    main.o(.text) refers to lcd.o(.data) for POINT_COLOR
    main.o(.text) refers to lcd.o(.bss) for lcddev
    main.o(.text) refers to touch.o(.data) for tp_dev
    main.o(.text) refers to main.o(.constdata) for POINT_COLOR_TBL
    system_stm32f10x.o(.text) refers to system_stm32f10x.o(.data) for SystemCoreClock
    led.o(.text) refers to stm32f10x_rcc.o(.text) for RCC_APB2PeriphClockCmd
    led.o(.text) refers to stm32f10x_gpio.o(.text) for GPIO_Init
    key.o(.text) refers to stm32f10x_rcc.o(.text) for RCC_APB2PeriphClockCmd
    key.o(.text) refers to stm32f10x_gpio.o(.text) for GPIO_Init
    key.o(.text) refers to delay.o(.text) for delay_ms
    key.o(.text) refers to key.o(.data) for key_up
    lcd.o(.text) refers to _printf_percent.o(.ARM.Collect$$_printf_percent$$00000000) for _printf_percent
    lcd.o(.text) refers to _printf_x.o(.ARM.Collect$$_printf_percent$$0000000C) for _printf_x
    lcd.o(.text) refers to _printf_hex_int.o(.text) for _printf_longlong_hex
    lcd.o(.text) refers to delay.o(.text) for delay_us
    lcd.o(.text) refers to lcd.o(.bss) for lcddev
    lcd.o(.text) refers to lcd.o(.data) for POINT_COLOR
    lcd.o(.text) refers to dflt_clz.o(x$fpl$dfltu) for __aeabi_ui2d
    lcd.o(.text) refers to dmul.o(x$fpl$dmul) for __aeabi_dmul
    lcd.o(.text) refers to dfixu.o(x$fpl$dfixu) for __aeabi_d2uiz
    lcd.o(.text) refers to stm32f10x_rcc.o(.text) for RCC_AHBPeriphClockCmd
    lcd.o(.text) refers to stm32f10x_gpio.o(.text) for GPIO_Init
    lcd.o(.text) refers to stm32f10x_fsmc.o(.text) for FSMC_NORSRAMInit
    lcd.o(.text) refers to noretval__2printf.o(.text) for __2printf
    lcd.o(.text) refers to lcd.o(.constdata) for asc2_1206
    myiic.o(.text) refers to stm32f10x_rcc.o(.text) for RCC_APB2PeriphClockCmd
    myiic.o(.text) refers to stm32f10x_gpio.o(.text) for GPIO_Init
    myiic.o(.text) refers to delay.o(.text) for delay_us
    24cxx.o(.text) refers to myiic.o(.text) for IIC_Init
    24cxx.o(.text) refers to delay.o(.text) for delay_ms
    spi.o(.text) refers to stm32f10x_spi.o(.text) for SPI_I2S_GetFlagStatus
    spi.o(.text) refers to stm32f10x_rcc.o(.text) for RCC_APB2PeriphClockCmd
    spi.o(.text) refers to stm32f10x_gpio.o(.text) for GPIO_Init
    w25qxx.o(.text) refers to _printf_percent.o(.ARM.Collect$$_printf_percent$$00000000) for _printf_percent
    w25qxx.o(.text) refers to _printf_x.o(.ARM.Collect$$_printf_percent$$0000000C) for _printf_x
    w25qxx.o(.text) refers to _printf_hex_int.o(.text) for _printf_longlong_hex
    w25qxx.o(.text) refers to spi.o(.text) for SPI2_ReadWriteByte
    w25qxx.o(.text) refers to stm32f10x_rcc.o(.text) for RCC_APB2PeriphClockCmd
    w25qxx.o(.text) refers to stm32f10x_gpio.o(.text) for GPIO_Init
    w25qxx.o(.text) refers to noretval__2printf.o(.text) for __2printf
    w25qxx.o(.text) refers to delay.o(.text) for delay_us
    w25qxx.o(.text) refers to w25qxx.o(.data) for W25QXX_TYPE
    w25qxx.o(.text) refers to w25qxx.o(.bss) for W25QXX_BUFFER
    touch.o(.text) refers to delay.o(.text) for delay_us
    touch.o(.text) refers to lcd.o(.text) for LCD_DrawLine
    touch.o(.text) refers to fflt_clz.o(x$fpl$fflt) for __aeabi_i2f
    touch.o(.text) refers to fflt_clz.o(x$fpl$ffltu) for __aeabi_ui2f
    touch.o(.text) refers to fmul.o(x$fpl$fmul) for __aeabi_fmul
    touch.o(.text) refers to faddsub_clz.o(x$fpl$fadd) for __aeabi_fadd
    touch.o(.text) refers to ffixu.o(x$fpl$ffixu) for __aeabi_f2uiz
    touch.o(.text) refers to 24cxx.o(.text) for AT24CXX_Write
    touch.o(.text) refers to touch.o(.data) for CMD_RDX
    touch.o(.text) refers to lcd.o(.data) for POINT_COLOR
    touch.o(.text) refers to dflt_clz.o(x$fpl$dfltu) for __aeabi_ui2d
    touch.o(.text) refers to sqrt.o(i.sqrt) for sqrt
    touch.o(.text) refers to dfixu.o(x$fpl$dfixu) for __aeabi_d2uiz
    touch.o(.text) refers to fdiv.o(x$fpl$fdiv) for __aeabi_fdiv
    touch.o(.text) refers to f2d.o(x$fpl$f2d) for __aeabi_f2d
    touch.o(.text) refers to dleqf.o(x$fpl$dleqf) for __aeabi_cdcmple
    touch.o(.text) refers to drleqf.o(x$fpl$drleqf) for __aeabi_cdrcmple
    touch.o(.text) refers to lcd.o(.bss) for lcddev
    touch.o(.text) refers to touch.o(.constdata) for TP_REMIND_MSG_TBL
    touch.o(.text) refers to dmul.o(x$fpl$dmul) for __aeabi_dmul
    touch.o(.text) refers to faddsub_clz.o(x$fpl$fsub) for __aeabi_fsub
    touch.o(.text) refers to ffix.o(x$fpl$ffix) for __aeabi_f2iz
[...]
    ../clib/signal.c                         0x00000000   Number         0  __raise.o ABSOLUTE
    ../clib/signal.c                         0x00000000   Number         0  defsig_rtmem_inner.o ABSOLUTE
    ../clib/signal.c                         0x00000000   Number         0  defsig_cppl_inner.o ABSOLUTE
    ../clib/signal.c                         0x00000000   Number         0  defsig_rtmem_formal.o ABSOLUTE
    ../clib/signal.c                         0x00000000   Number         0  defsig_rtmem_outer.o ABSOLUTE
    ../clib/signal.c                         0x00000000   Number         0  defsig_exit.o ABSOLUTE
    ../clib/signal.s                         0x00000000   Number         0  defsig.o ABSOLUTE
    ../clib/stdio.c                          0x00000000   Number         0  ferror_locked.o ABSOLUTE
    ../clib/stdio.c                          0x00000000   Number         0  ferror.o ABSOLUTE
    ../clib/stdlib.c                         0x00000000   Number         0  exit.o ABSOLUTE
    ../fplib/daddsub.s                       0x00000000   Number         0  daddsub_clz.o ABSOLUTE
    ../fplib/dcmpi.s                         0x00000000   Number         0  dcmpi.o ABSOLUTE
    ../fplib/dfixu.s                         0x00000000   Number         0  dfixu.o ABSOLUTE
    ../fplib/dflt.s                          0x00000000   Number         0  dflt_clz.o ABSOLUTE
    ../fplib/dleqf.s                         0x00000000   Number         0  dleqf.o ABSOLUTE
    ../fplib/dmul.s                          0x00000000   Number         0  dmul.o ABSOLUTE
    ../fplib/dnaninf.s                       0x00000000   Number         0  dnaninf.o ABSOLUTE
    ../fplib/dretinf.s                       0x00000000   Number         0  dretinf.o ABSOLUTE
    ../fplib/drleqf.s                        0x00000000   Number         0  drleqf.o ABSOLUTE
    ../fplib/dsqrt.s                         0x00000000   Number         0  dsqrt_noumaal.o ABSOLUTE
    ../fplib/f2d.s                           0x00000000   Number         0  f2d.o ABSOLUTE
    ../fplib/faddsub.s                       0x00000000   Number         0  faddsub_clz.o ABSOLUTE
    ../fplib/fdiv.s                          0x00000000   Number         0  fdiv.o ABSOLUTE
    ../fplib/ffix.s                          0x00000000   Number         0  ffix.o ABSOLUTE
    ../fplib/ffixu.s                         0x00000000   Number         0  ffixu.o ABSOLUTE
    ../fplib/fflt.s                          0x00000000   Number         0  fflt_clz.o ABSOLUTE
    ../fplib/fmul.s                          0x00000000   Number         0  fmul.o ABSOLUTE
    ../fplib/fnaninf.s                       0x00000000   Number         0  fnaninf.o ABSOLUTE
    ../fplib/fpinit.s                        0x00000000   Number         0  fpinit.o ABSOLUTE
    ../fplib/fretinf.s                       0x00000000   Number         0  fretinf.o ABSOLUTE
    ../fplib/usenofp.s                       0x00000000   Number         0  usenofp.o ABSOLUTE
    ../mathlib/sqrt.c                        0x00000000   Number         0  sqrt.o ABSOLUTE
    ../mathlib/sqrt.c                        0x00000000   Number         0  sqrt_x.o ABSOLUTE
    ..\CORE\core_cm3.c                       0x00000000   Number         0  core_cm3.o ABSOLUTE
    ..\CORE\startup_stm32f10x_hd.s           0x00000000   Number         0  startup_stm32f10x_hd.o ABSOLUTE
    ..\HARDWARE\24CXX\24cxx.c                0x00000000   Number         0  24cxx.o ABSOLUTE
    ..\HARDWARE\IIC\myiic.c                  0x00000000   Number         0  myiic.o ABSOLUTE
    ..\HARDWARE\KEY\key.c                    0x00000000   Number         0  key.o ABSOLUTE
    ..\HARDWARE\LCD\lcd.c                    0x00000000   Number         0  lcd.o ABSOLUTE
    ..\HARDWARE\LED\led.c                    0x00000000   Number         0  led.o ABSOLUTE
    ..\HARDWARE\SPI\spi.c                    0x00000000   Number         0  spi.o ABSOLUTE
    ..\HARDWARE\TOUCH\ctiic.c                0x00000000   Number         0  ctiic.o ABSOLUTE
    ..\HARDWARE\TOUCH\ft5206.c               0x00000000   Number         0  ft5206.o ABSOLUTE
    ..\HARDWARE\TOUCH\gt9147.c               0x00000000   Number         0  gt9147.o ABSOLUTE
    ..\HARDWARE\TOUCH\ott2001a.c             0x00000000   Number         0  ott2001a.o ABSOLUTE
    ..\HARDWARE\TOUCH\touch.c                0x00000000   Number         0  touch.o ABSOLUTE
    ..\HARDWARE\W25QXX\w25qxx.c              0x00000000   Number         0  w25qxx.o ABSOLUTE
    ..\STM32F10x_FWLib\src\misc.c            0x00000000   Number         0  misc.o ABSOLUTE
    ..\STM32F10x_FWLib\src\stm32f10x_fsmc.c  0x00000000   Number         0  stm32f10x_fsmc.o ABSOLUTE
    ..\STM32F10x_FWLib\src\stm32f10x_gpio.c  0x00000000   Number         0  stm32f10x_gpio.o ABSOLUTE
    ..\STM32F10x_FWLib\src\stm32f10x_rcc.c   0x00000000   Number         0  stm32f10x_rcc.o ABSOLUTE
    ..\STM32F10x_FWLib\src\stm32f10x_spi.c   0x00000000   Number         0  stm32f10x_spi.o ABSOLUTE
    ..\STM32F10x_FWLib\src\stm32f10x_usart.c 0x00000000   Number         0  stm32f10x_usart.o ABSOLUTE
    ..\SYSTEM\delay\delay.c                  0x00000000   Number         0  delay.o ABSOLUTE
    ..\SYSTEM\sys\sys.c                      0x00000000   Number         0  sys.o ABSOLUTE
    ..\SYSTEM\usart\usart.c                  0x00000000   Number         0  usart.o ABSOLUTE
    ..\\CORE\\core_cm3.c                     0x00000000   Number         0  core_cm3.o ABSOLUTE
    ..\\SYSTEM\\sys\\sys.c                   0x00000000   Number         0  sys.o ABSOLUTE
    dc.s                                     0x00000000   Number         0  dc.o ABSOLUTE
    main.c                                   0x00000000   Number         0  main.o ABSOLUTE
    stm32f10x_it.c                           0x00000000   Number         0  stm32f10x_it.o ABSOLUTE
    system_stm32f10x.c                       0x00000000   Number         0  system_stm32f10x.o ABSOLUTE
    RESET                                    0x08000000   Section      304  startup_stm32f10x_hd.o(RESET)
    !!!main                                  0x08000130   Section        8  __main.o(!!!main)
    !!!scatter                               0x08000138   Section       52  __scatter.o(!!!scatter)
    !!handler_copy                           0x0800016c   Section       26  __scatter_copy.o(!!handler_copy)
    !!handler_zi                             0x08000188   Section       28  __scatter_zi.o(!!handler_zi)
    .ARM.Collect$$_printf_percent$$00000000  0x080001a4   Section        0  _printf_percent.o(.ARM.Collect$$_printf_percent$$00000000)
    .ARM.Collect$$_printf_percent$$00000009  0x080001a4   Section        6  _printf_d.o(.ARM.Collect$$_printf_percent$$00000009)
    .ARM.Collect$$_printf_percent$$0000000C  0x080001aa   Section        6  _printf_x.o(.ARM.Collect$$_printf_percent$$0000000C)
    .ARM.Collect$$_printf_percent$$00000014  0x080001b0   Section        6  _printf_s.o(.ARM.Collect$$_printf_percent$$00000014)
    .ARM.Collect$$_printf_percent$$00000017  0x080001b6   Section        4  _printf_percent_end.o(.ARM.Collect$$_printf_percent$$00000017)
    .ARM.Collect$$libinit$$00000000          0x080001ba   Section        2  libinit.o(.ARM.Collect$$libinit$$00000000)
    .ARM.Collect$$libinit$$00000002          0x080001bc   Section        0  libinit2.o(.ARM.Collect$$libinit$$00000002)
    .ARM.Collect$$libinit$$00000004          0x080001bc   Section        0  libinit2.o(.ARM.Collect$$libinit$$00000004)
    .ARM.Collect$$libinit$$0000000A          0x080001bc   Section        0  libinit2.o(.ARM.Collect$$libinit$$0000000A)
    .ARM.Collect$$libinit$$0000000C          0x080001bc   Section        0  libinit2.o(.ARM.Collect$$libinit$$0000000C)
    .ARM.Collect$$libinit$$0000000E          0x080001bc   Section        0  libinit2.o(.ARM.Collect$$libinit$$0000000E)
    .ARM.Collect$$libinit$$00000011          0x080001bc   Section        0  libinit2.o(.ARM.Collect$$libinit$$00000011)
    .ARM.Collect$$libinit$$00000013          0x080001bc   Section        0  libinit2.o(.ARM.Collect$$libinit$$00000013)
    .ARM.Collect$$libinit$$00000015          0x080001bc   Section        0  libinit2.o(.ARM.Collect$$libinit$$00000015)
    .ARM.Collect$$libinit$$00000017          0x080001bc   Section        0  libinit2.o(.ARM.Collect$$libinit$$00000017)
    .ARM.Collect$$libinit$$00000019          0x080001bc   Section        0  libinit2.o(.ARM.Collect$$libinit$$00000019)
    .ARM.Collect$$libinit$$0000001B          0x080001bc   Section        0  libinit2.o(.ARM.Collect$$libinit$$0000001B)
    .ARM.Collect$$libinit$$0000001D          0x080001bc   Section        0  libinit2.o(.ARM.Collect$$libinit$$0000001D)
    .ARM.Collect$$libinit$$0000001F          0x080001bc   Section        0  libinit2.o(.ARM.Collect$$libinit$$0000001F)
    .ARM.Collect$$libinit$$00000021          0x080001bc   Section        0  libinit2.o(.ARM.Collect$$libinit$$00000021)
    .ARM.Collect$$libinit$$00000023          0x080001bc   Section        0  libinit2.o(.ARM.Collect$$libinit$$00000023)
    .ARM.Collect$$libinit$$00000025          0x080001bc   Section        0  libinit2.o(.ARM.Collect$$libinit$$00000025)
    .ARM.Collect$$libinit$$0000002C          0x080001bc   Section        0  libinit2.o(.ARM.Collect$$libinit$$0000002C)
    .ARM.Collect$$libinit$$0000002E          0x080001bc   Section        0  libinit2.o(.ARM.Collect$$libinit$$0000002E)
    .ARM.Collect$$libinit$$00000030          0x080001bc   Section        0  libinit2.o(.ARM.Collect$$libinit$$00000030)
    .ARM.Collect$$libinit$$00000032          0x080001bc   Section        0  libinit2.o(.ARM.Collect$$libinit$$00000032)
    .ARM.Collect$$libinit$$00000033          0x080001bc   Section        2  libinit2.o(.ARM.Collect$$libinit$$00000033)
    .ARM.Collect$$libshutdown$$00000000      0x080001be   Section        2  libshutdown.o(.ARM.Collect$$libshutdown$$00000000)
    .ARM.Collect$$libshutdown$$00000002      0x080001c0   Section        0  libshutdown2.o(.ARM.Collect$$libshutdown$$00000002)
    .ARM.Collect$$libshutdown$$00000004      0x080001c0   Section        0  libshutdown2.o(.ARM.Collect$$libshutdown$$00000004)
    .ARM.Collect$$libshutdown$$00000007      0x080001c0   Section        0  libshutdown2.o(.ARM.Collect$$libshutdown$$00000007)
    .ARM.Collect$$libshutdown$$0000000A      0x080001c0   Section        0  libshutdown2.o(.ARM.Collect$$libshutdown$$0000000A)
    .ARM.Collect$$libshutdown$$0000000C      0x080001c0   Section        0  libshutdown2.o(.ARM.Collect$$libshutdown$$0000000C)
    .ARM.Collect$$libshutdown$$0000000F      0x080001c0   Section        0  libshutdown2.o(.ARM.Collect$$libshutdown$$0000000F)
    .ARM.Collect$$libshutdown$$00000010      0x080001c0   Section        2  libshutdown2.o(.ARM.Collect$$libshutdown$$00000010)
    .ARM.Collect$$rtentry$$00000000          0x080001c2   Section        0  __rtentry.o(.ARM.Collect$$rtentry$$00000000)
    .ARM.Collect$$rtentry$$00000002          0x080001c2   Section        0  __rtentry2.o(.ARM.Collect$$rtentry$$00000002)
    .ARM.Collect$$rtentry$$00000004          0x080001c2   Section        6  __rtentry4.o(.ARM.Collect$$rtentry$$00000004)
    .ARM.Collect$$rtentry$$00000009          0x080001c8   Section        0  __rtentry2.o(.ARM.Collect$$rtentry$$00000009)
    .ARM.Collect$$rtentry$$0000000A          0x080001c8   Section        4  __rtentry2.o(.ARM.Collect$$rtentry$$0000000A)
    .ARM.Collect$$rtentry$$0000000C          0x080001cc   Section        0  __rtentry2.o(.ARM.Collect$$rtentry$$0000000C)
    .ARM.Collect$$rtentry$$0000000D          0x080001cc   Section        8  __rtentry2.o(.ARM.Collect$$rtentry$$0000000D)
    .ARM.Collect$$rtexit$$00000000           0x080001d4   Section        2  rtexit.o(.ARM.Collect$$rtexit$$00000000)
    .ARM.Collect$$rtexit$$00000002           0x080001d6   Section        0  rtexit2.o(.ARM.Collect$$rtexit$$00000002)
    .ARM.Collect$$rtexit$$00000003           0x080001d6   Section        4  rtexit2.o(.ARM.Collect$$rtexit$$00000003)
    .ARM.Collect$$rtexit$$00000004           0x080001da   Section        6  rtexit2.o(.ARM.Collect$$rtexit$$00000004)
    .text                                    0x080001e0   Section        0  main.o(.text)
    .text                                    0x080006b8   Section        0  stm32f10x_it.o(.text)
    .text                                    0x080006d4   Section        0  system_stm32f10x.o(.text)
    SetSysClockTo72                          0x080006d5   Thumb Code   214  system_stm32f10x.o(.text)
    SetSysClock                              0x080007ab   Thumb Code     8  system_stm32f10x.o(.text)
    .text                                    0x080008b4   Section        0  led.o(.text)
    .text                                    0x08000900   Section        0  key.o(.text)
    .text                                    0x080009fc   Section        0  lcd.o(.text)
    .text                                    0x08005458   Section        0  myiic.o(.text)
    .text                                    0x080056c4   Section        0  24cxx.o(.text)
    .text                                    0x08005840   Section        0  touch.o(.text)
    .text                                    0x080067f4   Section        0  ctiic.o(.text)
    .text                                    0x08006a78   Section        0  ott2001a.o(.text)
    .text                                    0x08006de4   Section        0  ft5206.o(.text)
    .text                                    0x0800711c   Section        0  gt9147.o(.text)
    .text                                    0x08007574   Section        0  delay.o(.text)
    .text                                    0x08007648   Section        0  usart.o(.text)
    .text                                    0x08007788   Section       64  startup_stm32f10x_hd.o(.text)
    .text                                    0x080077c8   Section        0  misc.o(.text)
    .text                                    0x080078a4   Section        0  stm32f10x_fsmc.o(.text)
    .text                                    0x08007eb0   Section        0  stm32f10x_gpio.o(.text)
    .text                                    0x0800820c   Section        0  stm32f10x_rcc.o(.text)
    .text                                    0x080085b0   Section        0  stm32f10x_usart.o(.text)
    .text                                    0x080089b8   Section        2  use_no_semi_2.o(.text)
    .text                                    0x080089bc   Section        0  noretval__2printf.o(.text)
    .text                                    0x080089d4   Section        0  __printf.o(.text)
    .text                                    0x08008a3c   Section        0  _printf_str.o(.text)
    .text                                    0x08008a90   Section        0  _printf_dec.o(.text)
    .text                                    0x08008b08   Section        0  _printf_hex_int.o(.text)
    .text                                    0x08008b60   Section      128  strcmpv7m.o(.text)
    .text                                    0x08008be0   Section        0  heapauxi.o(.text)
    .text                                    0x08008be6   Section        2  use_no_semi.o(.text)
    .text                                    0x08008be8   Section        0  _rserrno.o(.text)
    .text                                    0x08008bfe   Section        0  _printf_intcommon.o(.text)
    .text                                    0x08008cb0   Section        0  _printf_char.o(.text)
    .text                                    0x08008cdc   Section        0  _printf_char_file.o(.text)
    .text                                    0x08008d00   Section        8  rt_errno_addr_intlibspace.o(.text)
    .text                                    0x08008d08   Section        0  _printf_char_common.o(.text)
    _printf_input_char                       0x08008d09   Thumb Code    10  _printf_char_common.o(.text)
    .text                                    0x08008d38   Section        0  ferror.o(.text)
    .text                                    0x08008d40   Section        8  libspace.o(.text)
    .text                                    0x08008d48   Section       74  sys_stackheap_outer.o(.text)
    .text                                    0x08008d92   Section        0  exit.o(.text)
    i.sqrt                                   0x08008da4   Section        0  sqrt.o(i.sqrt)
    x$fpl$dadd                               0x08008df0   Section      336  daddsub_clz.o(x$fpl$dadd)
    _dadd1                                   0x08008e01   Thumb Code     0  daddsub_clz.o(x$fpl$dadd)
    x$fpl$dcmpinf                            0x08008f40   Section       24  dcmpi.o(x$fpl$dcmpinf)
    x$fpl$dfixu                              0x08008f58   Section       90  dfixu.o(x$fpl$dfixu)
    x$fpl$dflt                               0x08008fb2   Section       46  dflt_clz.o(x$fpl$dflt)
    x$fpl$dfltu                              0x08008fe0   Section       38  dflt_clz.o(x$fpl$dfltu)
    x$fpl$dleqf                              0x08009008   Section      120  dleqf.o(x$fpl$dleqf)
    x$fpl$dmul                               0x08009080   Section      340  dmul.o(x$fpl$dmul)
    x$fpl$dnaninf                            0x080091d4   Section      156  dnaninf.o(x$fpl$dnaninf)
    x$fpl$dretinf                            0x08009270   Section       12  dretinf.o(x$fpl$dretinf)
    x$fpl$drleqf                             0x0800927c   Section      108  drleqf.o(x$fpl$drleqf)
    x$fpl$drsb                               0x080092e8   Section       22  daddsub_clz.o(x$fpl$drsb)
    x$fpl$dsqrt                              0x08009300   Section      460  dsqrt_noumaal.o(x$fpl$dsqrt)
    x$fpl$dsub                               0x080094cc   Section      468  daddsub_clz.o(x$fpl$dsub)
    _dsub1                                   0x080094dd   Thumb Code     0  daddsub_clz.o(x$fpl$dsub)
    x$fpl$f2d                                0x080096a0   Section       86  f2d.o(x$fpl$f2d)
    x$fpl$fadd                               0x080096f8   Section      196  faddsub_clz.o(x$fpl$fadd)
    _fadd1                                   0x08009707   Thumb Code     0  faddsub_clz.o(x$fpl$fadd)
    x$fpl$fdiv                               0x080097bc   Section      388  fdiv.o(x$fpl$fdiv)
    _fdiv1                                   0x080097bd   Thumb Code     0  fdiv.o(x$fpl$fdiv)
    x$fpl$ffix                               0x08009940   Section       54  ffix.o(x$fpl$ffix)
    x$fpl$ffixu                              0x08009978   Section       62  ffixu.o(x$fpl$ffixu)
    x$fpl$fflt                               0x080099b8   Section       48  fflt_clz.o(x$fpl$fflt)
    x$fpl$ffltu                              0x080099e8   Section       38  fflt_clz.o(x$fpl$ffltu)
    x$fpl$fmul                               0x08009a10   Section      258  fmul.o(x$fpl$fmul)
    x$fpl$fnaninf                            0x08009b12   Section      140  fnaninf.o(x$fpl$fnaninf)
    x$fpl$fretinf                            0x08009b9e   Section       10  fretinf.o(x$fpl$fretinf)
    x$fpl$fsub                               0x08009ba8   Section      234  faddsub_clz.o(x$fpl$fsub)
    _fsub1                                   0x08009bb7   Thumb Code     0  faddsub_clz.o(x$fpl$fsub)
    .constdata                               0x08009c92   Section       10  main.o(.constdata)
    x$fpl$usenofp                            0x08009c92   Section        0  usenofp.o(x$fpl$usenofp)
    .constdata                               0x08009c9c   Section     6080  lcd.o(.constdata)
    .constdata                               0x0800b45c   Section        4  touch.o(.constdata)
    .constdata                               0x0800b460   Section       10  ott2001a.o(.constdata)
    .constdata                               0x0800b46a   Section       10  ft5206.o(.constdata)
    .constdata                               0x0800b474   Section      194  gt9147.o(.constdata)
    .constdata                               0x0800b536   Section       40  _printf_hex_int.o(.constdata)
    uc_hextab                                0x0800b536   Data          20  _printf_hex_int.o(.constdata)
    lc_hextab                                0x0800b54a   Data          20  _printf_hex_int.o(.constdata)
    .conststring                             0x0800b560   Section      121  touch.o(.conststring)
    .data                                    0x20000000   Section       20  system_stm32f10x.o(.data)
    .data                                    0x20000014   Section        1  key.o(.data)
    key_up                                   0x20000014   Data           1  key.o(.data)
    .data                                    0x20000016   Section        4  lcd.o(.data)
    .data                                    0x2000001c   Section       54  touch.o(.data)
    .data                                    0x20000052   Section        1  ott2001a.o(.data)
    t                                        0x20000052   Data           1  ott2001a.o(.data)
    .data                                    0x20000053   Section        1  ft5206.o(.data)
    t                                        0x20000053   Data           1  ft5206.o(.data)
    .data                                    0x20000054   Section        1  gt9147.o(.data)
    t                                        0x20000054   Data           1  gt9147.o(.data)
    .data                                    0x20000056   Section        4  delay.o(.data)
    fac_us                                   0x20000056   Data           1  delay.o(.data)
    fac_ms                                   0x20000058   Data           2  delay.o(.data)
    .data                                    0x2000005c   Section        6  usart.o(.data)
    .data                                    0x20000062   Section       20  stm32f10x_rcc.o(.data)
    APBAHBPrescTable                         0x20000062   Data          16  stm32f10x_rcc.o(.data)
    ADCPrescTable                            0x20000072   Data           4  stm32f10x_rcc.o(.data)
    .bss                                     0x20000078   Section       14  lcd.o(.bss)
    .bss                                     0x20000086   Section      200  usart.o(.bss)
    .bss                                     0x20000150   Section       96  libspace.o(.bss)
    HEAP                                     0x200001b0   Section      512  startup_stm32f10x_hd.o(HEAP)
    Heap_Mem                                 0x200001b0   Data         512  startup_stm32f10x_hd.o(HEAP)
    STACK                                    0x200003b0   Section     1024  startup_stm32f10x_hd.o(STACK)
    Stack_Mem                                0x200003b0   Data        1024  startup_stm32f10x_hd.o(STACK)
    __initial_sp                             0x200007b0   Data           0  startup_stm32f10x_hd.o(STACK)

    Global Symbols

    Symbol Name                              Value     Ov Type        Size  Object(Section)

    BuildAttributes$$THM_ISAv4$P$D$K$B$S$PE$A:L22UL41UL21$X:L11$S22US41US21$IEEE1$IW$USESV6$~STKCKD$USESV7$~SHL$OTIME$ROPI$IEEEJ$EBA8$UX$STANDARDLIB$REQ8$PRES8$EABIv2 0x00000000   Number         0  anon$$obj.o ABSOLUTE
    __ARM_use_no_argv                        0x00000000   Number         0  main.o ABSOLUTE
    __ARM_exceptions_init                     - Undefined Weak Reference
    __alloca_initialize                       - Undefined Weak Reference
    __arm_preinit_                            - Undefined Weak Reference
    __cpp_initialize__aeabi_                  - Undefined Weak Reference
    __cxa_finalize                            - Undefined Weak Reference
    __rt_locale                               - Undefined Weak Reference
    __sigvec_lookup                           - Undefined Weak Reference
    _atexit_init                              - Undefined Weak Reference
    _call_atexit_fns                          - Undefined Weak Reference
    _clock_init                               - Undefined Weak Reference
    _fp_trap_init                             - Undefined Weak Reference
    _fp_trap_shutdown                         - Undefined Weak Reference
    _get_lc_collate                           - Undefined Weak Reference
    _get_lc_ctype                             - Undefined Weak Reference
    _get_lc_monetary                          - Undefined Weak Reference
    _get_lc_numeric                           - Undefined Weak Reference
    _get_lc_time                              - Undefined Weak Reference
    _getenv_init                              - Undefined Weak Reference
    _handle_redirection                       - Undefined Weak Reference
    _init_alloc                               - Undefined Weak Reference
    _init_user_alloc                          - Undefined Weak Reference
    _initio                                   - Undefined Weak Reference
    _mutex_acquire                            - Undefined Weak Reference
    _mutex_release                            - Undefined Weak Reference
    _printf_mbtowc                            - Undefined Weak Reference
    _printf_post_padding                      - Undefined Weak Reference
    _printf_pre_padding                       - Undefined Weak Reference
    _printf_truncate_signed                   - Undefined Weak Reference
    _printf_truncate_unsigned                 - Undefined Weak Reference
    _rand_init                                - Undefined Weak Reference
    _signal_finish                            - Undefined Weak Reference
    _signal_init                              - Undefined Weak Reference
    _terminate_alloc                          - Undefined Weak Reference
    _terminate_user_alloc                     - Undefined Weak Reference
    _terminateio                              - Undefined Weak Reference
    __Vectors_Size                           0x00000130   Number         0  startup_stm32f10x_hd.o ABSOLUTE
    __Vectors                                0x08000000   Data           4  startup_stm32f10x_hd.o(RESET)
    __Vectors_End                            0x08000130   Data           0  startup_stm32f10x_hd.o(RESET)
    __main                                   0x08000131   Thumb Code     8  __main.o(!!!main)
    __scatterload                            0x08000139   Thumb Code     0  __scatter.o(!!!scatter)
    __scatterload_rt2                        0x08000139   Thumb Code    44  __scatter.o(!!!scatter)
    __scatterload_rt2_thumb_only             0x08000139   Thumb Code     0  __scatter.o(!!!scatter)
    __scatterload_null                       0x08000147   Thumb Code     0  __scatter.o(!!!scatter)
    __scatterload_copy                       0x0800016d   Thumb Code    26  __scatter_copy.o(!!handler_copy)
    __scatterload_zeroinit                   0x08000189   Thumb Code    28  __scatter_zi.o(!!handler_zi)
    _printf_d                                0x080001a5   Thumb Code     0  _printf_d.o(.ARM.Collect$$_printf_percent$$00000009)
    _printf_percent                          0x080001a5   Thumb Code     0  _printf_percent.o(.ARM.Collect$$_printf_percent$$00000000)
    _printf_x                                0x080001ab   Thumb Code     0  _printf_x.o(.ARM.Collect$$_printf_percent$$0000000C)
    _printf_s                                0x080001b1   Thumb Code     0  _printf_s.o(.ARM.Collect$$_printf_percent$$00000014)
    _printf_percent_end                      0x080001b7   Thumb Code     0  _printf_percent_end.o(.ARM.Collect$$_printf_percent$$00000017)
    __rt_lib_init                            0x080001bb   Thumb Code     0  libinit.o(.ARM.Collect$$libinit$$00000000)
    __rt_lib_init_alloca_1                   0x080001bd   Thumb Code     0  libinit2.o(.ARM.Collect$$libinit$$0000002E)
    __rt_lib_init_argv_1                     0x080001bd   Thumb Code     0  libinit2.o(.ARM.Collect$$libinit$$0000002C)
    __rt_lib_init_atexit_1                   0x080001bd   Thumb Code     0  libinit2.o(.ARM.Collect$$libinit$$0000001B)
    __rt_lib_init_clock_1                    0x080001bd   Thumb Code     0  libinit2.o(.ARM.Collect$$libinit$$00000021)
    __rt_lib_init_cpp_1                      0x080001bd   Thumb Code     0  libinit2.o(.ARM.Collect$$libinit$$00000032)
    __rt_lib_init_exceptions_1               0x080001bd   Thumb Code     0  libinit2.o(.ARM.Collect$$libinit$$00000030)
    __rt_lib_init_fp_1                       0x080001bd   Thumb Code     0  libinit2.o(.ARM.Collect$$libinit$$00000002)
    __rt_lib_init_fp_trap_1                  0x080001bd   Thumb Code     0  libinit2.o(.ARM.Collect$$libinit$$0000001F)
    __rt_lib_init_getenv_1                   0x080001bd   Thumb Code     0  libinit2.o(.ARM.Collect$$libinit$$00000023)
    __rt_lib_init_heap_1                     0x080001bd   Thumb Code     0  libinit2.o(.ARM.Collect$$libinit$$0000000A)
    __rt_lib_init_lc_collate_1               0x080001bd   Thumb Code     0  libinit2.o(.ARM.Collect$$libinit$$00000011)
    __rt_lib_init_lc_ctype_1                 0x080001bd   Thumb Code     0  libinit2.o(.ARM.Collect$$libinit$$00000013)
    __rt_lib_init_lc_monetary_1              0x080001bd   Thumb Code     0  libinit2.o(.ARM.Collect$$libinit$$00000015)
    __rt_lib_init_lc_numeric_1               0x080001bd   Thumb Code     0  libinit2.o(.ARM.Collect$$libinit$$00000017)
    __rt_lib_init_lc_time_1                  0x080001bd   Thumb Code     0  libinit2.o(.ARM.Collect$$libinit$$00000019)
    __rt_lib_init_preinit_1                  0x080001bd   Thumb Code     0  libinit2.o(.ARM.Collect$$libinit$$00000004)
    __rt_lib_init_rand_1                     0x080001bd   Thumb Code     0  libinit2.o(.ARM.Collect$$libinit$$0000000E)
    __rt_lib_init_return                     0x080001bd   Thumb Code     0  libinit2.o(.ARM.Collect$$libinit$$00000033)
    __rt_lib_init_signal_1                   0x080001bd   Thumb Code     0  libinit2.o(.ARM.Collect$$libinit$$0000001D)
    __rt_lib_init_stdio_1                    0x080001bd   Thumb Code     0  libinit2.o(.ARM.Collect$$libinit$$00000025)
    __rt_lib_init_user_alloc_1               0x080001bd   Thumb Code     0  libinit2.o(.ARM.Collect$$libinit$$0000000C)
    __rt_lib_shutdown                        0x080001bf   Thumb Code     0  libshutdown.o(.ARM.Collect$$libshutdown$$00000000)
    __rt_lib_shutdown_cpp_1                  0x080001c1   Thumb Code     0  libshutdown2.o(.ARM.Collect$$libshutdown$$00000002)
    __rt_lib_shutdown_fp_trap_1              0x080001c1   Thumb Code     0  libshutdown2.o(.ARM.Collect$$libshutdown$$00000007)
    __rt_lib_shutdown_heap_1                 0x080001c1   Thumb Code     0  libshutdown2.o(.ARM.Collect$$libshutdown$$0000000F)
    __rt_lib_shutdown_return                 0x080001c1   Thumb Code     0  libshutdown2.o(.ARM.Collect$$libshutdown$$00000010)
    __rt_lib_shutdown_signal_1               0x080001c1   Thumb Code     0  libshutdown2.o(.ARM.Collect$$libshutdown$$0000000A)
    __rt_lib_shutdown_stdio_1                0x080001c1   Thumb Code     0  libshutdown2.o(.ARM.Collect$$libshutdown$$00000004)
    __rt_lib_shutdown_user_alloc_1           0x080001c1   Thumb Code     0  libshutdown2.o(.ARM.Collect$$libshutdown$$0000000C)
    __rt_entry                               0x080001c3   Thumb Code     0  __rtentry.o(.ARM.Collect$$rtentry$$00000000)
    __rt_entry_presh_1                       0x080001c3   Thumb Code     0  __rtentry2.o(.ARM.Collect$$rtentry$$00000002)
    __rt_entry_sh                            0x080001c3   Thumb Code     0  __rtentry4.o(.ARM.Collect$$rtentry$$00000004)
    __rt_entry_li                            0x080001c9   Thumb Code     0  __rtentry2.o(.ARM.Collect$$rtentry$$0000000A)
    __rt_entry_postsh_1                      0x080001c9   Thumb Code     0  __rtentry2.o(.ARM.Collect$$rtentry$$00000009)
    __rt_entry_main                          0x080001cd   Thumb Code     0  __rtentry2.o(.ARM.Collect$$rtentry$$0000000D)
    __rt_entry_postli_1                      0x080001cd   Thumb Code     0  __rtentry2.o(.ARM.Collect$$rtentry$$0000000C)
    __rt_exit                                0x080001d5   Thumb Code     0  rtexit.o(.ARM.Collect$$rtexit$$00000000)
    __rt_exit_ls                             0x080001d7   Thumb Code     0  rtexit2.o(.ARM.Collect$$rtexit$$00000003)
    __rt_exit_prels_1                        0x080001d7   Thumb Code     0  rtexit2.o(.ARM.Collect$$rtexit$$00000002)
    __rt_exit_exit                           0x080001db   Thumb Code     0  rtexit2.o(.ARM.Collect$$rtexit$$00000004)
    Load_Drow_Dialog                         0x080001e1   Thumb Code    52  main.o(.text)
    gui_draw_hline                           0x08000215   Thumb Code    36  main.o(.text)
    gui_fill_circle                          0x08000239   Thumb Code   176  main.o(.text)
    my_abs                                   0x080002e9   Thumb Code    18  main.o(.text)
    lcd_draw_bline                           0x080002fb   Thumb Code   212  main.o(.text)
    rtp_test                                 0x080003cf   Thumb Code   160  main.o(.text)
    ctp_test                                 0x0800046f   Thumb Code   264  main.o(.text)
    main                                     0x08000577   Thumb Code   280  main.o(.text)
    NMI_Handler                              0x080006b9   Thumb Code     2  stm32f10x_it.o(.text)
    HardFault_Handler                        0x080006bb   Thumb Code     4  stm32f10x_it.o(.text)
    MemManage_Handler                        0x080006bf   Thumb Code     4  stm32f10x_it.o(.text)
    BusFault_Handler                         0x080006c3   Thumb Code     4  stm32f10x_it.o(.text)
    UsageFault_Handler                       0x080006c7   Thumb Code     4  stm32f10x_it.o(.text)
    SVC_Handler                              0x080006cb   Thumb Code     2  stm32f10x_it.o(.text)
    DebugMon_Handler                         0x080006cd   Thumb Code     2  stm32f10x_it.o(.text)
    PendSV_Handler                           0x080006cf   Thumb Code     2  stm32f10x_it.o(.text)
    SysTick_Handler                          0x080006d1   Thumb Code     2  stm32f10x_it.o(.text)
    SystemInit                               0x080007b3   Thumb Code    78  system_stm32f10x.o(.text)
    SystemCoreClockUpdate                    0x08000801   Thumb Code   142  system_stm32f10x.o(.text)
    LED_Init                                 0x080008b5   Thumb Code    68  led.o(.text)
    KEY_Init                                 0x08000901   Thumb Code    52  key.o(.text)
    KEY_Scan                                 0x08000935   Thumb Code   188  key.o(.text)
    LCD_WR_REG                               0x080009fd   Thumb Code     6  lcd.o(.text)
    LCD_WR_DATA                              0x08000a03   Thumb Code     8  lcd.o(.text)
    LCD_RD_DATA                              0x08000a0b   Thumb Code    16  lcd.o(.text)
    LCD_WriteReg                             0x08000a1b   Thumb Code    10  lcd.o(.text)
    LCD_ReadReg                              0x08000a25   Thumb Code    22  lcd.o(.text)
    LCD_WriteRAM_Prepare                     0x08000a3b   Thumb Code    10  lcd.o(.text)
    LCD_WriteRAM                             0x08000a45   Thumb Code     8  lcd.o(.text)
    LCD_BGR2RGB                              0x08000a4d   Thumb Code    26  lcd.o(.text)
    opt_delay                                0x08000a67   Thumb Code    14  lcd.o(.text)
    LCD_SetCursor                            0x08000a75   Thumb Code   418  lcd.o(.text)
    LCD_ReadPoint                            0x08000c17   Thumb Code   360  lcd.o(.text)
    LCD_DisplayOn                            0x08000d7f   Thumb Code   102  lcd.o(.text)
    LCD_DisplayOff                           0x08000de5   Thumb Code    90  lcd.o(.text)
    LCD_Scan_Dir                             0x08000e3f   Thumb Code   744  lcd.o(.text)
    LCD_DrawPoint                            0x08001127   Thumb Code    28  lcd.o(.text)
    LCD_Fast_DrawPoint                       0x08001143   Thumb Code   384  lcd.o(.text)
    LCD_SSD_BackLightSet                     0x080012c3   Thumb Code    80  lcd.o(.text)
    LCD_Display_Dir                          0x08001313   Thumb Code   444  lcd.o(.text)
    LCD_Set_Window                           0x080014cf   Thumb Code   540  lcd.o(.text)
    LCD_Clear                                0x080016eb   Thumb Code   100  lcd.o(.text)
    LCD_Init                                 0x0800174f   Thumb Code 14190  lcd.o(.text)
    LCD_Fill                                 0x08004ebd   Thumb Code   178  lcd.o(.text)
    LCD_Color_Fill                           0x08004f6f   Thumb Code   106  lcd.o(.text)
    LCD_DrawLine                             0x08004fd9   Thumb Code   176  lcd.o(.text)
    LCD_DrawRectangle                        0x08005089   Thumb Code    60  lcd.o(.text)
    LCD_Draw_Circle                          0x080050c5   Thumb Code   152  lcd.o(.text)
    LCD_ShowChar                             0x0800515d   Thumb Code   272  lcd.o(.text)
    LCD_Pow                                  0x0800526d   Thumb Code    22  lcd.o(.text)
    LCD_ShowNum                              0x08005283   Thumb Code   148  lcd.o(.text)
    LCD_ShowxNum                             0x08005317   Thumb Code   220  lcd.o(.text)
    LCD_ShowString                           0x080053f3   Thumb Code   102  lcd.o(.text)
    IIC_Init                                 0x08005459   Thumb Code    46  myiic.o(.text)
    IIC_Start                                0x08005487   Thumb Code    64  myiic.o(.text)
    IIC_Stop                                 0x080054c7   Thumb Code    66  myiic.o(.text)
    IIC_Wait_Ack                             0x08005509   Thumb Code    86  myiic.o(.text)
    IIC_Ack                                  0x0800555f   Thumb Code    70  myiic.o(.text)
    IIC_NAck                                 0x080055a5   Thumb Code    70  myiic.o(.text)
    IIC_Send_Byte                            0x080055eb   Thumb Code   104  myiic.o(.text)
    IIC_Read_Byte                            0x08005653   Thumb Code   100  myiic.o(.text)
    AT24CXX_Init                             0x080056c5   Thumb Code     8  24cxx.o(.text)
    AT24CXX_ReadOneByte                      0x080056cd   Thumb Code    88  24cxx.o(.text)
    AT24CXX_WriteOneByte                     0x08005725   Thumb Code    80  24cxx.o(.text)
    AT24CXX_WriteLenByte                     0x08005775   Thumb Code    42  24cxx.o(.text)
    AT24CXX_ReadLenByte                      0x0800579f   Thumb Code    44  24cxx.o(.text)
    AT24CXX_Check                            0x080057cb   Thumb Code    46  24cxx.o(.text)
    AT24CXX_Read                             0x080057f9   Thumb Code    34  24cxx.o(.text)
    AT24CXX_Write                            0x0800581b   Thumb Code    36  24cxx.o(.text)
    TP_Write_Byte                            0x08005841   Thumb Code    64  touch.o(.text)
    TP_Read_AD                               0x08005881   Thumb Code   136  touch.o(.text)
    TP_Read_XOY                              0x08005909   Thumb Code   120  touch.o(.text)
    TP_Read_XY                               0x08005981   Thumb Code    38  touch.o(.text)
    TP_Read_XY2                              0x080059a7   Thumb Code   192  touch.o(.text)
    TP_Drow_Touch_Point                      0x08005a67   Thumb Code   108  touch.o(.text)
    TP_Draw_Big_Point                        0x08005ad3   Thumb Code    54  touch.o(.text)
    TP_Scan                                  0x08005b09   Thumb Code   264  touch.o(.text)
    TP_Save_Adjdata                          0x08005c11   Thumb Code    24  touch.o(.text)
    TP_Get_Adjdata                           0x08005c29   Thumb Code   104  touch.o(.text)
    TP_Adj_Info_Show                         0x08005c91   Thumb Code   374  touch.o(.text)
    TP_Adjust                                0x08005e07   Thumb Code  2128  touch.o(.text)
    TP_Init                                  0x08006657   Thumb Code   330  touch.o(.text)
    CT_Delay                                 0x080067f5   Thumb Code    10  ctiic.o(.text)
    CT_IIC_Init                              0x080067ff   Thumb Code    72  ctiic.o(.text)
    CT_IIC_Start                             0x08006847   Thumb Code    66  ctiic.o(.text)
    CT_IIC_Stop                              0x08006889   Thumb Code    60  ctiic.o(.text)
    CT_IIC_Wait_Ack                          0x080068c5   Thumb Code    86  ctiic.o(.text)
    CT_IIC_Ack                               0x0800691b   Thumb Code    70  ctiic.o(.text)
    CT_IIC_NAck                              0x08006961   Thumb Code    70  ctiic.o(.text)
    CT_IIC_Send_Byte                         0x080069a7   Thumb Code    86  ctiic.o(.text)
    CT_IIC_Read_Byte                         0x080069fd   Thumb Code   100  ctiic.o(.text)
    OTT2001A_WR_Reg                          0x08006a79   Thumb Code    92  ott2001a.o(.text)
    OTT2001A_RD_Reg                          0x08006ad5   Thumb Code    98  ott2001a.o(.text)
    OTT2001A_SensorControl                   0x08006b37   Thumb Code    28  ott2001a.o(.text)
    OTT2001A_Init                            0x08006b53   Thumb Code   156  ott2001a.o(.text)
    OTT2001A_Scan                            0x08006bef   Thumb Code   446  ott2001a.o(.text)
    FT5206_WR_Reg                            0x08006de5   Thumb Code    82  ft5206.o(.text)
    FT5206_RD_Reg                            0x08006e37   Thumb Code    88  ft5206.o(.text)
    FT5206_Init                              0x08006e8f   Thumb Code   216  ft5206.o(.text)
    FT5206_Scan                              0x08006f67   Thumb Code   400  ft5206.o(.text)
    GT9147_WR_Reg                            0x0800711d   Thumb Code    92  gt9147.o(.text)
    GT9147_Send_Cfg                          0x08007179   Thumb Code    86  gt9147.o(.text)
    GT9147_RD_Reg                            0x080071cf   Thumb Code    98  gt9147.o(.text)
    GT9147_Init                              0x08007231   Thumb Code   268  gt9147.o(.text)
    GT9147_Scan                              0x0800733d   Thumb Code   494  gt9147.o(.text)
    delay_init                               0x08007575   Thumb Code    50  delay.o(.text)
    delay_us                                 0x080075a7   Thumb Code    72  delay.o(.text)
    delay_ms                                 0x080075ef   Thumb Code    72  delay.o(.text)
    _sys_exit                                0x08007649   Thumb Code     6  usart.o(.text)
    fputc                                    0x0800764f   Thumb Code    24  usart.o(.text)
    uart_init                                0x08007667   Thumb Code   152  usart.o(.text)
    USART1_IRQHandler                        0x080076ff   Thumb Code   122  usart.o(.text)
    Reset_Handler                            0x08007789   Thumb Code     8  startup_stm32f10x_hd.o(.text)
    ADC1_2_IRQHandler                        0x080077a3   Thumb Code     0  startup_stm32f10x_hd.o(.text)
    ADC3_IRQHandler                          0x080077a3   Thumb Code     0  startup_stm32f10x_hd.o(.text)
    CAN1_RX1_IRQHandler                      0x080077a3   Thumb Code     0  startup_stm32f10x_hd.o(.text)
    CAN1_SCE_IRQHandler                      0x080077a3   Thumb Code     0  startup_stm32f10x_hd.o(.text)
    DMA1_Channel1_IRQHandler                 0x080077a3   Thumb Code     0  startup_stm32f10x_hd.o(.text)
    DMA1_Channel2_IRQHandler                 0x080077a3   Thumb Code     0  startup_stm32f10x_hd.o(.text)
    DMA1_Channel3_IRQHandler                 0x080077a3   Thumb Code     0  startup_stm32f10x_hd.o(.text)
    DMA1_Channel4_IRQHandler                 0x080077a3   Thumb Code     0  startup_stm32f10x_hd.o(.text)
    DMA1_Channel5_IRQHandler                 0x080077a3   Thumb Code     0  startup_stm32f10x_hd.o(.text)
    DMA1_Channel6_IRQHandler                 0x080077a3   Thumb Code     0  startup_stm32f10x_hd.o(.text)
    DMA1_Channel7_IRQHandler                 0x080077a3   Thumb Code     0  startup_stm32f10x_hd.o(.text)
    DMA2_Channel1_IRQHandler                 0x080077a3   Thumb Code     0  startup_stm32f10x_hd.o(.text)
    DMA2_Channel2_IRQHandler                 0x080077a3   Thumb Code     0  startup_stm32f10x_hd.o(.text)
    DMA2_Channel3_IRQHandler                 0x080077a3   Thumb Code     0  startup_stm32f10x_hd.o(.text)
    DMA2_Channel4_5_IRQHandler               0x080077a3   Thumb Code     0  startup_stm32f10x_hd.o(.text)
    EXTI0_IRQHandler                         0x080077a3   Thumb Code     0  startup_stm32f10x_hd.o(.text)
    EXTI15_10_IRQHandler                     0x080077a3   Thumb Code     0  startup_stm32f10x_hd.o(.text)
    EXTI1_IRQHandler                         0x080077a3   Thumb Code     0  startup_stm32f10x_hd.o(.text)
    EXTI2_IRQHandler                         0x080077a3   Thumb Code     0  startup_stm32f10x_hd.o(.text)
    EXTI3_IRQHandler                         0x080077a3   Thumb Code     0  startup_stm32f10x_hd.o(.text)
    EXTI4_IRQHandler                         0x080077a3   Thumb Code     0  startup_stm32f10x_hd.o(.text)
    EXTI9_5_IRQHandler                       0x080077a3   Thumb Code     0  startup_stm32f10x_hd.o(.text)
    FLASH_IRQHandler                         0x080077a3   Thumb Code     0  startup_stm32f10x_hd.o(.text)
    FSMC_IRQHandler                          0x080077a3   Thumb Code     0  startup_stm32f10x_hd.o(.text)
    I2C1_ER_IRQHandler                       0x080077a3   Thumb Code     0  startup_stm32f10x_hd.o(.text)
    I2C1_EV_IRQHandler                       0x080077a3   Thumb Code     0  startup_stm32f10x_hd.o(.text)
    I2C2_ER_IRQHandler                       0x080077a3   Thumb Code     0  startup_stm32f10x_hd.o(.text)
    I2C2_EV_IRQHandler                       0x080077a3   Thumb Code     0  startup_stm32f10x_hd.o(.text)
    PVD_IRQHandler                           0x080077a3   Thumb Code     0  startup_stm32f10x_hd.o(.text)
    RCC_IRQHandler                           0x080077a3   Thumb Code     0  startup_stm32f10x_hd.o(.text)
    RTCAlarm_IRQHandler                      0x080077a3   Thumb Code     0  startup_stm32f10x_hd.o(.text)
    RTC_IRQHandler                           0x080077a3   Thumb Code     0  startup_stm32f10x_hd.o(.text)
    SDIO_IRQHandler                          0x080077a3   Thumb Code     0  startup_stm32f10x_hd.o(.text)
    SPI1_IRQHandler                          0x080077a3   Thumb Code     0  startup_stm32f10x_hd.o(.text)
    SPI2_IRQHandler                          0x080077a3   Thumb Code     0  startup_stm32f10x_hd.o(.text)
    SPI3_IRQHandler                          0x080077a3   Thumb Code     0  startup_stm32f10x_hd.o(.text)
    TAMPER_IRQHandler                        0x080077a3   Thumb Code     0  startup_stm32f10x_hd.o(.text)
    TIM1_BRK_IRQHandler                      0x080077a3   Thumb Code     0  startup_stm32f10x_hd.o(.text)
    TIM1_CC_IRQHandler                       0x080077a3   Thumb Code     0  startup_stm32f10x_hd.o(.text)
    TIM1_TRG_COM_IRQHandler                  0x080077a3   Thumb Code     0  startup_stm32f10x_hd.o(.text)
    TIM1_UP_IRQHandler                       0x080077a3   Thumb Code     0  startup_stm32f10x_hd.o(.text)
    TIM2_IRQHandler                          0x080077a3   Thumb Code     0  startup_stm32f10x_hd.o(.text)
    TIM3_IRQHandler                          0x080077a3   Thumb Code     0  startup_stm32f10x_hd.o(.text)
    TIM4_IRQHandler                          0x080077a3   Thumb Code     0  startup_stm32f10x_hd.o(.text)
    TIM5_IRQHandler                          0x080077a3   Thumb Code     0  startup_stm32f10x_hd.o(.text)
    TIM6_IRQHandler                          0x080077a3   Thumb Code     0  startup_stm32f10x_hd.o(.text)
    TIM7_IRQHandler                          0x080077a3   Thumb Code     0  startup_stm32f10x_hd.o(.text)
    TIM8_BRK_IRQHandler                      0x080077a3   Thumb Code     0  startup_stm32f10x_hd.o(.text)
    TIM8_CC_IRQHandler                       0x080077a3   Thumb Code     0  startup_stm32f10x_hd.o(.text)
    TIM8_TRG_COM_IRQHandler                  0x080077a3   Thumb Code     0  startup_stm32f10x_hd.o(.text)
    TIM8_UP_IRQHandler                       0x080077a3   Thumb Code     0  startup_stm32f10x_hd.o(.text)
    UART4_IRQHandler                         0x080077a3   Thumb Code     0  startup_stm32f10x_hd.o(.text)
    UART5_IRQHandler                         0x080077a3   Thumb Code     0  startup_stm32f10x_hd.o(.text)
    USART2_IRQHandler                        0x080077a3   Thumb Code     0  startup_stm32f10x_hd.o(.text)
    USART3_IRQHandler                        0x080077a3   Thumb Code     0  startup_stm32f10x_hd.o(.text)
    USBWakeUp_IRQHandler                     0x080077a3   Thumb Code     0  startup_stm32f10x_hd.o(.text)
    USB_HP_CAN1_TX_IRQHandler                0x080077a3   Thumb Code     0  startup_stm32f10x_hd.o(.text)
    USB_LP_CAN1_RX0_IRQHandler               0x080077a3   Thumb Code     0  startup_stm32f10x_hd.o(.text)
    WWDG_IRQHandler                          0x080077a3   Thumb Code     0  startup_stm32f10x_hd.o(.text)
    __user_initial_stackheap                 0x080077a5   Thumb Code     0  startup_stm32f10x_hd.o(.text)
    NVIC_PriorityGroupConfig                 0x080077c9   Thumb Code    10  misc.o(.text)
    NVIC_Init                                0x080077d3   Thumb Code   100  misc.o(.text)
    NVIC_SetVectorTable                      0x08007837   Thumb Code    14  misc.o(.text)
    NVIC_SystemLPConfig                      0x08007845   Thumb Code    34  misc.o(.text)
    SysTick_CLKSourceConfig                  0x08007867   Thumb Code    40  misc.o(.text)
    FSMC_NORSRAMDeInit                       0x080078a5   Thumb Code    54  stm32f10x_fsmc.o(.text)
    FSMC_NANDDeInit                          0x080078db   Thumb Code    62  stm32f10x_fsmc.o(.text)
    FSMC_PCCARDDeInit                        0x08007919   Thumb Code    36  stm32f10x_fsmc.o(.text)
    FSMC_NORSRAMInit                         0x0800793d   Thumb Code   230  stm32f10x_fsmc.o(.text)
    FSMC_NANDInit                            0x08007a23   Thumb Code   132  stm32f10x_fsmc.o(.text)
    FSMC_PCCARDInit                          0x08007aa7   Thumb Code   130  stm32f10x_fsmc.o(.text)
    FSMC_NORSRAMStructInit                   0x08007b29   Thumb Code   114  stm32f10x_fsmc.o(.text)
    FSMC_NANDStructInit                      0x08007b9b   Thumb Code    54  stm32f10x_fsmc.o(.text)
    FSMC_PCCARDStructInit                    0x08007bd1   Thumb Code    60  stm32f10x_fsmc.o(.text)
    FSMC_NORSRAMCmd                          0x08007c0d   Thumb Code    46  stm32f10x_fsmc.o(.text)
    FSMC_NANDCmd                             0x08007c3b   Thumb Code    86  stm32f10x_fsmc.o(.text)
    FSMC_PCCARDCmd                           0x08007c91   Thumb Code    44  stm32f10x_fsmc.o(.text)
    FSMC_NANDECCCmd                          0x08007cbd   Thumb Code    90  stm32f10x_fsmc.o(.text)
    FSMC_GetECC                              0x08007d17   Thumb Code    24  stm32f10x_fsmc.o(.text)
    FSMC_ITConfig                            0x08007d2f   Thumb Code   128  stm32f10x_fsmc.o(.text)
    FSMC_GetFlagStatus                       0x08007daf   Thumb Code    54  stm32f10x_fsmc.o(.text)
    FSMC_ClearFlag                           0x08007de5   Thumb Code    62  stm32f10x_fsmc.o(.text)
    FSMC_GetITStatus                         0x08007e23   Thumb Code    64  stm32f10x_fsmc.o(.text)
    FSMC_ClearITPendingBit                   0x08007e63   Thumb Code    68  stm32f10x_fsmc.o(.text)
    GPIO_DeInit                              0x08007eb1   Thumb Code   172  stm32f10x_gpio.o(.text)
    GPIO_AFIODeInit                          0x08007f5d   Thumb Code    20  stm32f10x_gpio.o(.text)
    GPIO_Init                                0x08007f71   Thumb Code   278  stm32f10x_gpio.o(.text)
    GPIO_StructInit                          0x08008087   Thumb Code    16  stm32f10x_gpio.o(.text)
    GPIO_ReadInputDataBit                    0x08008097   Thumb Code    18  stm32f10x_gpio.o(.text)
    GPIO_ReadInputData                       0x080080a9   Thumb Code     8  stm32f10x_gpio.o(.text)
    GPIO_ReadOutputDataBit                   0x080080b1   Thumb Code    18  stm32f10x_gpio.o(.text)
    GPIO_ReadOutputData                      0x080080c3   Thumb Code     8  stm32f10x_gpio.o(.text)
    GPIO_SetBits                             0x080080cb   Thumb Code     4  stm32f10x_gpio.o(.text)
    GPIO_ResetBits                           0x080080cf   Thumb Code     4  stm32f10x_gpio.o(.text)
    GPIO_WriteBit                            0x080080d3   Thumb Code    10  stm32f10x_gpio.o(.text)
    GPIO_Write                               0x080080dd   Thumb Code     4  stm32f10x_gpio.o(.text)
    GPIO_PinLockConfig                       0x080080e1   Thumb Code    18  stm32f10x_gpio.o(.text)
    GPIO_EventOutputConfig                   0x080080f3   Thumb Code    26  stm32f10x_gpio.o(.text)
    GPIO_EventOutputCmd                      0x0800810d   Thumb Code     6  stm32f10x_gpio.o(.text)
    GPIO_PinRemapConfig                      0x08008113   Thumb Code   138  stm32f10x_gpio.o(.text)
    GPIO_EXTILineConfig                      0x0800819d   Thumb Code    66  stm32f10x_gpio.o(.text)
    GPIO_ETH_MediaInterfaceConfig            0x080081df   Thumb Code     8  stm32f10x_gpio.o(.text)
    RCC_DeInit                               0x0800820d   Thumb Code    64  stm32f10x_rcc.o(.text)
    RCC_HSEConfig                            0x0800824d   Thumb Code    70  stm32f10x_rcc.o(.text)
    RCC_GetFlagStatus                        0x08008293   Thumb Code    56  stm32f10x_rcc.o(.text)
    RCC_WaitForHSEStartUp                    0x080082cb   Thumb Code    56  stm32f10x_rcc.o(.text)
    RCC_AdjustHSICalibrationValue            0x08008303   Thumb Code    20  stm32f10x_rcc.o(.text)
    RCC_HSICmd                               0x08008317   Thumb Code     6  stm32f10x_rcc.o(.text)
    RCC_PLLConfig                            0x0800831d   Thumb Code    24  stm32f10x_rcc.o(.text)
    RCC_PLLCmd                               0x08008335   Thumb Code     6  stm32f10x_rcc.o(.text)
    RCC_SYSCLKConfig                         0x0800833b   Thumb Code    18  stm32f10x_rcc.o(.text)
    RCC_GetSYSCLKSource                      0x0800834d   Thumb Code    10  stm32f10x_rcc.o(.text)
    RCC_HCLKConfig                           0x08008357   Thumb Code    18  stm32f10x_rcc.o(.text)
    RCC_PCLK1Config                          0x08008369   Thumb Code    18  stm32f10x_rcc.o(.text)
    RCC_PCLK2Config                          0x0800837b   Thumb Code    20  stm32f10x_rcc.o(.text)
    RCC_ITConfig                             0x0800838f   Thumb Code    26  stm32f10x_rcc.o(.text)
    RCC_USBCLKConfig                         0x080083a9   Thumb Code     8  stm32f10x_rcc.o(.text)
    RCC_ADCCLKConfig                         0x080083b1   Thumb Code    18  stm32f10x_rcc.o(.text)
    RCC_LSEConfig                            0x080083c3   Thumb Code    50  stm32f10x_rcc.o(.text)
    RCC_LSICmd                               0x080083f5   Thumb Code     6  stm32f10x_rcc.o(.text)
    RCC_RTCCLKConfig                         0x080083fb   Thumb Code    12  stm32f10x_rcc.o(.text)
    RCC_RTCCLKCmd                            0x08008407   Thumb Code     8  stm32f10x_rcc.o(.text)
    RCC_GetClocksFreq                        0x0800840f   Thumb Code   192  stm32f10x_rcc.o(.text)
    RCC_AHBPeriphClockCmd                    0x080084cf   Thumb Code    26  stm32f10x_rcc.o(.text)
    RCC_APB2PeriphClockCmd                   0x080084e9   Thumb Code    26  stm32f10x_rcc.o(.text)
    RCC_APB1PeriphClockCmd                   0x08008503   Thumb Code    26  stm32f10x_rcc.o(.text)
    RCC_APB2PeriphResetCmd                   0x0800851d   Thumb Code    26  stm32f10x_rcc.o(.text)
    RCC_APB1PeriphResetCmd                   0x08008537   Thumb Code    26  stm32f10x_rcc.o(.text)
    RCC_BackupResetCmd                       0x08008551   Thumb Code     8  stm32f10x_rcc.o(.text)
    RCC_ClockSecuritySystemCmd               0x08008559   Thumb Code     6  stm32f10x_rcc.o(.text)
    RCC_MCOConfig                            0x0800855f   Thumb Code     6  stm32f10x_rcc.o(.text)
    RCC_ClearFlag                            0x08008565   Thumb Code    14  stm32f10x_rcc.o(.text)
    RCC_GetITStatus                          0x08008573   Thumb Code    20  stm32f10x_rcc.o(.text)
    RCC_ClearITPendingBit                    0x08008587   Thumb Code     6  stm32f10x_rcc.o(.text)
    USART_DeInit                             0x080085b1   Thumb Code   134  stm32f10x_usart.o(.text)
    USART_Init                               0x08008637   Thumb Code   210  stm32f10x_usart.o(.text)
    USART_StructInit                         0x08008709   Thumb Code    24  stm32f10x_usart.o(.text)
    USART_ClockInit                          0x08008721   Thumb Code    34  stm32f10x_usart.o(.text)
    USART_ClockStructInit                    0x08008743   Thumb Code    12  stm32f10x_usart.o(.text)
    USART_Cmd                                0x0800874f   Thumb Code    24  stm32f10x_usart.o(.text)
    USART_ITConfig                           0x08008767   Thumb Code    74  stm32f10x_usart.o(.text)
    USART_DMACmd                             0x080087b1   Thumb Code    18  stm32f10x_usart.o(.text)
    USART_SetAddress                         0x080087c3   Thumb Code    18  stm32f10x_usart.o(.text)
    USART_WakeUpConfig                       0x080087d5   Thumb Code    18  stm32f10x_usart.o(.text)
    USART_ReceiverWakeUpCmd                  0x080087e7   Thumb Code    24  stm32f10x_usart.o(.text)
    USART_LINBreakDetectLengthConfig         0x080087ff   Thumb Code    18  stm32f10x_usart.o(.text)
    USART_LINCmd                             0x08008811   Thumb Code    24  stm32f10x_usart.o(.text)
    USART_SendData                           0x08008829   Thumb Code     8  stm32f10x_usart.o(.text)
    USART_ReceiveData                        0x08008831   Thumb Code    10  stm32f10x_usart.o(.text)
    USART_SendBreak                          0x0800883b   Thumb Code    10  stm32f10x_usart.o(.text)
    USART_SetGuardTime                       0x08008845   Thumb Code    16  stm32f10x_usart.o(.text)
    USART_SetPrescaler                       0x08008855   Thumb Code    16  stm32f10x_usart.o(.text)
    USART_SmartCardCmd                       0x08008865   Thumb Code    24  stm32f10x_usart.o(.text)
    USART_SmartCardNACKCmd                   0x0800887d   Thumb Code    24  stm32f10x_usart.o(.text)
    USART_HalfDuplexCmd                      0x08008895   Thumb Code    24  stm32f10x_usart.o(.text)
    USART_OverSampling8Cmd                   0x080088ad   Thumb Code    22  stm32f10x_usart.o(.text)
    USART_OneBitMethodCmd                    0x080088c3   Thumb Code    24  stm32f10x_usart.o(.text)
    USART_IrDAConfig                         0x080088db   Thumb Code    18  stm32f10x_usart.o(.text)
    USART_IrDACmd                            0x080088ed   Thumb Code    24  stm32f10x_usart.o(.text)
    USART_GetFlagStatus                      0x08008905   Thumb Code    26  stm32f10x_usart.o(.text)
    USART_ClearFlag                          0x0800891f   Thumb Code    18  stm32f10x_usart.o(.text)
    USART_GetITStatus                        0x08008931   Thumb Code    84  stm32f10x_usart.o(.text)
    USART_ClearITPendingBit                  0x08008985   Thumb Code    52  stm32f10x_usart.o(.text)
    __use_no_semihosting                     0x080089b9   Thumb Code     2  use_no_semi_2.o(.text)
    __2printf                                0x080089bd   Thumb Code    20  noretval__2printf.o(.text)
    __printf                                 0x080089d5   Thumb Code   104  __printf.o(.text)
    _printf_str                              0x08008a3d   Thumb Code    82  _printf_str.o(.text)
    _printf_int_dec                          0x08008a91   Thumb Code   104  _printf_dec.o(.text)
    _printf_int_hex                          0x08008b09   Thumb Code    84  _printf_hex_int.o(.text)
    _printf_longlong_hex                     0x08008b09   Thumb Code     0  _printf_hex_int.o(.text)
    strcmp                                   0x08008b61   Thumb Code   128  strcmpv7m.o(.text)
    __use_two_region_memory                  0x08008be1   Thumb Code     2  heapauxi.o(.text)
    __rt_heap_escrow$2region                 0x08008be3   Thumb Code     2  heapauxi.o(.text)
    __rt_heap_expand$2region                 0x08008be5   Thumb Code     2  heapauxi.o(.text)
    __I$use$semihosting                      0x08008be7   Thumb Code     0  use_no_semi.o(.text)
    __use_no_semihosting_swi                 0x08008be7   Thumb Code     2  use_no_semi.o(.text)
    __read_errno                             0x08008be9   Thumb Code    10  _rserrno.o(.text)
    __set_errno                              0x08008bf3   Thumb Code    12  _rserrno.o(.text)
    _printf_int_common                       0x08008bff   Thumb Code   178  _printf_intcommon.o(.text)
    _printf_cs_common                        0x08008cb1   Thumb Code    20  _printf_char.o(.text)
    _printf_char                             0x08008cc5   Thumb Code    16  _printf_char.o(.text)
    _printf_string                           0x08008cd5   Thumb Code     8  _printf_char.o(.text)
    _printf_char_file                        0x08008cdd   Thumb Code    32  _printf_char_file.o(.text)
    __aeabi_errno_addr                       0x08008d01   Thumb Code     8  rt_errno_addr_intlibspace.o(.text)
    __errno$intlibspace                      0x08008d01   Thumb Code     0  rt_errno_addr_intlibspace.o(.text)
    __rt_errno_addr$intlibspace              0x08008d01   Thumb Code     0  rt_errno_addr_intlibspace.o(.text)
    _printf_char_common                      0x08008d13   Thumb Code    32  _printf_char_common.o(.text)
    ferror                                   0x08008d39   Thumb Code     8  ferror.o(.text)
    __user_libspace                          0x08008d41   Thumb Code     8  libspace.o(.text)
    __user_perproc_libspace                  0x08008d41   Thumb Code     0  libspace.o(.text)
    __user_perthread_libspace                0x08008d41   Thumb Code     0  libspace.o(.text)
    __user_setup_stackheap                   0x08008d49   Thumb Code    74  sys_stackheap_outer.o(.text)
    exit                                     0x08008d93   Thumb Code    18  exit.o(.text)
    sqrt                                     0x08008da5   Thumb Code    76  sqrt.o(i.sqrt)
    __aeabi_dadd                             0x08008df1   Thumb Code     0  daddsub_clz.o(x$fpl$dadd)
    _dadd                                    0x08008df1   Thumb Code   332  daddsub_clz.o(x$fpl$dadd)
    __fpl_dcmp_Inf                           0x08008f41   Thumb Code    24  dcmpi.o(x$fpl$dcmpinf)
    __aeabi_d2uiz                            0x08008f59   Thumb Code     0  dfixu.o(x$fpl$dfixu)
    _dfixu                                   0x08008f59   Thumb Code    90  dfixu.o(x$fpl$dfixu)
    __aeabi_i2d                              0x08008fb3   Thumb Code     0  dflt_clz.o(x$fpl$dflt)
    _dflt                                    0x08008fb3   Thumb Code    46  dflt_clz.o(x$fpl$dflt)
    __aeabi_ui2d                             0x08008fe1   Thumb Code     0  dflt_clz.o(x$fpl$dfltu)
    _dfltu                                   0x08008fe1   Thumb Code    38  dflt_clz.o(x$fpl$dfltu)
    __aeabi_cdcmple                          0x08009009   Thumb Code     0  dleqf.o(x$fpl$dleqf)
    _dcmple                                  0x08009009   Thumb Code   120  dleqf.o(x$fpl$dleqf)
    __fpl_dcmple_InfNaN                      0x0800906b   Thumb Code     0  dleqf.o(x$fpl$dleqf)
    __aeabi_dmul                             0x08009081   Thumb Code     0  dmul.o(x$fpl$dmul)
    _dmul                                    0x08009081   Thumb Code   332  dmul.o(x$fpl$dmul)
    __fpl_dnaninf                            0x080091d5   Thumb Code   156  dnaninf.o(x$fpl$dnaninf)
    __fpl_dretinf                            0x08009271   Thumb Code    12  dretinf.o(x$fpl$dretinf)
    __aeabi_cdrcmple                         0x0800927d   Thumb Code     0  drleqf.o(x$fpl$drleqf)
    _drcmple                                 0x0800927d   Thumb Code   108  drleqf.o(x$fpl$drleqf)
    __aeabi_drsub                            0x080092e9   Thumb Code     0  daddsub_clz.o(x$fpl$drsb)
    _drsb                                    0x080092e9   Thumb Code    22  daddsub_clz.o(x$fpl$drsb)
    _dsqrt                                   0x08009301   Thumb Code   456  dsqrt_noumaal.o(x$fpl$dsqrt)
    __aeabi_dsub                             0x080094cd   Thumb Code     0  daddsub_clz.o(x$fpl$dsub)
    _dsub                                    0x080094cd   Thumb Code   464  daddsub_clz.o(x$fpl$dsub)
    __aeabi_f2d                              0x080096a1   Thumb Code     0  f2d.o(x$fpl$f2d)
    _f2d                                     0x080096a1   Thumb Code    86  f2d.o(x$fpl$f2d)
    __aeabi_fadd                             0x080096f9   Thumb Code     0  faddsub_clz.o(x$fpl$fadd)
    _fadd                                    0x080096f9   Thumb Code   196  faddsub_clz.o(x$fpl$fadd)
    __aeabi_fdiv                             0x080097bd   Thumb Code     0  fdiv.o(x$fpl$fdiv)
    _fdiv                                    0x080097bd   Thumb Code   384  fdiv.o(x$fpl$fdiv)
    __aeabi_f2iz                             0x08009941   Thumb Code     0  ffix.o(x$fpl$ffix)
    _ffix                                    0x08009941   Thumb Code    54  ffix.o(x$fpl$ffix)
    __aeabi_f2uiz                            0x08009979   Thumb Code     0  ffixu.o(x$fpl$ffixu)
    _ffixu                                   0x08009979   Thumb Code    62  ffixu.o(x$fpl$ffixu)
    __aeabi_i2f                              0x080099b9   Thumb Code     0  fflt_clz.o(x$fpl$fflt)
    _fflt                                    0x080099b9   Thumb Code    48  fflt_clz.o(x$fpl$fflt)
    __aeabi_ui2f                             0x080099e9   Thumb Code     0  fflt_clz.o(x$fpl$ffltu)
    _ffltu                                   0x080099e9   Thumb Code    38  fflt_clz.o(x$fpl$ffltu)
    __aeabi_fmul                             0x08009a11   Thumb Code     0  fmul.o(x$fpl$fmul)
    _fmul                                    0x08009a11   Thumb Code   258  fmul.o(x$fpl$fmul)
    __fpl_fnaninf                            0x08009b13   Thumb Code   140  fnaninf.o(x$fpl$fnaninf)
    __fpl_fretinf                            0x08009b9f   Thumb Code    10  fretinf.o(x$fpl$fretinf)
    __aeabi_fsub                             0x08009ba9   Thumb Code     0  faddsub_clz.o(x$fpl$fsub)
    _fsub                                    0x08009ba9   Thumb Code   234  faddsub_clz.o(x$fpl$fsub)
    POINT_COLOR_TBL                          0x08009c92   Data          10  main.o(.constdata)
    __I$use$fp                               0x08009c92   Number         0  usenofp.o(x$fpl$usenofp)
    asc2_1206                                0x08009c9c   Data        1140  lcd.o(.constdata)
    asc2_1608                                0x0800a110   Data        1520  lcd.o(.constdata)
    asc2_2412                                0x0800a700   Data        3420  lcd.o(.constdata)
    TP_REMIND_MSG_TBL                        0x0800b45c   Data           4  touch.o(.constdata)
    OTT_TPX_TBL                              0x0800b460   Data          10  ott2001a.o(.constdata)
    FT5206_TPX_TBL                           0x0800b46a   Data          10  ft5206.o(.constdata)
    GT9147_CFG_TBL                           0x0800b474   Data         184  gt9147.o(.constdata)
    GT9147_TPX_TBL                           0x0800b52c   Data          10  gt9147.o(.constdata)
    Region$$Table$$Base                      0x0800b5dc   Number         0  anon$$obj.o(Region$$Table)
    Region$$Table$$Limit                     0x0800b5fc   Number         0  anon$$obj.o(Region$$Table)
    SystemCoreClock                          0x20000000   Data           4  system_stm32f10x.o(.data)
    AHBPrescTable                            0x20000004   Data          16  system_stm32f10x.o(.data)
    POINT_COLOR                              0x20000016   Data           2  lcd.o(.data)
    BACK_COLOR                               0x20000018   Data           2  lcd.o(.data)
    tp_dev                                   0x2000001c   Data          52  touch.o(.data)
    CMD_RDX                                  0x20000050   Data           1  touch.o(.data)
    CMD_RDY                                  0x20000051   Data           1  touch.o(.data)
    __stdout                                 0x2000005c   Data           4  usart.o(.data)
    USART_RX_STA                             0x20000060   Data           2  usart.o(.data)
    lcddev                                   0x20000078   Data          14  lcd.o(.bss)
    USART_RX_BUF                             0x20000086   Data         200  usart.o(.bss)
    __libspace_start                         0x20000150   Data          96  libspace.o(.bss)
    __temporary_stack_top$libspace           0x200001b0   Data           0  libspace.o(.bss)



==============================================================================

Memory Map of the image

  Image Entry point : 0x08000131

  Load Region LR_IROM1 (Base: 0x08000000, Size: 0x0000b674, Max: 0x00080000, ABSOLUTE)

    Execution Region ER_IROM1 (Exec base: 0x08000000, Load base: 0x08000000, Size: 0x0000b5fc, Max: 0x00080000, ABSOLUTE)

    Exec Addr    Load Addr    Size         Type   Attr      Idx    E Section Name        Object

    0x08000000   0x08000000   0x00000130   Data   RO          482    RESET               startup_stm32f10x_hd.o
    0x08000130   0x08000130   0x00000008   Code   RO          624  * !!!main             c_w.l(__main.o)
    0x08000138   0x08000138   0x00000034   Code   RO          872    !!!scatter          c_w.l(__scatter.o)
    0x0800016c   0x0800016c   0x0000001a   Code   RO          874    !!handler_copy      c_w.l(__scatter_copy.o)
    0x08000186   0x08000186   0x00000002   PAD
    0x08000188   0x08000188   0x0000001c   Code   RO          876    !!handler_zi        c_w.l(__scatter_zi.o)
    0x080001a4   0x080001a4   0x00000000   Code   RO          619    .ARM.Collect$$_printf_percent$$00000000  c_w.l(_printf_percent.o)
    0x080001a4   0x080001a4   0x00000006   Code   RO          618    .ARM.Collect$$_printf_percent$$00000009  c_w.l(_printf_d.o)
    0x080001aa   0x080001aa   0x00000006   Code   RO          617    .ARM.Collect$$_printf_percent$$0000000C  c_w.l(_printf_x.o)
    0x080001b0   0x080001b0   0x00000006   Code   RO          616    .ARM.Collect$$_printf_percent$$00000014  c_w.l(_printf_s.o)
    0x080001b6   0x080001b6   0x00000004   Code   RO          695    .ARM.Collect$$_printf_percent$$00000017  c_w.l(_printf_percent_end.o)
    0x080001ba   0x080001ba   0x00000002   Code   RO          749    .ARM.Collect$$libinit$$00000000  c_w.l(libinit.o)
    0x080001bc   0x080001bc   0x00000000   Code   RO          753    .ARM.Collect$$libinit$$00000002  c_w.l(libinit2.o)
    0x080001bc   0x080001bc   0x00000000   Code   RO          755    .ARM.Collect$$libinit$$00000004  c_w.l(libinit2.o)
    0x080001bc   0x080001bc   0x00000000   Code   RO          758    .ARM.Collect$$libinit$$0000000A  c_w.l(libinit2.o)
    0x080001bc   0x080001bc   0x00000000   Code   RO          760    .ARM.Collect$$libinit$$0000000C  c_w.l(libinit2.o)
    0x080001bc   0x080001bc   0x00000000   Code   RO          762    .ARM.Collect$$libinit$$0000000E  c_w.l(libinit2.o)
    0x080001bc   0x080001bc   0x00000000   Code   RO          765    .ARM.Collect$$libinit$$00000011  c_w.l(libinit2.o)
    0x080001bc   0x080001bc   0x00000000   Code   RO          767    .ARM.Collect$$libinit$$00000013  c_w.l(libinit2.o)
    0x080001bc   0x080001bc   0x00000000   Code   RO          769    .ARM.Collect$$libinit$$00000015  c_w.l(libinit2.o)
    0x080001bc   0x080001bc   0x00000000   Code   RO          771    .ARM.Collect$$libinit$$00000017  c_w.l(libinit2.o)
    0x080001bc   0x080001bc   0x00000000   Code   RO          773    .ARM.Collect$$libinit$$00000019  c_w.l(libinit2.o)
    0x080001bc   0x080001bc   0x00000000   Code   RO          775    .ARM.Collect$$libinit$$0000001B  c_w.l(libinit2.o)
    0x080001bc   0x080001bc   0x00000000   Code   RO          777    .ARM.Collect$$libinit$$0000001D  c_w.l(libinit2.o)
    0x080001bc   0x080001bc   0x00000000   Code   RO          779    .ARM.Collect$$libinit$$0000001F  c_w.l(libinit2.o)
    0x080001bc   0x080001bc   0x00000000   Code   RO          781    .ARM.Collect$$libinit$$00000021  c_w.l(libinit2.o)
    0x080001bc   0x080001bc   0x00000000   Code   RO          783    .ARM.Collect$$libinit$$00000023  c_w.l(libinit2.o)
    0x080001bc   0x080001bc   0x00000000   Code   RO          785    .ARM.Collect$$libinit$$00000025  c_w.l(libinit2.o)
    0x080001bc   0x080001bc   0x00000000   Code   RO          789    .ARM.Collect$$libinit$$0000002C  c_w.l(libinit2.o)
    0x080001bc   0x080001bc   0x00000000   Code   RO          791    .ARM.Collect$$libinit$$0000002E  c_w.l(libinit2.o)
    0x080001bc   0x080001bc   0x00000000   Code   RO          793    .ARM.Collect$$libinit$$00000030  c_w.l(libinit2.o)
    0x080001bc   0x080001bc   0x00000000   Code   RO          795    .ARM.Collect$$libinit$$00000032  c_w.l(libinit2.o)
    0x080001bc   0x080001bc   0x00000002   Code   RO          796    .ARM.Collect$$libinit$$00000033  c_w.l(libinit2.o)
    0x080001be   0x080001be   0x00000002   Code   RO          814    .ARM.Collect$$libshutdown$$00000000  c_w.l(libshutdown.o)
    0x080001c0   0x080001c0   0x00000000   Code   RO          824    .ARM.Collect$$libshutdown$$00000002  c_w.l(libshutdown2.o)
    0x080001c0   0x080001c0   0x00000000   Code   RO          826    .ARM.Collect$$libshutdown$$00000004  c_w.l(libshutdown2.o)
    0x080001c0   0x080001c0   0x00000000   Code   RO          829    .ARM.Collect$$libshutdown$$00000007  c_w.l(libshutdown2.o)
    0x080001c0   0x080001c0   0x00000000   Code   RO          832    .ARM.Collect$$libshutdown$$0000000A  c_w.l(libshutdown2.o)
    0x080001c0   0x080001c0   0x00000000   Code   RO          834    .ARM.Collect$$libshutdown$$0000000C  c_w.l(libshutdown2.o)
    0x080001c0   0x080001c0   0x00000000   Code   RO          837    .ARM.Collect$$libshutdown$$0000000F  c_w.l(libshutdown2.o)
    0x080001c0   0x080001c0   0x00000002   Code   RO          838    .ARM.Collect$$libshutdown$$00000010  c_w.l(libshutdown2.o)
    0x080001c2   0x080001c2   0x00000000   Code   RO          686    .ARM.Collect$$rtentry$$00000000  c_w.l(__rtentry.o)
    0x080001c2   0x080001c2   0x00000000   Code   RO          710    .ARM.Collect$$rtentry$$00000002  c_w.l(__rtentry2.o)
    0x080001c2   0x080001c2   0x00000006   Code   RO          722    .ARM.Collect$$rtentry$$00000004  c_w.l(__rtentry4.o)
    0x080001c8   0x080001c8   0x00000000   Code   RO          712    .ARM.Collect$$rtentry$$00000009  c_w.l(__rtentry2.o)
    0x080001c8   0x080001c8   0x00000004   Code   RO          713    .ARM.Collect$$rtentry$$0000000A  c_w.l(__rtentry2.o)
    0x080001cc   0x080001cc   0x00000000   Code   RO          715    .ARM.Collect$$rtentry$$0000000C  c_w.l(__rtentry2.o)
    0x080001cc   0x080001cc   0x00000008   Code   RO          716    .ARM.Collect$$rtentry$$0000000D  c_w.l(__rtentry2.o)
    0x080001d4   0x080001d4   0x00000002   Code   RO          750    .ARM.Collect$$rtexit$$00000000  c_w.l(rtexit.o)
    0x080001d6   0x080001d6   0x00000000   Code   RO          798    .ARM.Collect$$rtexit$$00000002  c_w.l(rtexit2.o)
    0x080001d6   0x080001d6   0x00000004   Code   RO          799    .ARM.Collect$$rtexit$$00000003  c_w.l(rtexit2.o)
    0x080001da   0x080001da   0x00000006   Code   RO          800    .ARM.Collect$$rtexit$$00000004  c_w.l(rtexit2.o)
    0x080001e0   0x080001e0   0x000004d8   Code   RO            1    .text               main.o
    0x080006b8   0x080006b8   0x0000001a   Code   RO          154    .text               stm32f10x_it.o
    0x080006d2   0x080006d2   0x00000002   PAD
    0x080006d4   0x080006d4   0x000001e0   Code   RO          195    .text               system_stm32f10x.o
    0x080008b4   0x080008b4   0x0000004c   Code   RO          213    .text               led.o
    0x08000900   0x08000900   0x000000fc   Code   RO          225    .text               key.o
    0x080009fc   0x080009fc   0x00004a5c   Code   RO          238    .text               lcd.o
    0x08005458   0x08005458   0x0000026c   Code   RO          261    .text               myiic.o
    0x080056c4   0x080056c4   0x0000017a   Code   RO          273    .text               24cxx.o
    0x0800583e   0x0800583e   0x00000002   PAD
    0x08005840   0x08005840   0x00000fb4   Code   RO          323    .text               touch.o
    0x080067f4   0x080067f4   0x00000284   Code   RO          347    .text               ctiic.o
    0x08006a78   0x08006a78   0x0000036c   Code   RO          362    .text               ott2001a.o
    0x08006de4   0x08006de4   0x00000338   Code   RO          378    .text               ft5206.o
    0x0800711c   0x0800711c   0x00000458   Code   RO          397    .text               gt9147.o
    0x08007574   0x08007574   0x000000d4   Code   RO          416    .text               delay.o
    0x08007648   0x08007648   0x00000140   Code   RO          447    .text               usart.o
    0x08007788   0x08007788   0x00000040   Code   RO          483    .text               startup_stm32f10x_hd.o
    0x080077c8   0x080077c8   0x000000dc   Code   RO          487    .text               misc.o
    0x080078a4   0x080078a4   0x0000060c   Code   RO          499    .text               stm32f10x_fsmc.o
    0x08007eb0   0x08007eb0   0x0000035c   Code   RO          511    .text               stm32f10x_gpio.o
    0x0800820c   0x0800820c   0x000003a4   Code   RO          523    .text               stm32f10x_rcc.o
    0x080085b0   0x080085b0   0x00000408   Code   RO          549    .text               stm32f10x_usart.o
    0x080089b8   0x080089b8   0x00000002   Code   RO          563    .text               c_w.l(use_no_semi_2.o)
    0x080089ba   0x080089ba   0x00000002   PAD
    0x080089bc   0x080089bc   0x00000018   Code   RO          567    .text               c_w.l(noretval__2printf.o)
    0x080089d4   0x080089d4   0x00000068   Code   RO          569    .text               c_w.l(__printf.o)
    0x08008a3c   0x08008a3c   0x00000052   Code   RO          571    .text               c_w.l(_printf_str.o)
    0x08008a8e   0x08008a8e   0x00000002   PAD
    0x08008a90   0x08008a90   0x00000078   Code   RO          573    .text               c_w.l(_printf_dec.o)
    0x08008b08   0x08008b08   0x00000058   Code   RO          578    .text               c_w.l(_printf_hex_int.o)
    0x08008b60   0x08008b60   0x00000080   Code   RO          620    .text               c_w.l(strcmpv7m.o)
    0x08008be0   0x08008be0   0x00000006   Code   RO          622    .text               c_w.l(heapauxi.o)
    0x08008be6   0x08008be6   0x00000002   Code   RO          684    .text               c_w.l(use_no_semi.o)
    0x08008be8   0x08008be8   0x00000016   Code   RO          687    .text               c_w.l(_rserrno.o)
    0x08008bfe   0x08008bfe   0x000000b2   Code   RO          689    .text               c_w.l(_printf_intcommon.o)
    0x08008cb0   0x08008cb0   0x0000002c   Code   RO          691    .text               c_w.l(_printf_char.o)
    0x08008cdc   0x08008cdc   0x00000024   Code   RO          693    .text               c_w.l(_printf_char_file.o)
    0x08008d00   0x08008d00   0x00000008   Code   RO          727    .text               c_w.l(rt_errno_addr_intlibspace.o)
    0x08008d08   0x08008d08   0x00000030   Code   RO          729    .text               c_w.l(_printf_char_common.o)
    0x08008d38   0x08008d38   0x00000008   Code   RO          731    .text               c_w.l(ferror.o)
    0x08008d40   0x08008d40   0x00000008   Code   RO          735    .text               c_w.l(libspace.o)
    0x08008d48   0x08008d48   0x0000004a   Code   RO          738    .text               c_w.l(sys_stackheap_outer.o)
    0x08008d92   0x08008d92   0x00000012   Code   RO          742    .text               c_w.l(exit.o)
    0x08008da4   0x08008da4   0x0000004c   Code   RO          677    i.sqrt              m_ws.l(sqrt.o)
    0x08008df0   0x08008df0   0x00000150   Code   RO          626    x$fpl$dadd          fz_ws.l(daddsub_clz.o)
    0x08008f40   0x08008f40   0x00000018   Code   RO          696    x$fpl$dcmpinf       fz_ws.l(dcmpi.o)
    0x08008f58   0x08008f58   0x0000005a   Code   RO          632    x$fpl$dfixu         fz_ws.l(dfixu.o)
    0x08008fb2   0x08008fb2   0x0000002e   Code   RO          637    x$fpl$dflt          fz_ws.l(dflt_clz.o)
    0x08008fe0   0x08008fe0   0x00000026   Code   RO          636    x$fpl$dfltu         fz_ws.l(dflt_clz.o)
    0x08009006   0x08009006   0x00000002   PAD
    0x08009008   0x08009008   0x00000078   Code   RO          642    x$fpl$dleqf         fz_ws.l(dleqf.o)
    0x08009080   0x08009080   0x00000154   Code   RO          644    x$fpl$dmul          fz_ws.l(dmul.o)
    0x080091d4   0x080091d4   0x0000009c   Code   RO          698    x$fpl$dnaninf       fz_ws.l(dnaninf.o)
    0x08009270   0x08009270   0x0000000c   Code   RO          700    x$fpl$dretinf       fz_ws.l(dretinf.o)
    0x0800927c   0x0800927c   0x0000006c   Code   RO          646    x$fpl$drleqf        fz_ws.l(drleqf.o)
    0x080092e8   0x080092e8   0x00000016   Code   RO          627    x$fpl$drsb          fz_ws.l(daddsub_clz.o)
    0x080092fe   0x080092fe   0x00000002   PAD
    0x08009300   0x08009300   0x000001cc   Code   RO          702    x$fpl$dsqrt         fz_ws.l(dsqrt_noumaal.o)
    0x080094cc   0x080094cc   0x000001d4   Code   RO          628    x$fpl$dsub          fz_ws.l(daddsub_clz.o)
    0x080096a0   0x080096a0   0x00000056   Code   RO          648    x$fpl$f2d           fz_ws.l(f2d.o)
    0x080096f6   0x080096f6   0x00000002   PAD
    0x080096f8   0x080096f8   0x000000c4   Code   RO          650    x$fpl$fadd          fz_ws.l(faddsub_clz.o)
    0x080097bc   0x080097bc   0x00000184   Code   RO          657    x$fpl$fdiv          fz_ws.l(fdiv.o)
    0x08009940   0x08009940   0x00000036   Code   RO          660    x$fpl$ffix          fz_ws.l(ffix.o)
    0x08009976   0x08009976   0x00000002   PAD
    0x08009978   0x08009978   0x0000003e   Code   RO          664    x$fpl$ffixu         fz_ws.l(ffixu.o)
    0x080099b6   0x080099b6   0x00000002   PAD
    0x080099b8   0x080099b8   0x00000030   Code   RO          669    x$fpl$fflt          fz_ws.l(fflt_clz.o)
    0x080099e8   0x080099e8   0x00000026   Code   RO          668    x$fpl$ffltu         fz_ws.l(fflt_clz.o)
    0x08009a0e   0x08009a0e   0x00000002   PAD
    0x08009a10   0x08009a10   0x00000102   Code   RO          674    x$fpl$fmul          fz_ws.l(fmul.o)
    0x08009b12   0x08009b12   0x0000008c   Code   RO          704    x$fpl$fnaninf       fz_ws.l(fnaninf.o)
    0x08009b9e   0x08009b9e   0x0000000a   Code   RO          706    x$fpl$fretinf       fz_ws.l(fretinf.o)
    0x08009ba8   0x08009ba8   0x000000ea   Code   RO          652    x$fpl$fsub          fz_ws.l(faddsub_clz.o)
    0x08009c92   0x08009c92   0x00000000   Code   RO          708    x$fpl$usenofp       fz_ws.l(usenofp.o)
    0x08009c92   0x08009c92   0x0000000a   Data   RO            2    .constdata          main.o
    0x08009c9c   0x08009c9c   0x000017c0   Data   RO          240    .constdata          lcd.o
    0x0800b45c   0x0800b45c   0x00000004   Data   RO          324    .constdata          touch.o
    0x0800b460   0x0800b460   0x0000000a   Data   RO          363    .constdata          ott2001a.o
    0x0800b46a   0x0800b46a   0x0000000a   Data   RO          379    .constdata          ft5206.o
    0x0800b474   0x0800b474   0x000000c2   Data   RO          398    .constdata          gt9147.o
    0x0800b536   0x0800b536   0x00000028   Data   RO          579    .constdata          c_w.l(_printf_hex_int.o)
    0x0800b55e   0x0800b55e   0x00000002   PAD
    0x0800b560   0x0800b560   0x00000079   Data   RO          325    .conststring        touch.o
    0x0800b5d9   0x0800b5d9   0x00000003   PAD
    0x0800b5dc   0x0800b5dc   0x00000020   Data   RO          870    Region$$Table       anon$$obj.o


    Execution Region RW_IRAM1 (Exec base: 0x20000000, Load base: 0x0800b5fc, Size: 0x000007b0, Max: 0x00010000, ABSOLUTE)

    Exec Addr    Load Addr    Size         Type   Attr      Idx    E Section Name        Object

    0x20000000   0x0800b5fc   0x00000014   Data   RW          196    .data               system_stm32f10x.o
    0x20000014   0x0800b610   0x00000001   Data   RW          226    .data               key.o
    0x20000015   0x0800b611   0x00000001   PAD
    0x20000016   0x0800b612   0x00000004   Data   RW          241    .data               lcd.o
    0x2000001a   0x0800b616   0x00000002   PAD
    0x2000001c   0x0800b618   0x00000036   Data   RW          326    .data               touch.o
    0x20000052   0x0800b64e   0x00000001   Data   RW          364    .data               ott2001a.o
    0x20000053   0x0800b64f   0x00000001   Data   RW          380    .data               ft5206.o
    0x20000054   0x0800b650   0x00000001   Data   RW          399    .data               gt9147.o
    0x20000055   0x0800b651   0x00000001   PAD
    0x20000056   0x0800b652   0x00000004   Data   RW          417    .data               delay.o
    0x2000005a   0x0800b656   0x00000002   PAD
    0x2000005c   0x0800b658   0x00000006   Data   RW          449    .data               usart.o
    0x20000062   0x0800b65e   0x00000014   Data   RW          524    .data               stm32f10x_rcc.o
    0x20000076   0x0800b672   0x00000002   PAD
    0x20000078        -       0x0000000e   Zero   RW          239    .bss                lcd.o
    0x20000086        -       0x000000c8   Zero   RW          448    .bss                usart.o
    0x2000014e   0x0800b672   0x00000002   PAD
    0x20000150        -       0x00000060   Zero   RW          736    .bss                c_w.l(libspace.o)
    0x200001b0        -       0x00000200   Zero   RW          481    HEAP                startup_stm32f10x_hd.o
    0x200003b0        -       0x00000400   Zero   RW          480    STACK               startup_stm32f10x_hd.o


==============================================================================

Image component sizes


      Code (inc. data)   RO Data    RW Data    ZI Data      Debug   Object Name

       378          0          0          0          0       2862   24cxx.o
       644         24          0          0          0       2081   ctiic.o
       212         18          0          4          0       1103   delay.o
       824         38         10          1          0       2647   ft5206.o
      1112         74        194          1          0       3170   gt9147.o
       252         12          0          1          0        872   key.o
     19036        162       6080          4         14      22426   lcd.o
        76          8          0          0          0        527   led.o
      1240        110         10          0          0     244605   main.o
       220         22          0          0          0       1857   misc.o
       620         14          0          0          0       1912   myiic.o
       876         56         10          1          0       2799   ott2001a.o
        64         26        304          0       1536        824   startup_stm32f10x_hd.o
      1548         18          0          0          0       5439   stm32f10x_fsmc.o
       860         38          0          0          0       5793   stm32f10x_gpio.o
        26          0          0          0          0       1210   stm32f10x_it.o
       932         36          0         20          0       9004   stm32f10x_rcc.o
      1032         22          0          0          0       8516   stm32f10x_usart.o
         0          0          0          0          0         32   sys.o
       480         38          0         20          0       1827   system_stm32f10x.o
      4020        222        125         54          0       6981   touch.o
       320         16          0          6        200       3290   usart.o

    ----------------------------------------------------------------------
     34776        954       6768        120       1752     329777   Object Totals
         0          0         32          0          0          0   (incl. Generated)
         4          0          3          8          2          0   (incl. Padding)

    ----------------------------------------------------------------------

      Code (inc. data)   RO Data    RW Data    ZI Data      Debug   Library Member Name

         8          0          0          0          0         68   __main.o
       104          0          0          0          0         84   __printf.o
         0          0          0          0          0          0   __rtentry.o
        12          0          0          0          0          0   __rtentry2.o
         6          0          0          0          0          0   __rtentry4.o
        52          8          0          0          0          0   __scatter.o
        26          0          0          0          0          0   __scatter_copy.o
        28          0          0          0          0          0   __scatter_zi.o
        44          0          0          0          0        108   _printf_char.o
        48          6          0          0          0         96   _printf_char_common.o
        36          4          0          0          0         80   _printf_char_file.o
         6          0          0          0          0          0   _printf_d.o
       120         16          0          0          0         92   _printf_dec.o
        88          4         40          0          0         88   _printf_hex_int.o
       178          0          0          0          0         88   _printf_intcommon.o
         0          0          0          0          0          0   _printf_percent.o
         4          0          0          0          0          0   _printf_percent_end.o
         6          0          0          0          0          0   _printf_s.o
        82          0          0          0          0         80   _printf_str.o
         6          0          0          0          0          0   _printf_x.o
        22          0          0          0          0        100   _rserrno.o
        18          0          0          0          0         80   exit.o
         8          0          0          0          0         68   ferror.o
         6          0          0          0          0        152   heapauxi.o
         2          0          0          0          0          0   libinit.o
         2          0          0          0          0          0   libinit2.o
         2          0          0          0          0          0   libshutdown.o
         2          0          0          0          0          0   libshutdown2.o
         8          4          0          0         96         68   libspace.o
        24          4          0          0          0         84   noretval__2printf.o
         8          4          0          0          0         68   rt_errno_addr_intlibspace.o
         2          0          0          0          0          0   rtexit.o
        10          0          0          0          0          0   rtexit2.o
       128          0          0          0          0         68   strcmpv7m.o
        74          0          0          0          0         80   sys_stackheap_outer.o
         2          0          0          0          0         68   use_no_semi.o
         2          0          0          0          0         68   use_no_semi_2.o
       826         16          0          0          0        348   daddsub_clz.o
        24          0          0          0          0         68   dcmpi.o
        90          4          0          0          0         92   dfixu.o
        84          0          0          0          0        136   dflt_clz.o
       120          4          0          0          0         92   dleqf.o
       340         12          0          0          0        104   dmul.o
       156          4          0          0          0         92   dnaninf.o
        12          0          0          0          0         68   dretinf.o
       108          0          0          0          0         80   drleqf.o
       460         56          0          0          0        120   dsqrt_noumaal.o
        86          4          0          0          0         84   f2d.o
       430          8          0          0          0        168   faddsub_clz.o
       388         76          0          0          0         96   fdiv.o
        54          4          0          0          0         84   ffix.o
        62          4          0          0          0         84   ffixu.o
        86          0          0          0          0        136   fflt_clz.o
       258          4          0          0          0         84   fmul.o
       140          4          0          0          0         84   fnaninf.o
        10          0          0          0          0         68   fretinf.o
         0          0          0          0          0          0   usenofp.o
        76          0          0          0          0         84   sqrt.o

    ----------------------------------------------------------------------
      5002        250         42          0         96       3860   Library Totals
        18          0          2          0          0          0   (incl. Padding)

    ----------------------------------------------------------------------

      Code (inc. data)   RO Data    RW Data    ZI Data      Debug   Library Name

      1174         50         40          0         96       1688   c_w.l
      3734        200          0          0          0       2088   fz_ws.l
        76          0          0          0          0         84   m_ws.l

    ----------------------------------------------------------------------
      5002        250         42          0         96       3860   Library Totals

    ----------------------------------------------------------------------

==============================================================================


      Code (inc. data)   RO Data    RW Data    ZI Data      Debug   

     39778       1204       6810        120       1848     329993   Grand Totals
     39778       1204       6810        120       1848     329993   ELF Image Totals
     39778       1204       6810        120          0          0   ROM Totals

==============================================================================

    Total RO  Size (Code + RO Data)                46588 (  45.50kB)
    Total RW  Size (RW Data + ZI Data)              1968 (   1.92kB)
    Total ROM Size (Code + RO Data + RW Data)      46708 (  45.61kB)

==============================================================================

