Component: ARM Compiler 5.06 update 5 (build 528) Tool: armlink [4d35e2]

==============================================================================

Section Cross References

    main.o(.text) refers to _printf_pad.o(.text) for _printf_pre_padding
    main.o(.text) refers to _printf_percent.o(.ARM.Collect$$_printf_percent$$00000000) for _printf_percent
    main.o(.text) refers to _printf_x.o(.ARM.Collect$$_printf_percent$$0000000C) for _printf_x
    main.o(.text) refers to _printf_hex_int.o(.text) for _printf_longlong_hex
    main.o(.text) refers to delay.o(.text) for delay_init
    main.o(.text) refers to misc.o(.text) for NVIC_PriorityGroupConfig
    main.o(.text) refers to usart.o(.text) for uart_init
    main.o(.text) refers to led.o(.text) for LED_Init
    main.o(.text) refers to key.o(.text) for KEY_Init
    main.o(.text) refers to tpad.o(.text) for TPAD_Init
    main.o(.text) refers to lcd.o(.text) for LCD_Init
    main.o(.text) refers to w25qxx.o(.text) for W25QXX_Init
    main.o(.text) refers to vs10xx.o(.text) for VS_Init
    main.o(.text) refers to malloc.o(.text) for my_mem_init
    main.o(.text) refers to exfuns.o(.text) for exfuns_init
    main.o(.text) refers to ff.o(.text) for f_mount
    main.o(.text) refers to fontupd.o(.text) for font_init
    main.o(.text) refers to text.o(.text) for Show_Str
    main.o(.text) refers to noretval__2printf.o(.text) for __2printf
    main.o(.text) refers to recorder.o(.text) for recoder_play
    main.o(.text) refers to exfuns.o(.data) for fs
    main.o(.text) refers to lcd.o(.data) for POINT_COLOR
    system_stm32f10x.o(.text) refers to system_stm32f10x.o(.data) for SystemCoreClock
    led.o(.text) refers to stm32f10x_rcc.o(.text) for RCC_APB2PeriphClockCmd
    led.o(.text) refers to stm32f10x_gpio.o(.text) for GPIO_Init
    key.o(.text) refers to stm32f10x_rcc.o(.text) for RCC_APB2PeriphClockCmd
    key.o(.text) refers to stm32f10x_gpio.o(.text) for GPIO_Init
    key.o(.text) refers to delay.o(.text) for delay_ms
    key.o(.text) refers to key.o(.data) for key_up
    tpad.o(.text) refers to _printf_percent.o(.ARM.Collect$$_printf_percent$$00000000) for _printf_percent
    tpad.o(.text) refers to _printf_d.o(.ARM.Collect$$_printf_percent$$00000009) for _printf_d
    tpad.o(.text) refers to _printf_dec.o(.text) for _printf_int_dec
    tpad.o(.text) refers to stm32f10x_rcc.o(.text) for RCC_APB2PeriphClockCmd
    tpad.o(.text) refers to stm32f10x_gpio.o(.text) for GPIO_Init
    tpad.o(.text) refers to delay.o(.text) for delay_ms
    tpad.o(.text) refers to stm32f10x_tim.o(.text) for TIM_SetCounter
    tpad.o(.text) refers to noretval__2printf.o(.text) for __2printf
    tpad.o(.text) refers to tpad.o(.data) for tpad_default_val
    lcd.o(.text) refers to _printf_percent.o(.ARM.Collect$$_printf_percent$$00000000) for _printf_percent
    lcd.o(.text) refers to _printf_x.o(.ARM.Collect$$_printf_percent$$0000000C) for _printf_x
    lcd.o(.text) refers to _printf_hex_int.o(.text) for _printf_longlong_hex
    lcd.o(.text) refers to delay.o(.text) for delay_us
    lcd.o(.text) refers to lcd.o(.bss) for lcddev
    lcd.o(.text) refers to lcd.o(.data) for POINT_COLOR
    lcd.o(.text) refers to dflt_clz.o(x$fpl$dfltu) for __aeabi_ui2d
    lcd.o(.text) refers to dmul.o(x$fpl$dmul) for __aeabi_dmul
    lcd.o(.text) refers to dfixu.o(x$fpl$dfixu) for __aeabi_d2uiz
    lcd.o(.text) refers to stm32f10x_rcc.o(.text) for RCC_AHBPeriphClockCmd
    lcd.o(.text) refers to stm32f10x_gpio.o(.text) for GPIO_Init
    lcd.o(.text) refers to stm32f10x_fsmc.o(.text) for FSMC_NORSRAMInit
    lcd.o(.text) refers to noretval__2printf.o(.text) for __2printf
    lcd.o(.text) refers to lcd.o(.constdata) for asc2_1206
    spi.o(.text) refers to stm32f10x_spi.o(.text) for SPI_I2S_GetFlagStatus
    spi.o(.text) refers to stm32f10x_rcc.o(.text) for RCC_APB2PeriphClockCmd
    spi.o(.text) refers to stm32f10x_gpio.o(.text) for GPIO_Init
    w25qxx.o(.text) refers to _printf_percent.o(.ARM.Collect$$_printf_percent$$00000000) for _printf_percent
    w25qxx.o(.text) refers to _printf_x.o(.ARM.Collect$$_printf_percent$$0000000C) for _printf_x
    w25qxx.o(.text) refers to _printf_hex_int.o(.text) for _printf_longlong_hex
    w25qxx.o(.text) refers to spi.o(.text) for SPI2_ReadWriteByte
    w25qxx.o(.text) refers to stm32f10x_rcc.o(.text) for RCC_APB2PeriphClockCmd
    w25qxx.o(.text) refers to stm32f10x_gpio.o(.text) for GPIO_Init
    w25qxx.o(.text) refers to noretval__2printf.o(.text) for __2printf
    w25qxx.o(.text) refers to delay.o(.text) for delay_us
    w25qxx.o(.text) refers to w25qxx.o(.data) for W25QXX_TYPE
    w25qxx.o(.text) refers to w25qxx.o(.bss) for W25QXX_BUFFER
    sdio_sdcard.o(.text) refers to stm32f10x_sdio.o(.text) for SDIO_GetFlagStatus
    sdio_sdcard.o(.text) refers to sdio_sdcard.o(.data) for DeviceMode
    sdio_sdcard.o(.text) refers to sdio_sdcard.o(.bss) for SDIO_CmdInitStructure
    sdio_sdcard.o(.text) refers to stm32f10x_rcc.o(.text) for RCC_APB2PeriphClockCmd
[...]
    opt_delay                                0x08000acb   Thumb Code    14  lcd.o(.text)
    LCD_SetCursor                            0x08000ad9   Thumb Code   418  lcd.o(.text)
    LCD_ReadPoint                            0x08000c7b   Thumb Code   360  lcd.o(.text)
    LCD_DisplayOn                            0x08000de3   Thumb Code   102  lcd.o(.text)
    LCD_DisplayOff                           0x08000e49   Thumb Code    90  lcd.o(.text)
    LCD_Scan_Dir                             0x08000ea3   Thumb Code   744  lcd.o(.text)
    LCD_DrawPoint                            0x0800118b   Thumb Code    28  lcd.o(.text)
    LCD_Fast_DrawPoint                       0x080011a7   Thumb Code   384  lcd.o(.text)
    LCD_SSD_BackLightSet                     0x08001327   Thumb Code    80  lcd.o(.text)
    LCD_Display_Dir                          0x08001377   Thumb Code   444  lcd.o(.text)
    LCD_Set_Window                           0x08001533   Thumb Code   540  lcd.o(.text)
    LCD_Clear                                0x0800174f   Thumb Code   100  lcd.o(.text)
    LCD_Init                                 0x080017b3   Thumb Code 14190  lcd.o(.text)
    LCD_Fill                                 0x08004f21   Thumb Code   178  lcd.o(.text)
    LCD_Color_Fill                           0x08004fd3   Thumb Code   106  lcd.o(.text)
    LCD_DrawLine                             0x0800503d   Thumb Code   176  lcd.o(.text)
    LCD_DrawRectangle                        0x080050ed   Thumb Code    60  lcd.o(.text)
    LCD_Draw_Circle                          0x08005129   Thumb Code   152  lcd.o(.text)
    LCD_ShowChar                             0x080051c1   Thumb Code   272  lcd.o(.text)
    LCD_Pow                                  0x080052d1   Thumb Code    22  lcd.o(.text)
    LCD_ShowNum                              0x080052e7   Thumb Code   148  lcd.o(.text)
    LCD_ShowxNum                             0x0800537b   Thumb Code   220  lcd.o(.text)
    LCD_ShowString                           0x08005457   Thumb Code   102  lcd.o(.text)
    SPI2_ReadWriteByte                       0x080054bd   Thumb Code    78  spi.o(.text)
    SPI2_Init                                0x0800550b   Thumb Code   140  spi.o(.text)
    SPI2_SetSpeed                            0x08005597   Thumb Code    36  spi.o(.text)
    SPI1_Init                                0x080055bb   Thumb Code   130  spi.o(.text)
    SPI1_SetSpeed                            0x0800563d   Thumb Code    36  spi.o(.text)
    SPI1_ReadWriteByte                       0x08005661   Thumb Code    78  spi.o(.text)
    W25QXX_ReadID                            0x080056c1   Thumb Code    64  w25qxx.o(.text)
    W25QXX_Init                              0x08005701   Thumb Code    74  w25qxx.o(.text)
    W25QXX_ReadSR                            0x0800574b   Thumb Code    36  w25qxx.o(.text)
    W25QXX_Write_SR                          0x0800576f   Thumb Code    32  w25qxx.o(.text)
    W25QXX_Write_Enable                      0x0800578f   Thumb Code    24  w25qxx.o(.text)
    W25QXX_Write_Disable                     0x080057a7   Thumb Code    24  w25qxx.o(.text)
    W25QXX_Read                              0x080057bf   Thumb Code    74  w25qxx.o(.text)
    W25QXX_Wait_Busy                         0x08005809   Thumb Code    18  w25qxx.o(.text)
    W25QXX_Write_Page                        0x0800581b   Thumb Code    80  w25qxx.o(.text)
    W25QXX_Write_NoCheck                     0x0800586b   Thumb Code    70  w25qxx.o(.text)
    W25QXX_Erase_Sector                      0x080058b1   Thumb Code    70  w25qxx.o(.text)
    W25QXX_Write                             0x080058f7   Thumb Code   180  w25qxx.o(.text)
    W25QXX_Erase_Chip                        0x080059ab   Thumb Code    36  w25qxx.o(.text)
    W25QXX_PowerDown                         0x080059cf   Thumb Code    30  w25qxx.o(.text)
    W25QXX_WAKEUP                            0x080059ed   Thumb Code    30  w25qxx.o(.text)
    SD_SetDeviceMode                         0x08005a29   Thumb Code    20  sdio_sdcard.o(.text)
    SDIO_Clock_Set                           0x08005a3d   Thumb Code    16  sdio_sdcard.o(.text)
    CmdResp1Error                            0x08005a4d   Thumb Code    90  sdio_sdcard.o(.text)
    FindSCR                                  0x08005aa7   Thumb Code   386  sdio_sdcard.o(.text)
    SDEnWideBus                              0x08005c29   Thumb Code   158  sdio_sdcard.o(.text)
    SD_EnableWideBusOperation                0x08005cc7   Thumb Code    94  sdio_sdcard.o(.text)
    SD_SelectDeselect                        0x08005d25   Thumb Code    42  sdio_sdcard.o(.text)
    SD_GetCardInfo                           0x08005d4f   Thumb Code   802  sdio_sdcard.o(.text)
    CmdResp2Error                            0x08006071   Thumb Code    80  sdio_sdcard.o(.text)
    CmdResp6Error                            0x080060c1   Thumb Code   140  sdio_sdcard.o(.text)
    SD_InitializeCards                       0x0800614d   Thumb Code   336  sdio_sdcard.o(.text)
    CmdResp3Error                            0x0800629d   Thumb Code    50  sdio_sdcard.o(.text)
    CmdResp7Error                            0x080062cf   Thumb Code    70  sdio_sdcard.o(.text)
    CmdError                                 0x08006315   Thumb Code    48  sdio_sdcard.o(.text)
    SD_PowerON                               0x08006345   Thumb Code   450  sdio_sdcard.o(.text)
    SD_Init                                  0x08006507   Thumb Code   238  sdio_sdcard.o(.text)
    SD_PowerOFF                              0x080065f5   Thumb Code    12  sdio_sdcard.o(.text)
    SD_DMA_Config                            0x08006601   Thumb Code   146  sdio_sdcard.o(.text)
    convert_from_bytes_to_power_of_two       0x08006693   Thumb Code    18  sdio_sdcard.o(.text)
    SD_ReadBlock                             0x080066a5   Thumb Code   560  sdio_sdcard.o(.text)
    SD_ReadMultiBlocks                       0x080068d5   Thumb Code   742  sdio_sdcard.o(.text)
    IsCardProgramming                        0x08006bbb   Thumb Code   142  sdio_sdcard.o(.text)
    SD_WriteBlock                            0x08006c49   Thumb Code   888  sdio_sdcard.o(.text)
    SD_WriteMultiBlocks                      0x08006fc1   Thumb Code   962  sdio_sdcard.o(.text)
    SD_ProcessIRQSrc                         0x08007383   Thumb Code   294  sdio_sdcard.o(.text)
    SDIO_IRQHandler                          0x080074a9   Thumb Code     8  sdio_sdcard.o(.text)
    SD_SendStatus                            0x080074b1   Thumb Code    72  sdio_sdcard.o(.text)
    SD_GetState                              0x080074f9   Thumb Code    26  sdio_sdcard.o(.text)
    SD_ReadDisk                              0x08007513   Thumb Code   148  sdio_sdcard.o(.text)
    SD_WriteDisk                             0x080075a7   Thumb Code   148  sdio_sdcard.o(.text)
    VS_SPI_ReadWriteByte                     0x08007659   Thumb Code    12  vs10xx.o(.text)
    VS_SPI_SpeedLow                          0x08007665   Thumb Code    10  vs10xx.o(.text)
    VS_SPI_SpeedHigh                         0x0800766f   Thumb Code    10  vs10xx.o(.text)
    VS_Init                                  0x08007679   Thumb Code    84  vs10xx.o(.text)
    VS_WR_Cmd                                0x080076cd   Thumb Code    72  vs10xx.o(.text)
    VS_RD_Reg                                0x08007715   Thumb Code    88  vs10xx.o(.text)
    VS_Soft_Reset                            0x0800776d   Thumb Code   124  vs10xx.o(.text)
    VS_HD_Reset                              0x080077e9   Thumb Code    76  vs10xx.o(.text)
    VS_Sine_Test                             0x08007835   Thumb Code   306  vs10xx.o(.text)
    VS_Ram_Test                              0x08007967   Thumb Code   106  vs10xx.o(.text)
    VS_WR_Data                               0x080079d1   Thumb Code    30  vs10xx.o(.text)
    VS_WRAM_Read                             0x080079ef   Thumb Code    24  vs10xx.o(.text)
    VS_WRAM_Write                            0x08007a07   Thumb Code    34  vs10xx.o(.text)
    VS_Set_Speed                             0x08007a29   Thumb Code    16  vs10xx.o(.text)
    VS_Get_HeadInfo                          0x08007a39   Thumb Code   200  vs10xx.o(.text)
    VS_Get_ByteRate                          0x08007b01   Thumb Code    12  vs10xx.o(.text)
    VS_Get_EndFillByte                       0x08007b0d   Thumb Code    12  vs10xx.o(.text)
    VS_Send_MusicData                        0x08007b19   Thumb Code    50  vs10xx.o(.text)
    VS_Restart_Play                          0x08007b4b   Thumb Code   182  vs10xx.o(.text)
    VS_Reset_DecodeTime                      0x08007c01   Thumb Code    20  vs10xx.o(.text)
    VS_Get_DecodeTime                        0x08007c15   Thumb Code    16  vs10xx.o(.text)
    VS_Load_Patch                            0x08007c25   Thumb Code   112  vs10xx.o(.text)
    VS_Set_Vol                               0x08007c95   Thumb Code    38  vs10xx.o(.text)
    VS_Set_Bass                              0x08007cbb   Thumb Code   102  vs10xx.o(.text)
    VS_Set_Effect                            0x08007d21   Thumb Code    54  vs10xx.o(.text)
    VS_SPK_Set                               0x08007d57   Thumb Code    26  vs10xx.o(.text)
    VS_Set_All                               0x08007d71   Thumb Code    42  vs10xx.o(.text)
    delay_init                               0x08007dad   Thumb Code    50  delay.o(.text)
    delay_us                                 0x08007ddf   Thumb Code    72  delay.o(.text)
    delay_ms                                 0x08007e27   Thumb Code    72  delay.o(.text)
    WFI_SET                                  0x08007e81   Thumb Code     4  sys.o(.text)
    INTX_DISABLE                             0x08007e85   Thumb Code     4  sys.o(.text)
    INTX_ENABLE                              0x08007e89   Thumb Code     4  sys.o(.text)
    _sys_exit                                0x08007e8d   Thumb Code     6  usart.o(.text)
    fputc                                    0x08007e93   Thumb Code    24  usart.o(.text)
    uart_init                                0x08007eab   Thumb Code   152  usart.o(.text)
    USART1_IRQHandler                        0x08007f43   Thumb Code   122  usart.o(.text)
    Reset_Handler                            0x08007fcd   Thumb Code     8  startup_stm32f10x_hd.o(.text)
    ADC1_2_IRQHandler                        0x08007fe7   Thumb Code     0  startup_stm32f10x_hd.o(.text)
    ADC3_IRQHandler                          0x08007fe7   Thumb Code     0  startup_stm32f10x_hd.o(.text)
    CAN1_RX1_IRQHandler                      0x08007fe7   Thumb Code     0  startup_stm32f10x_hd.o(.text)
    CAN1_SCE_IRQHandler                      0x08007fe7   Thumb Code     0  startup_stm32f10x_hd.o(.text)
    DMA1_Channel1_IRQHandler                 0x08007fe7   Thumb Code     0  startup_stm32f10x_hd.o(.text)
    DMA1_Channel2_IRQHandler                 0x08007fe7   Thumb Code     0  startup_stm32f10x_hd.o(.text)
    DMA1_Channel3_IRQHandler                 0x08007fe7   Thumb Code     0  startup_stm32f10x_hd.o(.text)
    DMA1_Channel4_IRQHandler                 0x08007fe7   Thumb Code     0  startup_stm32f10x_hd.o(.text)
    DMA1_Channel5_IRQHandler                 0x08007fe7   Thumb Code     0  startup_stm32f10x_hd.o(.text)
    DMA1_Channel6_IRQHandler                 0x08007fe7   Thumb Code     0  startup_stm32f10x_hd.o(.text)
    DMA1_Channel7_IRQHandler                 0x08007fe7   Thumb Code     0  startup_stm32f10x_hd.o(.text)
    DMA2_Channel1_IRQHandler                 0x08007fe7   Thumb Code     0  startup_stm32f10x_hd.o(.text)
    DMA2_Channel2_IRQHandler                 0x08007fe7   Thumb Code     0  startup_stm32f10x_hd.o(.text)
    DMA2_Channel3_IRQHandler                 0x08007fe7   Thumb Code     0  startup_stm32f10x_hd.o(.text)
    DMA2_Channel4_5_IRQHandler               0x08007fe7   Thumb Code     0  startup_stm32f10x_hd.o(.text)
    EXTI0_IRQHandler                         0x08007fe7   Thumb Code     0  startup_stm32f10x_hd.o(.text)
    EXTI15_10_IRQHandler                     0x08007fe7   Thumb Code     0  startup_stm32f10x_hd.o(.text)
    EXTI1_IRQHandler                         0x08007fe7   Thumb Code     0  startup_stm32f10x_hd.o(.text)
    EXTI2_IRQHandler                         0x08007fe7   Thumb Code     0  startup_stm32f10x_hd.o(.text)
    EXTI3_IRQHandler                         0x08007fe7   Thumb Code     0  startup_stm32f10x_hd.o(.text)
    EXTI4_IRQHandler                         0x08007fe7   Thumb Code     0  startup_stm32f10x_hd.o(.text)
    EXTI9_5_IRQHandler                       0x08007fe7   Thumb Code     0  startup_stm32f10x_hd.o(.text)
    FLASH_IRQHandler                         0x08007fe7   Thumb Code     0  startup_stm32f10x_hd.o(.text)
    FSMC_IRQHandler                          0x08007fe7   Thumb Code     0  startup_stm32f10x_hd.o(.text)
    I2C1_ER_IRQHandler                       0x08007fe7   Thumb Code     0  startup_stm32f10x_hd.o(.text)
    I2C1_EV_IRQHandler                       0x08007fe7   Thumb Code     0  startup_stm32f10x_hd.o(.text)
    I2C2_ER_IRQHandler                       0x08007fe7   Thumb Code     0  startup_stm32f10x_hd.o(.text)
    I2C2_EV_IRQHandler                       0x08007fe7   Thumb Code     0  startup_stm32f10x_hd.o(.text)
    PVD_IRQHandler                           0x08007fe7   Thumb Code     0  startup_stm32f10x_hd.o(.text)
    RCC_IRQHandler                           0x08007fe7   Thumb Code     0  startup_stm32f10x_hd.o(.text)
    RTCAlarm_IRQHandler                      0x08007fe7   Thumb Code     0  startup_stm32f10x_hd.o(.text)
    RTC_IRQHandler                           0x08007fe7   Thumb Code     0  startup_stm32f10x_hd.o(.text)
    SPI1_IRQHandler                          0x08007fe7   Thumb Code     0  startup_stm32f10x_hd.o(.text)
    SPI2_IRQHandler                          0x08007fe7   Thumb Code     0  startup_stm32f10x_hd.o(.text)
    SPI3_IRQHandler                          0x08007fe7   Thumb Code     0  startup_stm32f10x_hd.o(.text)
    TAMPER_IRQHandler                        0x08007fe7   Thumb Code     0  startup_stm32f10x_hd.o(.text)
    TIM1_BRK_IRQHandler                      0x08007fe7   Thumb Code     0  startup_stm32f10x_hd.o(.text)
    TIM1_CC_IRQHandler                       0x08007fe7   Thumb Code     0  startup_stm32f10x_hd.o(.text)
    TIM1_TRG_COM_IRQHandler                  0x08007fe7   Thumb Code     0  startup_stm32f10x_hd.o(.text)
    TIM1_UP_IRQHandler                       0x08007fe7   Thumb Code     0  startup_stm32f10x_hd.o(.text)
    TIM2_IRQHandler                          0x08007fe7   Thumb Code     0  startup_stm32f10x_hd.o(.text)
    TIM3_IRQHandler                          0x08007fe7   Thumb Code     0  startup_stm32f10x_hd.o(.text)
    TIM5_IRQHandler                          0x08007fe7   Thumb Code     0  startup_stm32f10x_hd.o(.text)
    TIM6_IRQHandler                          0x08007fe7   Thumb Code     0  startup_stm32f10x_hd.o(.text)
    TIM7_IRQHandler                          0x08007fe7   Thumb Code     0  startup_stm32f10x_hd.o(.text)
    TIM8_BRK_IRQHandler                      0x08007fe7   Thumb Code     0  startup_stm32f10x_hd.o(.text)
    TIM8_CC_IRQHandler                       0x08007fe7   Thumb Code     0  startup_stm32f10x_hd.o(.text)
    TIM8_TRG_COM_IRQHandler                  0x08007fe7   Thumb Code     0  startup_stm32f10x_hd.o(.text)
    TIM8_UP_IRQHandler                       0x08007fe7   Thumb Code     0  startup_stm32f10x_hd.o(.text)
    UART4_IRQHandler                         0x08007fe7   Thumb Code     0  startup_stm32f10x_hd.o(.text)
    UART5_IRQHandler                         0x08007fe7   Thumb Code     0  startup_stm32f10x_hd.o(.text)
    USART2_IRQHandler                        0x08007fe7   Thumb Code     0  startup_stm32f10x_hd.o(.text)
    USART3_IRQHandler                        0x08007fe7   Thumb Code     0  startup_stm32f10x_hd.o(.text)
    USBWakeUp_IRQHandler                     0x08007fe7   Thumb Code     0  startup_stm32f10x_hd.o(.text)
    USB_HP_CAN1_TX_IRQHandler                0x08007fe7   Thumb Code     0  startup_stm32f10x_hd.o(.text)
    USB_LP_CAN1_RX0_IRQHandler               0x08007fe7   Thumb Code     0  startup_stm32f10x_hd.o(.text)
    WWDG_IRQHandler                          0x08007fe7   Thumb Code     0  startup_stm32f10x_hd.o(.text)
    __user_initial_stackheap                 0x08007fe9   Thumb Code     0  startup_stm32f10x_hd.o(.text)
    NVIC_PriorityGroupConfig                 0x0800800d   Thumb Code    10  misc.o(.text)
    NVIC_Init                                0x08008017   Thumb Code   100  misc.o(.text)
    NVIC_SetVectorTable                      0x0800807b   Thumb Code    14  misc.o(.text)
    NVIC_SystemLPConfig                      0x08008089   Thumb Code    34  misc.o(.text)
    SysTick_CLKSourceConfig                  0x080080ab   Thumb Code    40  misc.o(.text)
    FSMC_NORSRAMDeInit                       0x080080e9   Thumb Code    54  stm32f10x_fsmc.o(.text)
    FSMC_NANDDeInit                          0x0800811f   Thumb Code    62  stm32f10x_fsmc.o(.text)
    FSMC_PCCARDDeInit                        0x0800815d   Thumb Code    36  stm32f10x_fsmc.o(.text)
    FSMC_NORSRAMInit                         0x08008181   Thumb Code   230  stm32f10x_fsmc.o(.text)
    FSMC_NANDInit                            0x08008267   Thumb Code   132  stm32f10x_fsmc.o(.text)
    FSMC_PCCARDInit                          0x080082eb   Thumb Code   130  stm32f10x_fsmc.o(.text)
    FSMC_NORSRAMStructInit                   0x0800836d   Thumb Code   114  stm32f10x_fsmc.o(.text)
    FSMC_NANDStructInit                      0x080083df   Thumb Code    54  stm32f10x_fsmc.o(.text)
    FSMC_PCCARDStructInit                    0x08008415   Thumb Code    60  stm32f10x_fsmc.o(.text)
    FSMC_NORSRAMCmd                          0x08008451   Thumb Code    46  stm32f10x_fsmc.o(.text)
    FSMC_NANDCmd                             0x0800847f   Thumb Code    86  stm32f10x_fsmc.o(.text)
    FSMC_PCCARDCmd                           0x080084d5   Thumb Code    44  stm32f10x_fsmc.o(.text)
    FSMC_NANDECCCmd                          0x08008501   Thumb Code    90  stm32f10x_fsmc.o(.text)
    FSMC_GetECC                              0x0800855b   Thumb Code    24  stm32f10x_fsmc.o(.text)
    FSMC_ITConfig                            0x08008573   Thumb Code   128  stm32f10x_fsmc.o(.text)
    FSMC_GetFlagStatus                       0x080085f3   Thumb Code    54  stm32f10x_fsmc.o(.text)
    FSMC_ClearFlag                           0x08008629   Thumb Code    62  stm32f10x_fsmc.o(.text)
    FSMC_GetITStatus                         0x08008667   Thumb Code    64  stm32f10x_fsmc.o(.text)
    FSMC_ClearITPendingBit                   0x080086a7   Thumb Code    68  stm32f10x_fsmc.o(.text)
    GPIO_DeInit                              0x080086f5   Thumb Code   172  stm32f10x_gpio.o(.text)
    GPIO_AFIODeInit                          0x080087a1   Thumb Code    20  stm32f10x_gpio.o(.text)
    GPIO_Init                                0x080087b5   Thumb Code   278  stm32f10x_gpio.o(.text)
    GPIO_StructInit                          0x080088cb   Thumb Code    16  stm32f10x_gpio.o(.text)
    GPIO_ReadInputDataBit                    0x080088db   Thumb Code    18  stm32f10x_gpio.o(.text)
    GPIO_ReadInputData                       0x080088ed   Thumb Code     8  stm32f10x_gpio.o(.text)
    GPIO_ReadOutputDataBit                   0x080088f5   Thumb Code    18  stm32f10x_gpio.o(.text)
    GPIO_ReadOutputData                      0x08008907   Thumb Code     8  stm32f10x_gpio.o(.text)
    GPIO_SetBits                             0x0800890f   Thumb Code     4  stm32f10x_gpio.o(.text)
    GPIO_ResetBits                           0x08008913   Thumb Code     4  stm32f10x_gpio.o(.text)
    GPIO_WriteBit                            0x08008917   Thumb Code    10  stm32f10x_gpio.o(.text)
    GPIO_Write                               0x08008921   Thumb Code     4  stm32f10x_gpio.o(.text)
    GPIO_PinLockConfig                       0x08008925   Thumb Code    18  stm32f10x_gpio.o(.text)
    GPIO_EventOutputConfig                   0x08008937   Thumb Code    26  stm32f10x_gpio.o(.text)
    GPIO_EventOutputCmd                      0x08008951   Thumb Code     6  stm32f10x_gpio.o(.text)
    GPIO_PinRemapConfig                      0x08008957   Thumb Code   138  stm32f10x_gpio.o(.text)
    GPIO_EXTILineConfig                      0x080089e1   Thumb Code    66  stm32f10x_gpio.o(.text)
    GPIO_ETH_MediaInterfaceConfig            0x08008a23   Thumb Code     8  stm32f10x_gpio.o(.text)
    RCC_DeInit                               0x08008a51   Thumb Code    64  stm32f10x_rcc.o(.text)
    RCC_HSEConfig                            0x08008a91   Thumb Code    70  stm32f10x_rcc.o(.text)
    RCC_GetFlagStatus                        0x08008ad7   Thumb Code    56  stm32f10x_rcc.o(.text)
    RCC_WaitForHSEStartUp                    0x08008b0f   Thumb Code    56  stm32f10x_rcc.o(.text)
    RCC_AdjustHSICalibrationValue            0x08008b47   Thumb Code    20  stm32f10x_rcc.o(.text)
    RCC_HSICmd                               0x08008b5b   Thumb Code     6  stm32f10x_rcc.o(.text)
    RCC_PLLConfig                            0x08008b61   Thumb Code    24  stm32f10x_rcc.o(.text)
    RCC_PLLCmd                               0x08008b79   Thumb Code     6  stm32f10x_rcc.o(.text)
    RCC_SYSCLKConfig                         0x08008b7f   Thumb Code    18  stm32f10x_rcc.o(.text)
    RCC_GetSYSCLKSource                      0x08008b91   Thumb Code    10  stm32f10x_rcc.o(.text)
    RCC_HCLKConfig                           0x08008b9b   Thumb Code    18  stm32f10x_rcc.o(.text)
    RCC_PCLK1Config                          0x08008bad   Thumb Code    18  stm32f10x_rcc.o(.text)
    RCC_PCLK2Config                          0x08008bbf   Thumb Code    20  stm32f10x_rcc.o(.text)
    RCC_ITConfig                             0x08008bd3   Thumb Code    26  stm32f10x_rcc.o(.text)
    RCC_USBCLKConfig                         0x08008bed   Thumb Code     8  stm32f10x_rcc.o(.text)
    RCC_ADCCLKConfig                         0x08008bf5   Thumb Code    18  stm32f10x_rcc.o(.text)
    RCC_LSEConfig                            0x08008c07   Thumb Code    50  stm32f10x_rcc.o(.text)
    RCC_LSICmd                               0x08008c39   Thumb Code     6  stm32f10x_rcc.o(.text)
    RCC_RTCCLKConfig                         0x08008c3f   Thumb Code    12  stm32f10x_rcc.o(.text)
    RCC_RTCCLKCmd                            0x08008c4b   Thumb Code     8  stm32f10x_rcc.o(.text)
    RCC_GetClocksFreq                        0x08008c53   Thumb Code   192  stm32f10x_rcc.o(.text)
    RCC_AHBPeriphClockCmd                    0x08008d13   Thumb Code    26  stm32f10x_rcc.o(.text)
    RCC_APB2PeriphClockCmd                   0x08008d2d   Thumb Code    26  stm32f10x_rcc.o(.text)
    RCC_APB1PeriphClockCmd                   0x08008d47   Thumb Code    26  stm32f10x_rcc.o(.text)
    RCC_APB2PeriphResetCmd                   0x08008d61   Thumb Code    26  stm32f10x_rcc.o(.text)
    RCC_APB1PeriphResetCmd                   0x08008d7b   Thumb Code    26  stm32f10x_rcc.o(.text)
    RCC_BackupResetCmd                       0x08008d95   Thumb Code     8  stm32f10x_rcc.o(.text)
    RCC_ClockSecuritySystemCmd               0x08008d9d   Thumb Code     6  stm32f10x_rcc.o(.text)
    RCC_MCOConfig                            0x08008da3   Thumb Code     6  stm32f10x_rcc.o(.text)
    RCC_ClearFlag                            0x08008da9   Thumb Code    14  stm32f10x_rcc.o(.text)
    RCC_GetITStatus                          0x08008db7   Thumb Code    20  stm32f10x_rcc.o(.text)
    RCC_ClearITPendingBit                    0x08008dcb   Thumb Code     6  stm32f10x_rcc.o(.text)
    SPI_I2S_DeInit                           0x08008df5   Thumb Code    76  stm32f10x_spi.o(.text)
    SPI_Init                                 0x08008e41   Thumb Code    60  stm32f10x_spi.o(.text)
    I2S_Init                                 0x08008e7d   Thumb Code   226  stm32f10x_spi.o(.text)
    SPI_StructInit                           0x08008f5f   Thumb Code    24  stm32f10x_spi.o(.text)
    I2S_StructInit                           0x08008f77   Thumb Code    20  stm32f10x_spi.o(.text)
    SPI_Cmd                                  0x08008f8b   Thumb Code    24  stm32f10x_spi.o(.text)
    I2S_Cmd                                  0x08008fa3   Thumb Code    24  stm32f10x_spi.o(.text)
    SPI_I2S_ITConfig                         0x08008fbb   Thumb Code    32  stm32f10x_spi.o(.text)
    SPI_I2S_DMACmd                           0x08008fdb   Thumb Code    18  stm32f10x_spi.o(.text)
    SPI_I2S_SendData                         0x08008fed   Thumb Code     4  stm32f10x_spi.o(.text)
    SPI_I2S_ReceiveData                      0x08008ff1   Thumb Code     6  stm32f10x_spi.o(.text)
    SPI_NSSInternalSoftwareConfig            0x08008ff7   Thumb Code    30  stm32f10x_spi.o(.text)
    SPI_SSOutputCmd                          0x08009015   Thumb Code    24  stm32f10x_spi.o(.text)
    SPI_DataSizeConfig                       0x0800902d   Thumb Code    18  stm32f10x_spi.o(.text)
    SPI_TransmitCRC                          0x0800903f   Thumb Code    10  stm32f10x_spi.o(.text)
    SPI_CalculateCRC                         0x08009049   Thumb Code    24  stm32f10x_spi.o(.text)
    SPI_GetCRC                               0x08009061   Thumb Code    16  stm32f10x_spi.o(.text)
    SPI_GetCRCPolynomial                     0x08009071   Thumb Code     6  stm32f10x_spi.o(.text)
    SPI_BiDirectionalLineConfig              0x08009077   Thumb Code    28  stm32f10x_spi.o(.text)
    SPI_I2S_GetFlagStatus                    0x08009093   Thumb Code    18  stm32f10x_spi.o(.text)
    SPI_I2S_ClearFlag                        0x080090a5   Thumb Code     6  stm32f10x_spi.o(.text)
    SPI_I2S_GetITStatus                      0x080090ab   Thumb Code    52  stm32f10x_spi.o(.text)
    SPI_I2S_ClearITPendingBit                0x080090df   Thumb Code    20  stm32f10x_spi.o(.text)
    USART_DeInit                             0x08009101   Thumb Code   134  stm32f10x_usart.o(.text)
    USART_Init                               0x08009187   Thumb Code   210  stm32f10x_usart.o(.text)
    USART_StructInit                         0x08009259   Thumb Code    24  stm32f10x_usart.o(.text)
    USART_ClockInit                          0x08009271   Thumb Code    34  stm32f10x_usart.o(.text)
    USART_ClockStructInit                    0x08009293   Thumb Code    12  stm32f10x_usart.o(.text)
    USART_Cmd                                0x0800929f   Thumb Code    24  stm32f10x_usart.o(.text)
    USART_ITConfig                           0x080092b7   Thumb Code    74  stm32f10x_usart.o(.text)
    USART_DMACmd                             0x08009301   Thumb Code    18  stm32f10x_usart.o(.text)
    USART_SetAddress                         0x08009313   Thumb Code    18  stm32f10x_usart.o(.text)
    USART_WakeUpConfig                       0x08009325   Thumb Code    18  stm32f10x_usart.o(.text)
    USART_ReceiverWakeUpCmd                  0x08009337   Thumb Code    24  stm32f10x_usart.o(.text)
    USART_LINBreakDetectLengthConfig         0x0800934f   Thumb Code    18  stm32f10x_usart.o(.text)
    USART_LINCmd                             0x08009361   Thumb Code    24  stm32f10x_usart.o(.text)
    USART_SendData                           0x08009379   Thumb Code     8  stm32f10x_usart.o(.text)
    USART_ReceiveData                        0x08009381   Thumb Code    10  stm32f10x_usart.o(.text)
    USART_SendBreak                          0x0800938b   Thumb Code    10  stm32f10x_usart.o(.text)
    USART_SetGuardTime                       0x08009395   Thumb Code    16  stm32f10x_usart.o(.text)
    USART_SetPrescaler                       0x080093a5   Thumb Code    16  stm32f10x_usart.o(.text)
    USART_SmartCardCmd                       0x080093b5   Thumb Code    24  stm32f10x_usart.o(.text)
    USART_SmartCardNACKCmd                   0x080093cd   Thumb Code    24  stm32f10x_usart.o(.text)
    USART_HalfDuplexCmd                      0x080093e5   Thumb Code    24  stm32f10x_usart.o(.text)
    USART_OverSampling8Cmd                   0x080093fd   Thumb Code    22  stm32f10x_usart.o(.text)
    USART_OneBitMethodCmd                    0x08009413   Thumb Code    24  stm32f10x_usart.o(.text)
    USART_IrDAConfig                         0x0800942b   Thumb Code    18  stm32f10x_usart.o(.text)
    USART_IrDACmd                            0x0800943d   Thumb Code    24  stm32f10x_usart.o(.text)
    USART_GetFlagStatus                      0x08009455   Thumb Code    26  stm32f10x_usart.o(.text)
    USART_ClearFlag                          0x0800946f   Thumb Code    18  stm32f10x_usart.o(.text)
    USART_GetITStatus                        0x08009481   Thumb Code    84  stm32f10x_usart.o(.text)
    USART_ClearITPendingBit                  0x080094d5   Thumb Code    52  stm32f10x_usart.o(.text)
    TIM_DeInit                               0x08009509   Thumb Code   424  stm32f10x_tim.o(.text)
    TIM_TimeBaseInit                         0x080096b1   Thumb Code   122  stm32f10x_tim.o(.text)
    TIM_OC1Init                              0x0800972b   Thumb Code   132  stm32f10x_tim.o(.text)
    TIM_OC2Init                              0x080097af   Thumb Code   154  stm32f10x_tim.o(.text)
    TIM_OC3Init                              0x08009849   Thumb Code   150  stm32f10x_tim.o(.text)
    TIM_OC4Init                              0x080098df   Thumb Code   182  stm32f10x_tim.o(.text)
    TIM_SetIC4Prescaler                      0x08009995   Thumb Code    26  stm32f10x_tim.o(.text)
    TIM_SetIC3Prescaler                      0x08009a31   Thumb Code    18  stm32f10x_tim.o(.text)
    TIM_SetIC2Prescaler                      0x08009abd   Thumb Code    26  stm32f10x_tim.o(.text)
    TIM_SetIC1Prescaler                      0x08009b59   Thumb Code    18  stm32f10x_tim.o(.text)
    TIM_ICInit                               0x08009bd7   Thumb Code   150  stm32f10x_tim.o(.text)
    TIM_PWMIConfig                           0x08009c6d   Thumb Code   124  stm32f10x_tim.o(.text)
    TIM_BDTRConfig                           0x08009ce9   Thumb Code    32  stm32f10x_tim.o(.text)
    TIM_TimeBaseStructInit                   0x08009d09   Thumb Code    18  stm32f10x_tim.o(.text)
    TIM_OCStructInit                         0x08009d1b   Thumb Code    20  stm32f10x_tim.o(.text)
    TIM_ICStructInit                         0x08009d2f   Thumb Code    18  stm32f10x_tim.o(.text)
    TIM_BDTRStructInit                       0x08009d41   Thumb Code    40  stm32f10x_tim.o(.text)
    TIM_Cmd                                  0x08009d69   Thumb Code    24  stm32f10x_tim.o(.text)
    TIM_CtrlPWMOutputs                       0x08009d81   Thumb Code    30  stm32f10x_tim.o(.text)
    TIM_ITConfig                             0x08009d9f   Thumb Code    18  stm32f10x_tim.o(.text)
    TIM_GenerateEvent                        0x08009db1   Thumb Code     4  stm32f10x_tim.o(.text)
    TIM_DMAConfig                            0x08009db5   Thumb Code    10  stm32f10x_tim.o(.text)
    TIM_DMACmd                               0x08009dbf   Thumb Code    18  stm32f10x_tim.o(.text)
    TIM_InternalClockConfig                  0x08009dd1   Thumb Code    12  stm32f10x_tim.o(.text)
    TIM_SelectInputTrigger                   0x08009ddd   Thumb Code    18  stm32f10x_tim.o(.text)
    TIM_ITRxExternalClockConfig              0x08009def   Thumb Code    24  stm32f10x_tim.o(.text)
    TIM_TIxExternalClockConfig               0x08009e07   Thumb Code    62  stm32f10x_tim.o(.text)
    TIM_ETRConfig                            0x08009e45   Thumb Code    28  stm32f10x_tim.o(.text)
    TIM_ETRClockMode1Config                  0x08009e61   Thumb Code    54  stm32f10x_tim.o(.text)
    TIM_ETRClockMode2Config                  0x08009e97   Thumb Code    32  stm32f10x_tim.o(.text)
    TIM_PrescalerConfig                      0x08009eb7   Thumb Code     6  stm32f10x_tim.o(.text)
    TIM_CounterModeConfig                    0x08009ebd   Thumb Code    18  stm32f10x_tim.o(.text)
    TIM_EncoderInterfaceConfig               0x08009ecf   Thumb Code    66  stm32f10x_tim.o(.text)
    TIM_ForcedOC1Config                      0x08009f11   Thumb Code    18  stm32f10x_tim.o(.text)
    TIM_ForcedOC2Config                      0x08009f23   Thumb Code    26  stm32f10x_tim.o(.text)
    TIM_ForcedOC3Config                      0x08009f3d   Thumb Code    18  stm32f10x_tim.o(.text)
    TIM_ForcedOC4Config                      0x08009f4f   Thumb Code    26  stm32f10x_tim.o(.text)
    TIM_ARRPreloadConfig                     0x08009f69   Thumb Code    24  stm32f10x_tim.o(.text)
    TIM_SelectCOM                            0x08009f81   Thumb Code    24  stm32f10x_tim.o(.text)
    TIM_SelectCCDMA                          0x08009f99   Thumb Code    24  stm32f10x_tim.o(.text)
    TIM_CCPreloadControl                     0x08009fb1   Thumb Code    24  stm32f10x_tim.o(.text)
    TIM_OC1PreloadConfig                     0x08009fc9   Thumb Code    18  stm32f10x_tim.o(.text)
    TIM_OC2PreloadConfig                     0x08009fdb   Thumb Code    26  stm32f10x_tim.o(.text)
    TIM_OC3PreloadConfig                     0x08009ff5   Thumb Code    18  stm32f10x_tim.o(.text)
    TIM_OC4PreloadConfig                     0x0800a007   Thumb Code    26  stm32f10x_tim.o(.text)
    TIM_OC1FastConfig                        0x0800a021   Thumb Code    18  stm32f10x_tim.o(.text)
    TIM_OC2FastConfig                        0x0800a033   Thumb Code    26  stm32f10x_tim.o(.text)
    TIM_OC3FastConfig                        0x0800a04d   Thumb Code    18  stm32f10x_tim.o(.text)
    TIM_OC4FastConfig                        0x0800a05f   Thumb Code    26  stm32f10x_tim.o(.text)
    TIM_ClearOC1Ref                          0x0800a079   Thumb Code    18  stm32f10x_tim.o(.text)
    TIM_ClearOC2Ref                          0x0800a08b   Thumb Code    24  stm32f10x_tim.o(.text)
    TIM_ClearOC3Ref                          0x0800a0a3   Thumb Code    18  stm32f10x_tim.o(.text)
    TIM_ClearOC4Ref                          0x0800a0b5   Thumb Code    24  stm32f10x_tim.o(.text)
    TIM_OC1PolarityConfig                    0x0800a0cd   Thumb Code    18  stm32f10x_tim.o(.text)
    TIM_OC1NPolarityConfig                   0x0800a0df   Thumb Code    18  stm32f10x_tim.o(.text)
    TIM_OC2PolarityConfig                    0x0800a0f1   Thumb Code    26  stm32f10x_tim.o(.text)
    TIM_OC2NPolarityConfig                   0x0800a10b   Thumb Code    26  stm32f10x_tim.o(.text)
    TIM_OC3PolarityConfig                    0x0800a125   Thumb Code    26  stm32f10x_tim.o(.text)
    TIM_OC3NPolarityConfig                   0x0800a13f   Thumb Code    26  stm32f10x_tim.o(.text)
    TIM_OC4PolarityConfig                    0x0800a159   Thumb Code    26  stm32f10x_tim.o(.text)
    TIM_CCxCmd                               0x0800a173   Thumb Code    30  stm32f10x_tim.o(.text)
    TIM_CCxNCmd                              0x0800a191   Thumb Code    30  stm32f10x_tim.o(.text)
    TIM_SelectOCxM                           0x0800a1af   Thumb Code    82  stm32f10x_tim.o(.text)
    TIM_UpdateDisableConfig                  0x0800a201   Thumb Code    24  stm32f10x_tim.o(.text)
    TIM_UpdateRequestConfig                  0x0800a219   Thumb Code    24  stm32f10x_tim.o(.text)
    TIM_SelectHallSensor                     0x0800a231   Thumb Code    24  stm32f10x_tim.o(.text)
    TIM_SelectOnePulseMode                   0x0800a249   Thumb Code    18  stm32f10x_tim.o(.text)
    TIM_SelectOutputTrigger                  0x0800a25b   Thumb Code    18  stm32f10x_tim.o(.text)
    TIM_SelectSlaveMode                      0x0800a26d   Thumb Code    18  stm32f10x_tim.o(.text)
    TIM_SelectMasterSlaveMode                0x0800a27f   Thumb Code    18  stm32f10x_tim.o(.text)
    TIM_SetCounter                           0x0800a291   Thumb Code     4  stm32f10x_tim.o(.text)
    TIM_SetAutoreload                        0x0800a295   Thumb Code     4  stm32f10x_tim.o(.text)
    TIM_SetCompare1                          0x0800a299   Thumb Code     4  stm32f10x_tim.o(.text)
    TIM_SetCompare2                          0x0800a29d   Thumb Code     4  stm32f10x_tim.o(.text)
    TIM_SetCompare3                          0x0800a2a1   Thumb Code     4  stm32f10x_tim.o(.text)
    TIM_SetCompare4                          0x0800a2a5   Thumb Code     6  stm32f10x_tim.o(.text)
    TIM_SetClockDivision                     0x0800a2ab   Thumb Code    18  stm32f10x_tim.o(.text)
    TIM_GetCapture1                          0x0800a2bd   Thumb Code     6  stm32f10x_tim.o(.text)
    TIM_GetCapture2                          0x0800a2c3   Thumb Code     6  stm32f10x_tim.o(.text)
    TIM_GetCapture3                          0x0800a2c9   Thumb Code     6  stm32f10x_tim.o(.text)
    TIM_GetCapture4                          0x0800a2cf   Thumb Code     8  stm32f10x_tim.o(.text)
    TIM_GetCounter                           0x0800a2d7   Thumb Code     6  stm32f10x_tim.o(.text)
    TIM_GetPrescaler                         0x0800a2dd   Thumb Code     6  stm32f10x_tim.o(.text)
    TIM_GetFlagStatus                        0x0800a2e3   Thumb Code    18  stm32f10x_tim.o(.text)
    TIM_ClearFlag                            0x0800a2f5   Thumb Code     6  stm32f10x_tim.o(.text)
    TIM_GetITStatus                          0x0800a2fb   Thumb Code    34  stm32f10x_tim.o(.text)
    TIM_ClearITPendingBit                    0x0800a31d   Thumb Code     6  stm32f10x_tim.o(.text)
    DMA_DeInit                               0x0800a325   Thumb Code   324  stm32f10x_dma.o(.text)
    DMA_Init                                 0x0800a469   Thumb Code    60  stm32f10x_dma.o(.text)
    DMA_StructInit                           0x0800a4a5   Thumb Code    26  stm32f10x_dma.o(.text)
    DMA_Cmd                                  0x0800a4bf   Thumb Code    24  stm32f10x_dma.o(.text)
    DMA_ITConfig                             0x0800a4d7   Thumb Code    18  stm32f10x_dma.o(.text)
    DMA_SetCurrDataCounter                   0x0800a4e9   Thumb Code     4  stm32f10x_dma.o(.text)
    DMA_GetCurrDataCounter                   0x0800a4ed   Thumb Code     8  stm32f10x_dma.o(.text)
    DMA_GetFlagStatus                        0x0800a4f5   Thumb Code    40  stm32f10x_dma.o(.text)
    DMA_ClearFlag                            0x0800a51d   Thumb Code    22  stm32f10x_dma.o(.text)
    DMA_GetITStatus                          0x0800a533   Thumb Code    40  stm32f10x_dma.o(.text)
    DMA_ClearITPendingBit                    0x0800a55b   Thumb Code    22  stm32f10x_dma.o(.text)
    SDIO_DeInit                              0x0800a579   Thumb Code    28  stm32f10x_sdio.o(.text)
    SDIO_Init                                0x0800a595   Thumb Code    42  stm32f10x_sdio.o(.text)
    SDIO_StructInit                          0x0800a5bf   Thumb Code    16  stm32f10x_sdio.o(.text)
    SDIO_ClockCmd                            0x0800a5cf   Thumb Code     6  stm32f10x_sdio.o(.text)
    SDIO_SetPowerState                       0x0800a5d5   Thumb Code    22  stm32f10x_sdio.o(.text)
    SDIO_GetPowerState                       0x0800a5eb   Thumb Code    10  stm32f10x_sdio.o(.text)
    SDIO_ITConfig                            0x0800a5f5   Thumb Code    26  stm32f10x_sdio.o(.text)
    SDIO_DMACmd                              0x0800a60f   Thumb Code     6  stm32f10x_sdio.o(.text)
    SDIO_SendCommand                         0x0800a615   Thumb Code    38  stm32f10x_sdio.o(.text)
    SDIO_CmdStructInit                       0x0800a63b   Thumb Code    14  stm32f10x_sdio.o(.text)
    SDIO_GetCommandResponse                  0x0800a649   Thumb Code     8  stm32f10x_sdio.o(.text)
    SDIO_GetResponse                         0x0800a651   Thumb Code    22  stm32f10x_sdio.o(.text)
    SDIO_DataConfig                          0x0800a667   Thumb Code    42  stm32f10x_sdio.o(.text)
    SDIO_DataStructInit                      0x0800a691   Thumb Code    20  stm32f10x_sdio.o(.text)
    SDIO_GetDataCounter                      0x0800a6a5   Thumb Code     6  stm32f10x_sdio.o(.text)
    SDIO_ReadData                            0x0800a6ab   Thumb Code     8  stm32f10x_sdio.o(.text)
    SDIO_WriteData                           0x0800a6b3   Thumb Code     8  stm32f10x_sdio.o(.text)
    SDIO_GetFIFOCount                        0x0800a6bb   Thumb Code     6  stm32f10x_sdio.o(.text)
    SDIO_StartSDIOReadWait                   0x0800a6c1   Thumb Code     8  stm32f10x_sdio.o(.text)
    SDIO_StopSDIOReadWait                    0x0800a6c9   Thumb Code     8  stm32f10x_sdio.o(.text)
    SDIO_SetSDIOReadWaitMode                 0x0800a6d1   Thumb Code     8  stm32f10x_sdio.o(.text)
    SDIO_SetSDIOOperation                    0x0800a6d9   Thumb Code     8  stm32f10x_sdio.o(.text)
    SDIO_SendSDIOSuspendCmd                  0x0800a6e1   Thumb Code     6  stm32f10x_sdio.o(.text)
    SDIO_CommandCompletionCmd                0x0800a6e7   Thumb Code     8  stm32f10x_sdio.o(.text)
    SDIO_CEATAITCmd                          0x0800a6ef   Thumb Code    12  stm32f10x_sdio.o(.text)
    SDIO_SendCEATACmd                        0x0800a6fb   Thumb Code     8  stm32f10x_sdio.o(.text)
    SDIO_GetFlagStatus                       0x0800a703   Thumb Code    20  stm32f10x_sdio.o(.text)
    SDIO_ClearFlag                           0x0800a717   Thumb Code     6  stm32f10x_sdio.o(.text)
    SDIO_GetITStatus                         0x0800a71d   Thumb Code    20  stm32f10x_sdio.o(.text)
    SDIO_ClearITPendingBit                   0x0800a731   Thumb Code     6  stm32f10x_sdio.o(.text)
    mymemcpy                                 0x0800a74d   Thumb Code    26  malloc.o(.text)
    mymemset                                 0x0800a767   Thumb Code    20  malloc.o(.text)
    my_mem_init                              0x0800a77b   Thumb Code    54  malloc.o(.text)
    my_mem_perused                           0x0800a7b1   Thumb Code    54  malloc.o(.text)
    my_mem_malloc                            0x0800a7e7   Thumb Code   154  malloc.o(.text)
    my_mem_free                              0x0800a881   Thumb Code    94  malloc.o(.text)
    myfree                                   0x0800a8df   Thumb Code    32  malloc.o(.text)
    mymalloc                                 0x0800a8ff   Thumb Code    36  malloc.o(.text)
    myrealloc                                0x0800a923   Thumb Code    68  malloc.o(.text)
    disk_status                              0x0800a979   Thumb Code     6  diskio.o(.text)
    disk_initialize                          0x0800a97f   Thumb Code    52  diskio.o(.text)
    disk_read                                0x0800a9b3   Thumb Code   122  diskio.o(.text)
    disk_write                               0x0800aa2d   Thumb Code   122  diskio.o(.text)
    disk_ioctl                               0x0800aaa7   Thumb Code   170  diskio.o(.text)
    get_fattime                              0x0800ab51   Thumb Code     4  diskio.o(.text)
    ff_memalloc                              0x0800ab55   Thumb Code    14  diskio.o(.text)
    ff_memfree                               0x0800ab63   Thumb Code    14  diskio.o(.text)
    clust2sect                               0x0800ad2f   Thumb Code    26  ff.o(.text)
    get_fat                                  0x0800ad49   Thumb Code   242  ff.o(.text)
    put_fat                                  0x0800ae3b   Thumb Code   322  ff.o(.text)
    dir_sdi                                  0x0800b0f1   Thumb Code   158  ff.o(.text)
    f_mount                                  0x0800c17b   Thumb Code    86  ff.o(.text)
    f_open                                   0x0800c1d1   Thumb Code   384  ff.o(.text)
    f_read                                   0x0800c351   Thumb Code   450  ff.o(.text)
    f_write                                  0x0800c513   Thumb Code   490  ff.o(.text)
    f_sync                                   0x0800c6fd   Thumb Code   176  ff.o(.text)
    f_close                                  0x0800c7ad   Thumb Code    32  ff.o(.text)
    f_lseek                                  0x0800c7cd   Thumb Code   684  ff.o(.text)
    f_opendir                                0x0800ca79   Thumb Code   136  ff.o(.text)
    f_closedir                               0x0800cb01   Thumb Code    22  ff.o(.text)
    f_readdir                                0x0800cb17   Thumb Code   114  ff.o(.text)
    f_stat                                   0x0800cb89   Thumb Code    84  ff.o(.text)
    f_getfree                                0x0800cbdd   Thumb Code   258  ff.o(.text)
    f_truncate                               0x0800ccdf   Thumb Code   184  ff.o(.text)
    f_unlink                                 0x0800cd97   Thumb Code   190  ff.o(.text)
    f_mkdir                                  0x0800ce55   Thumb Code   380  ff.o(.text)
    f_chmod                                  0x0800cfd1   Thumb Code   112  ff.o(.text)
    f_rename                                 0x0800d041   Thumb Code   290  ff.o(.text)
    f_utime                                  0x0800d163   Thumb Code   110  ff.o(.text)
    f_getlabel                               0x0800d1d1   Thumb Code   190  ff.o(.text)
    f_setlabel                               0x0800d28f   Thumb Code   482  ff.o(.text)
    f_mkfs                                   0x0800d471   Thumb Code  1578  ff.o(.text)
    f_gets                                   0x0800da9b   Thumb Code    82  ff.o(.text)
    f_putc                                   0x0800db31   Thumb Code    64  ff.o(.text)
    f_puts                                   0x0800db71   Thumb Code    74  ff.o(.text)
    f_printf                                 0x0800dbbb   Thumb Code   674  ff.o(.text)
    exfuns_init                              0x0800de5d   Thumb Code   114  exfuns.o(.text)
    char_upper                               0x0800decf   Thumb Code    26  exfuns.o(.text)
    f_typetell                               0x0800dee9   Thumb Code   188  exfuns.o(.text)
    exf_getfree                              0x0800dfa5   Thumb Code    74  exfuns.o(.text)
    mf_mount                                 0x0800e005   Thumb Code    20  fattester.o(.text)
    mf_open                                  0x0800e019   Thumb Code    24  fattester.o(.text)
    mf_close                                 0x0800e031   Thumb Code    14  fattester.o(.text)
    mf_read                                  0x0800e03f   Thumb Code   224  fattester.o(.text)
    mf_write                                 0x0800e11f   Thumb Code    68  fattester.o(.text)
    mf_opendir                               0x0800e163   Thumb Code    14  fattester.o(.text)
    mf_closedir                              0x0800e171   Thumb Code    10  fattester.o(.text)
    mf_readdir                               0x0800e17b   Thumb Code   204  fattester.o(.text)
    mf_scan_files                            0x0800e247   Thumb Code   120  fattester.o(.text)
    mf_showfree                              0x0800e2bf   Thumb Code    88  fattester.o(.text)
    mf_lseek                                 0x0800e317   Thumb Code    16  fattester.o(.text)
    mf_tell                                  0x0800e327   Thumb Code     8  fattester.o(.text)
    mf_size                                  0x0800e32f   Thumb Code     8  fattester.o(.text)
    mf_mkdir                                 0x0800e337   Thumb Code    12  fattester.o(.text)
    mf_fmkfs                                 0x0800e343   Thumb Code    20  fattester.o(.text)
    mf_unlink                                0x0800e357   Thumb Code    12  fattester.o(.text)
    mf_rename                                0x0800e363   Thumb Code    16  fattester.o(.text)
    mf_getlabel                              0x0800e373   Thumb Code    58  fattester.o(.text)
    mf_setlabel                              0x0800e3ad   Thumb Code    34  fattester.o(.text)
    mf_gets                                  0x0800e3cf   Thumb Code   698  fattester.o(.text)
    mf_putc                                  0x0800e689   Thumb Code    18  fattester.o(.text)
    mf_puts                                  0x0800e69b   Thumb Code    18  fattester.o(.text)
    ff_convert                               0x0800e6cd   Thumb Code   146  mycc936.o(.text)
    ff_wtoupper                              0x0800e75f   Thumb Code    46  mycc936.o(.text)
    usmart_sys_cmd_exe                       0x0800e799   Thumb Code  1554  usmart.o(.text)
    usmart_reset_runtime                     0x0800edab   Thumb Code    38  usmart.o(.text)
    usmart_get_runtime                       0x0800edd1   Thumb Code    60  usmart.o(.text)
    TIM4_IRQHandler                          0x0800ee0d   Thumb Code    46  usmart.o(.text)
    Timer4_Init                              0x0800ee3b   Thumb Code    88  usmart.o(.text)
    usmart_init                              0x0800ee93   Thumb Code    36  usmart.o(.text)
    usmart_cmd_rec                           0x0800eeb7   Thumb Code   170  usmart.o(.text)
    usmart_exe                               0x0800ef61   Thumb Code   870  usmart.o(.text)
    usmart_scan                              0x0800f2c7   Thumb Code   120  usmart.o(.text)
    read_addr                                0x0800f33f   Thumb Code     6  usmart.o(.text)
    write_addr                               0x0800f345   Thumb Code     4  usmart.o(.text)
    usmart_strcmp                            0x0800f3d1   Thumb Code    34  usmart_str.o(.text)
    usmart_strcopy                           0x0800f3f3   Thumb Code    22  usmart_str.o(.text)
    usmart_strlen                            0x0800f409   Thumb Code    24  usmart_str.o(.text)
    usmart_pow                               0x0800f421   Thumb Code    22  usmart_str.o(.text)
    usmart_str2num                           0x0800f437   Thumb Code   202  usmart_str.o(.text)
    usmart_get_cmdname                       0x0800f501   Thumb Code    54  usmart_str.o(.text)
    usmart_search_nextc                      0x0800f537   Thumb Code    22  usmart_str.o(.text)
    usmart_get_fname                         0x0800f54d   Thumb Code   440  usmart_str.o(.text)
    usmart_get_aparm                         0x0800f705   Thumb Code   200  usmart_str.o(.text)
    usmart_get_parmpos                       0x0800f7cd   Thumb Code    26  usmart_str.o(.text)
    usmart_get_fparam                        0x0800f7e7   Thumb Code   262  usmart_str.o(.text)
    fupd_prog                                0x0800f8f9   Thumb Code   134  fontupd.o(.text)
    updata_fontx                             0x0800f97f   Thumb Code   346  fontupd.o(.text)
    update_font                              0x0800fad9   Thumb Code   882  fontupd.o(.text)
    font_init                                0x0800fe4b   Thumb Code    64  fontupd.o(.text)
    Get_HzMat                                0x0800fec9   Thumb Code   220  text.o(.text)
    Show_Font                                0x0800ffa5   Thumb Code   190  text.o(.text)
    Show_Str                                 0x08010063   Thumb Code   192  text.o(.text)
    Show_Str_Mid                             0x08010123   Thumb Code   106  text.o(.text)
    recoder_enter_rec_mode                   0x0801019d   Thumb Code    82  recorder.o(.text)
    recoder_wav_init                         0x080101ef   Thumb Code    64  recorder.o(.text)
    recoder_show_time                        0x0801022f   Thumb Code    98  recorder.o(.text)
    recoder_new_pathname                     0x08010291   Thumb Code    54  recorder.o(.text)
    recoder_show_agc                         0x080102c7   Thumb Code    70  recorder.o(.text)
    rec_play_wav                             0x0801030d   Thumb Code   198  recorder.o(.text)
    recoder_play                             0x080103d3   Thumb Code  1016  recorder.o(.text)
    __use_no_semihosting                     0x080107f1   Thumb Code     2  use_no_semi_2.o(.text)
    __aeabi_ldivmod                          0x080107f3   Thumb Code     0  llsdiv.o(.text)
    _ll_sdiv                                 0x080107f3   Thumb Code    72  llsdiv.o(.text)
    __2printf                                0x0801083d   Thumb Code    20  noretval__2printf.o(.text)
    __2sprintf                               0x08010855   Thumb Code    34  noretval__2sprintf.o(.text)
    _printf_pre_padding                      0x0801087d   Thumb Code    44  _printf_pad.o(.text)
    _printf_post_padding                     0x080108a9   Thumb Code    34  _printf_pad.o(.text)
    _printf_str                              0x080108cb   Thumb Code    82  _printf_str.o(.text)
    _printf_int_dec                          0x0801091d   Thumb Code   104  _printf_dec.o(.text)
    _printf_int_hex                          0x08010995   Thumb Code    84  _printf_hex_int.o(.text)
    _printf_longlong_hex                     0x08010995   Thumb Code     0  _printf_hex_int.o(.text)
    __printf                                 0x080109ed   Thumb Code   388  __printf_flags_ss_wp.o(.text)
    strcpy                                   0x08010b75   Thumb Code    72  strcpy.o(.text)
    strlen                                   0x08010bbd   Thumb Code    62  strlen.o(.text)
    strcat                                   0x08010bfb   Thumb Code    24  strcat.o(.text)
    __aeabi_memcpy                           0x08010c13   Thumb Code     0  rt_memcpy_v6.o(.text)
    __rt_memcpy                              0x08010c13   Thumb Code   138  rt_memcpy_v6.o(.text)
    _memcpy_lastbytes                        0x08010c79   Thumb Code     0  rt_memcpy_v6.o(.text)
    strcmp                                   0x08010c9d   Thumb Code   128  strcmpv7m.o(.text)
    __use_two_region_memory                  0x08010d1d   Thumb Code     2  heapauxi.o(.text)
    __rt_heap_escrow$2region                 0x08010d1f   Thumb Code     2  heapauxi.o(.text)
    __rt_heap_expand$2region                 0x08010d21   Thumb Code     2  heapauxi.o(.text)
    __I$use$semihosting                      0x08010d23   Thumb Code     0  use_no_semi.o(.text)
    __use_no_semihosting_swi                 0x08010d23   Thumb Code     2  use_no_semi.o(.text)
    __aeabi_uldivmod                         0x08010d25   Thumb Code     0  lludivv7m.o(.text)
    _ll_udiv                                 0x08010d25   Thumb Code   238  lludivv7m.o(.text)
    _printf_int_common                       0x08010e13   Thumb Code   178  _printf_intcommon.o(.text)
    _printf_char_common                      0x08010ecf   Thumb Code    32  _printf_char_common.o(.text)
    _sputc                                   0x08010ef5   Thumb Code    10  _sputc.o(.text)
    _printf_cs_common                        0x08010eff   Thumb Code    20  _printf_char.o(.text)
    _printf_char                             0x08010f13   Thumb Code    16  _printf_char.o(.text)
    _printf_string                           0x08010f23   Thumb Code     8  _printf_char.o(.text)
    _printf_char_file                        0x08010f2d   Thumb Code    32  _printf_char_file.o(.text)
    __aeabi_memcpy4                          0x08010f51   Thumb Code     0  rt_memcpy_w.o(.text)
    __aeabi_memcpy8                          0x08010f51   Thumb Code     0  rt_memcpy_w.o(.text)
    __rt_memcpy_w                            0x08010f51   Thumb Code   100  rt_memcpy_w.o(.text)
    _memcpy_lastbytes_aligned                0x08010f99   Thumb Code     0  rt_memcpy_w.o(.text)
    ferror                                   0x08010fb5   Thumb Code     8  ferror.o(.text)
    __user_setup_stackheap                   0x08010fbd   Thumb Code    74  sys_stackheap_outer.o(.text)
    exit                                     0x08011007   Thumb Code    18  exit.o(.text)
    __user_libspace                          0x08011019   Thumb Code     8  libspace.o(.text)
    __user_perproc_libspace                  0x08011019   Thumb Code     0  libspace.o(.text)
    __user_perthread_libspace                0x08011019   Thumb Code     0  libspace.o(.text)
    _is_digit                                0x08011021   Thumb Code    14  __printf_wp.o(i._is_digit)
    __aeabi_d2uiz                            0x08011031   Thumb Code     0  dfixu.o(x$fpl$dfixu)
    _dfixu                                   0x08011031   Thumb Code    90  dfixu.o(x$fpl$dfixu)
    __aeabi_ui2d                             0x0801108b   Thumb Code     0  dflt_clz.o(x$fpl$dfltu)
    _dfltu                                   0x0801108b   Thumb Code    38  dflt_clz.o(x$fpl$dfltu)
    __aeabi_dmul                             0x080110b1   Thumb Code     0  dmul.o(x$fpl$dmul)
    _dmul                                    0x080110b1   Thumb Code   332  dmul.o(x$fpl$dmul)
    __fpl_dnaninf                            0x08011205   Thumb Code   156  dnaninf.o(x$fpl$dnaninf)
    __fpl_dretinf                            0x080112a1   Thumb Code    12  dretinf.o(x$fpl$dretinf)
    __fpl_fcmp_Inf                           0x080112ad   Thumb Code    24  fcmpi.o(x$fpl$fcmpinf)
    __aeabi_fdiv                             0x080112c5   Thumb Code     0  fdiv.o(x$fpl$fdiv)
    _fdiv                                    0x080112c5   Thumb Code   384  fdiv.o(x$fpl$fdiv)
    __aeabi_cfcmpeq                          0x08011449   Thumb Code     0  feqf.o(x$fpl$feqf)
    _fcmpeq                                  0x08011449   Thumb Code   104  feqf.o(x$fpl$feqf)
    __aeabi_f2uiz                            0x080114b1   Thumb Code     0  ffixu.o(x$fpl$ffixu)
    _ffixu                                   0x080114b1   Thumb Code    62  ffixu.o(x$fpl$ffixu)
    __aeabi_ui2f                             0x080114f1   Thumb Code     0  fflt_clz.o(x$fpl$ffltu)
    _ffltu                                   0x080114f1   Thumb Code    38  fflt_clz.o(x$fpl$ffltu)
    __aeabi_fmul                             0x08011519   Thumb Code     0  fmul.o(x$fpl$fmul)
    _fmul                                    0x08011519   Thumb Code   258  fmul.o(x$fpl$fmul)
    __fpl_fnaninf                            0x0801161b   Thumb Code   140  fnaninf.o(x$fpl$fnaninf)
    __fpl_fretinf                            0x080116a7   Thumb Code    10  fretinf.o(x$fpl$fretinf)
    __I$use$fp                               0x080116b0   Number         0  usenofp.o(x$fpl$usenofp)
    asc2_1206                                0x080116b0   Data        1140  lcd.o(.constdata)
    asc2_1608                                0x08011b24   Data        1520  lcd.o(.constdata)
    asc2_2412                                0x08012114   Data        3420  lcd.o(.constdata)
    bitrate                                  0x08012e70   Data          64  vs10xx.o(.constdata)
    memtblsize                               0x08012eb0   Data           8  malloc.o(.constdata)
    memblksize                               0x08012eb8   Data           8  malloc.o(.constdata)
    memsize                                  0x08012ec0   Data           8  malloc.o(.constdata)
    FILE_TYPE_TBL                            0x08012f04   Data         312  exfuns.o(.constdata)
    GBK24_PATH                               0x080133fc   Data           4  fontupd.o(.constdata)
    GBK16_PATH                               0x08013400   Data           4  fontupd.o(.constdata)
    GBK12_PATH                               0x08013404   Data           4  fontupd.o(.constdata)
    UNIGBK_PATH                              0x08013408   Data           4  fontupd.o(.constdata)
    wav_plugin                               0x0801340c   Data          80  recorder.o(.constdata)
    Region$$Table$$Base                      0x08013990   Number         0  anon$$obj.o(Region$$Table)
    Region$$Table$$Limit                     0x080139b0   Number         0  anon$$obj.o(Region$$Table)
    SystemCoreClock                          0x20000000   Data           4  system_stm32f10x.o(.data)
    AHBPrescTable                            0x20000004   Data          16  system_stm32f10x.o(.data)
    tpad_default_val                         0x20000016   Data           2  tpad.o(.data)
    POINT_COLOR                              0x2000001a   Data           2  lcd.o(.data)
    BACK_COLOR                               0x2000001c   Data           2  lcd.o(.data)
    W25QXX_TYPE                              0x2000001e   Data           2  w25qxx.o(.data)
    TransferError                            0x2000002a   Data           1  sdio_sdcard.o(.data)
    TransferEnd                              0x2000002b   Data           1  sdio_sdcard.o(.data)
    tempbuff                                 0x2000002c   Data           4  sdio_sdcard.o(.data)
    vsset                                    0x20000030   Data           8  vs10xx.o(.data)
    __stdout                                 0x2000003c   Data           4  usart.o(.data)
    USART_RX_STA                             0x20000040   Data           2  usart.o(.data)
    mallco_dev                               0x20000058   Data          28  malloc.o(.data)
    FLASH_SECTOR_COUNT                       0x20000074   Data           2  diskio.o(.data)
    fs                                       0x20000084   Data           8  exfuns.o(.data)
    file                                     0x2000008c   Data           4  exfuns.o(.data)
    ftemp                                    0x20000090   Data           4  exfuns.o(.data)
    br                                       0x20000094   Data           4  exfuns.o(.data)
    bw                                       0x20000098   Data           4  exfuns.o(.data)
    fatbuf                                   0x2000009c   Data           4  exfuns.o(.data)
    sys_cmd_tab                              0x200000a0   Data          28  usmart.o(.data)
    usmart_nametab                           0x200000bc   Data         264  usmart_config.o(.data)
    usmart_dev                               0x200001c4   Data         244  usmart_config.o(.data)
    lcddev                                   0x200002b8   Data          14  lcd.o(.bss)
    W25QXX_BUFFER                            0x200002c6   Data        4096  w25qxx.o(.bss)
    SDIO_InitStructure                       0x200012c8   Data          24  sdio_sdcard.o(.bss)
    SDIO_CmdInitStructure                    0x200012e0   Data          20  sdio_sdcard.o(.bss)
    SDIO_DataInitStructure                   0x200012f4   Data          24  sdio_sdcard.o(.bss)
    SDCardInfo                               0x20001330   Data          88  sdio_sdcard.o(.bss)
    SDIO_DATA_BUFFER                         0x20001388   Data         512  sdio_sdcard.o(.bss)
    USART_RX_BUF                             0x20001588   Data         200  usart.o(.bss)
    mem1base                                 0x20001660   Data       40960  malloc.o(.bss)
    mem1mapbase                              0x2000b660   Data        2560  malloc.o(.bss)
    fileinfo                                 0x2000c060   Data          32  exfuns.o(.bss)
    dir                                      0x2000c080   Data          36  exfuns.o(.bss)
    ftinfo                                   0x2000c0a4   Data          33  fontupd.o(.bss)
    __libspace_start                         0x2000c0c8   Data          96  libspace.o(.bss)
    __temporary_stack_top$libspace           0x2000c128   Data           0  libspace.o(.bss)
    mem2base                                 0x68000000   Data       983040  malloc.o(.ARM.__AT_0x68000000)
    mem2mapbase                              0x680f0000   Data       61440  malloc.o(.ARM.__AT_0x680F0000)



==============================================================================

Memory Map of the image

  Image Entry point : 0x08000131

  Load Region LR_IROM1 (Base: 0x08000000, Size: 0x00013c68, Max: 0x00080000, ABSOLUTE, COMPRESSED[0x00013af4])

    Execution Region ER_IROM1 (Exec base: 0x08000000, Load base: 0x08000000, Size: 0x000139b0, Max: 0x00080000, ABSOLUTE)

    Exec Addr    Load Addr    Size         Type   Attr      Idx    E Section Name        Object

    0x08000000   0x08000000   0x00000130   Data   RO          455    RESET               startup_stm32f10x_hd.o
    0x08000130   0x08000130   0x00000008   Code   RO          860  * !!!main             c_w.l(__main.o)
    0x08000138   0x08000138   0x00000034   Code   RO         1089    !!!scatter          c_w.l(__scatter.o)
    0x0800016c   0x0800016c   0x0000005a   Code   RO         1087    !!dczerorl2         c_w.l(__dczerorl2.o)
    0x080001c6   0x080001c6   0x00000002   PAD
    0x080001c8   0x080001c8   0x0000001c   Code   RO         1091    !!handler_zi        c_w.l(__scatter_zi.o)
    0x080001e4   0x080001e4   0x00000000   Code   RO          847    .ARM.Collect$$_printf_percent$$00000000  c_w.l(_printf_percent.o)
    0x080001e4   0x080001e4   0x00000006   Code   RO          845    .ARM.Collect$$_printf_percent$$00000009  c_w.l(_printf_d.o)
    0x080001ea   0x080001ea   0x00000006   Code   RO          846    .ARM.Collect$$_printf_percent$$0000000A  c_w.l(_printf_u.o)
    0x080001f0   0x080001f0   0x00000006   Code   RO          844    .ARM.Collect$$_printf_percent$$0000000C  c_w.l(_printf_x.o)
    0x080001f6   0x080001f6   0x00000006   Code   RO          842    .ARM.Collect$$_printf_percent$$00000013  c_w.l(_printf_c.o)
    0x080001fc   0x080001fc   0x00000006   Code   RO          843    .ARM.Collect$$_printf_percent$$00000014  c_w.l(_printf_s.o)
    0x08000202   0x08000202   0x00000004   Code   RO          907    .ARM.Collect$$_printf_percent$$00000017  c_w.l(_printf_percent_end.o)
    0x08000206   0x08000206   0x00000002   Code   RO          957    .ARM.Collect$$libinit$$00000000  c_w.l(libinit.o)
    0x08000208   0x08000208   0x00000000   Code   RO          968    .ARM.Collect$$libinit$$00000002  c_w.l(libinit2.o)
    0x08000208   0x08000208   0x00000000   Code   RO          970    .ARM.Collect$$libinit$$00000004  c_w.l(libinit2.o)
    0x08000208   0x08000208   0x00000000   Code   RO          973    .ARM.Collect$$libinit$$0000000A  c_w.l(libinit2.o)
    0x08000208   0x08000208   0x00000000   Code   RO          975    .ARM.Collect$$libinit$$0000000C  c_w.l(libinit2.o)
    0x08000208   0x08000208   0x00000000   Code   RO          977    .ARM.Collect$$libinit$$0000000E  c_w.l(libinit2.o)
    0x08000208   0x08000208   0x00000000   Code   RO          980    .ARM.Collect$$libinit$$00000011  c_w.l(libinit2.o)
    0x08000208   0x08000208   0x00000000   Code   RO          982    .ARM.Collect$$libinit$$00000013  c_w.l(libinit2.o)
    0x08000208   0x08000208   0x00000000   Code   RO          984    .ARM.Collect$$libinit$$00000015  c_w.l(libinit2.o)
    0x08000208   0x08000208   0x00000000   Code   RO          986    .ARM.Collect$$libinit$$00000017  c_w.l(libinit2.o)
    0x08000208   0x08000208   0x00000000   Code   RO          988    .ARM.Collect$$libinit$$00000019  c_w.l(libinit2.o)
    0x08000208   0x08000208   0x00000000   Code   RO          990    .ARM.Collect$$libinit$$0000001B  c_w.l(libinit2.o)
    0x08000208   0x08000208   0x00000000   Code   RO          992    .ARM.Collect$$libinit$$0000001D  c_w.l(libinit2.o)
    0x08000208   0x08000208   0x00000000   Code   RO          994    .ARM.Collect$$libinit$$0000001F  c_w.l(libinit2.o)
    0x08000208   0x08000208   0x00000000   Code   RO          996    .ARM.Collect$$libinit$$00000021  c_w.l(libinit2.o)
    0x08000208   0x08000208   0x00000000   Code   RO          998    .ARM.Collect$$libinit$$00000023  c_w.l(libinit2.o)
    0x08000208   0x08000208   0x00000000   Code   RO         1000    .ARM.Collect$$libinit$$00000025  c_w.l(libinit2.o)
    0x08000208   0x08000208   0x00000000   Code   RO         1004    .ARM.Collect$$libinit$$0000002C  c_w.l(libinit2.o)
    0x08000208   0x08000208   0x00000000   Code   RO         1006    .ARM.Collect$$libinit$$0000002E  c_w.l(libinit2.o)
    0x08000208   0x08000208   0x00000000   Code   RO         1008    .ARM.Collect$$libinit$$00000030  c_w.l(libinit2.o)
    0x08000208   0x08000208   0x00000000   Code   RO         1010    .ARM.Collect$$libinit$$00000032  c_w.l(libinit2.o)
    0x08000208   0x08000208   0x00000002   Code   RO         1011    .ARM.Collect$$libinit$$00000033  c_w.l(libinit2.o)
    0x0800020a   0x0800020a   0x00000002   Code   RO         1039    .ARM.Collect$$libshutdown$$00000000  c_w.l(libshutdown.o)
    0x0800020c   0x0800020c   0x00000000   Code   RO         1053    .ARM.Collect$$libshutdown$$00000002  c_w.l(libshutdown2.o)
    0x0800020c   0x0800020c   0x00000000   Code   RO         1055    .ARM.Collect$$libshutdown$$00000004  c_w.l(libshutdown2.o)
    0x0800020c   0x0800020c   0x00000000   Code   RO         1058    .ARM.Collect$$libshutdown$$00000007  c_w.l(libshutdown2.o)
    0x0800020c   0x0800020c   0x00000000   Code   RO         1061    .ARM.Collect$$libshutdown$$0000000A  c_w.l(libshutdown2.o)
    0x0800020c   0x0800020c   0x00000000   Code   RO         1063    .ARM.Collect$$libshutdown$$0000000C  c_w.l(libshutdown2.o)
    0x0800020c   0x0800020c   0x00000000   Code   RO         1066    .ARM.Collect$$libshutdown$$0000000F  c_w.l(libshutdown2.o)
    0x0800020c   0x0800020c   0x00000002   Code   RO         1067    .ARM.Collect$$libshutdown$$00000010  c_w.l(libshutdown2.o)
    0x0800020e   0x0800020e   0x00000000   Code   RO          894    .ARM.Collect$$rtentry$$00000000  c_w.l(__rtentry.o)
    0x0800020e   0x0800020e   0x00000000   Code   RO          922    .ARM.Collect$$rtentry$$00000002  c_w.l(__rtentry2.o)
    0x0800020e   0x0800020e   0x00000006   Code   RO          934    .ARM.Collect$$rtentry$$00000004  c_w.l(__rtentry4.o)
    0x08000214   0x08000214   0x00000000   Code   RO          924    .ARM.Collect$$rtentry$$00000009  c_w.l(__rtentry2.o)
    0x08000214   0x08000214   0x00000004   Code   RO          925    .ARM.Collect$$rtentry$$0000000A  c_w.l(__rtentry2.o)
    0x08000218   0x08000218   0x00000000   Code   RO          927    .ARM.Collect$$rtentry$$0000000C  c_w.l(__rtentry2.o)
    0x08000218   0x08000218   0x00000008   Code   RO          928    .ARM.Collect$$rtentry$$0000000D  c_w.l(__rtentry2.o)
    0x08000220   0x08000220   0x00000002   Code   RO          961    .ARM.Collect$$rtexit$$00000000  c_w.l(rtexit.o)
    0x08000222   0x08000222   0x00000000   Code   RO         1013    .ARM.Collect$$rtexit$$00000002  c_w.l(rtexit2.o)
    0x08000222   0x08000222   0x00000004   Code   RO         1014    .ARM.Collect$$rtexit$$00000003  c_w.l(rtexit2.o)
    0x08000226   0x08000226   0x00000006   Code   RO         1015    .ARM.Collect$$rtexit$$00000004  c_w.l(rtexit2.o)
    0x0800022c   0x0800022c   0x000002b8   Code   RO            1    .text               main.o
    0x080004e4   0x080004e4   0x0000001a   Code   RO          178    .text               stm32f10x_it.o
    0x080004fe   0x080004fe   0x00000002   PAD
    0x08000500   0x08000500   0x000001e0   Code   RO          219    .text               system_stm32f10x.o
    0x080006e0   0x080006e0   0x0000004c   Code   RO          237    .text               led.o
    0x0800072c   0x0800072c   0x000000fc   Code   RO          249    .text               key.o
    0x08000828   0x08000828   0x00000238   Code   RO          262    .text               tpad.o
    0x08000a60   0x08000a60   0x00004a5c   Code   RO          280    .text               lcd.o
    0x080054bc   0x080054bc   0x00000204   Code   RO          310    .text               spi.o
    0x080056c0   0x080056c0   0x00000368   Code   RO          325    .text               w25qxx.o
    0x08005a28   0x08005a28   0x00001c30   Code   RO          344    .text               sdio_sdcard.o
    0x08007658   0x08007658   0x00000754   Code   RO          370    .text               vs10xx.o
    0x08007dac   0x08007dac   0x000000d4   Code   RO          389    .text               delay.o
    0x08007e80   0x08007e80   0x0000000c   Code   RO          404    .text               sys.o
    0x08007e8c   0x08007e8c   0x00000140   Code   RO          420    .text               usart.o
    0x08007fcc   0x08007fcc   0x00000040   Code   RO          456    .text               startup_stm32f10x_hd.o
    0x0800800c   0x0800800c   0x000000dc   Code   RO          460    .text               misc.o
    0x080080e8   0x080080e8   0x0000060c   Code   RO          472    .text               stm32f10x_fsmc.o
    0x080086f4   0x080086f4   0x0000035c   Code   RO          484    .text               stm32f10x_gpio.o
    0x08008a50   0x08008a50   0x000003a4   Code   RO          496    .text               stm32f10x_rcc.o
    0x08008df4   0x08008df4   0x0000030c   Code   RO          510    .text               stm32f10x_spi.o
    0x08009100   0x08009100   0x00000408   Code   RO          522    .text               stm32f10x_usart.o
    0x08009508   0x08009508   0x00000e1a   Code   RO          534    .text               stm32f10x_tim.o
    0x0800a322   0x0800a322   0x00000002   PAD
    0x0800a324   0x0800a324   0x00000254   Code   RO          546    .text               stm32f10x_dma.o
    0x0800a578   0x0800a578   0x000001d4   Code   RO          558    .text               stm32f10x_sdio.o
    0x0800a74c   0x0800a74c   0x0000022c   Code   RO          570    .text               malloc.o
    0x0800a978   0x0800a978   0x00000200   Code   RO          592    .text               diskio.o
    0x0800ab78   0x0800ab78   0x000032e4   Code   RO          610    .text               ff.o
    0x0800de5c   0x0800de5c   0x000001a8   Code   RO          631    .text               exfuns.o
    0x0800e004   0x0800e004   0x000006c8   Code   RO          655    .text               fattester.o
    0x0800e6cc   0x0800e6cc   0x000000cc   Code   RO          674    .text               mycc936.o
    0x0800e798   0x0800e798   0x00000c38   Code   RO          687    .text               usmart.o
    0x0800f3d0   0x0800f3d0   0x00000528   Code   RO          716    .text               usmart_str.o
    0x0800f8f8   0x0800f8f8   0x000005d0   Code   RO          728    .text               fontupd.o
    0x0800fec8   0x0800fec8   0x000002d4   Code   RO          752    .text               text.o
    0x0801019c   0x0801019c   0x00000654   Code   RO          764    .text               recorder.o
    0x080107f0   0x080107f0   0x00000002   Code   RO          781    .text               c_w.l(use_no_semi_2.o)
    0x080107f2   0x080107f2   0x00000048   Code   RO          783    .text               c_w.l(llsdiv.o)
    0x0801083a   0x0801083a   0x00000002   PAD
    0x0801083c   0x0801083c   0x00000018   Code   RO          789    .text               c_w.l(noretval__2printf.o)
    0x08010854   0x08010854   0x00000028   Code   RO          791    .text               c_w.l(noretval__2sprintf.o)
    0x0801087c   0x0801087c   0x0000004e   Code   RO          795    .text               c_w.l(_printf_pad.o)
    0x080108ca   0x080108ca   0x00000052   Code   RO          797    .text               c_w.l(_printf_str.o)
    0x0801091c   0x0801091c   0x00000078   Code   RO          799    .text               c_w.l(_printf_dec.o)
    0x08010994   0x08010994   0x00000058   Code   RO          804    .text               c_w.l(_printf_hex_int.o)
    0x080109ec   0x080109ec   0x00000188   Code   RO          839    .text               c_w.l(__printf_flags_ss_wp.o)
    0x08010b74   0x08010b74   0x00000048   Code   RO          848    .text               c_w.l(strcpy.o)
    0x08010bbc   0x08010bbc   0x0000003e   Code   RO          850    .text               c_w.l(strlen.o)
    0x08010bfa   0x08010bfa   0x00000018   Code   RO          852    .text               c_w.l(strcat.o)
    0x08010c12   0x08010c12   0x0000008a   Code   RO          854    .text               c_w.l(rt_memcpy_v6.o)
    0x08010c9c   0x08010c9c   0x00000080   Code   RO          856    .text               c_w.l(strcmpv7m.o)
    0x08010d1c   0x08010d1c   0x00000006   Code   RO          858    .text               c_w.l(heapauxi.o)
    0x08010d22   0x08010d22   0x00000002   Code   RO          892    .text               c_w.l(use_no_semi.o)
    0x08010d24   0x08010d24   0x000000ee   Code   RO          895    .text               c_w.l(lludivv7m.o)
    0x08010e12   0x08010e12   0x000000b2   Code   RO          897    .text               c_w.l(_printf_intcommon.o)
    0x08010ec4   0x08010ec4   0x00000030   Code   RO          899    .text               c_w.l(_printf_char_common.o)
    0x08010ef4   0x08010ef4   0x0000000a   Code   RO          901    .text               c_w.l(_sputc.o)
    0x08010efe   0x08010efe   0x0000002c   Code   RO          903    .text               c_w.l(_printf_char.o)
    0x08010f2a   0x08010f2a   0x00000002   PAD
    0x08010f2c   0x08010f2c   0x00000024   Code   RO          905    .text               c_w.l(_printf_char_file.o)
    0x08010f50   0x08010f50   0x00000064   Code   RO          908    .text               c_w.l(rt_memcpy_w.o)
    0x08010fb4   0x08010fb4   0x00000008   Code   RO          942    .text               c_w.l(ferror.o)
    0x08010fbc   0x08010fbc   0x0000004a   Code   RO          946    .text               c_w.l(sys_stackheap_outer.o)
    0x08011006   0x08011006   0x00000012   Code   RO          950    .text               c_w.l(exit.o)
    0x08011018   0x08011018   0x00000008   Code   RO          958    .text               c_w.l(libspace.o)
    0x08011020   0x08011020   0x0000000e   Code   RO          832    i._is_digit         c_w.l(__printf_wp.o)
    0x0801102e   0x0801102e   0x00000002   PAD
    0x08011030   0x08011030   0x0000005a   Code   RO          862    x$fpl$dfixu         fz_ws.l(dfixu.o)
    0x0801108a   0x0801108a   0x00000026   Code   RO          866    x$fpl$dfltu         fz_ws.l(dflt_clz.o)
    0x080110b0   0x080110b0   0x00000154   Code   RO          872    x$fpl$dmul          fz_ws.l(dmul.o)
    0x08011204   0x08011204   0x0000009c   Code   RO          910    x$fpl$dnaninf       fz_ws.l(dnaninf.o)
    0x080112a0   0x080112a0   0x0000000c   Code   RO          912    x$fpl$dretinf       fz_ws.l(dretinf.o)
    0x080112ac   0x080112ac   0x00000018   Code   RO          914    x$fpl$fcmpinf       fz_ws.l(fcmpi.o)
    0x080112c4   0x080112c4   0x00000184   Code   RO          875    x$fpl$fdiv          fz_ws.l(fdiv.o)
    0x08011448   0x08011448   0x00000068   Code   RO          878    x$fpl$feqf          fz_ws.l(feqf.o)
    0x080114b0   0x080114b0   0x0000003e   Code   RO          880    x$fpl$ffixu         fz_ws.l(ffixu.o)
    0x080114ee   0x080114ee   0x00000002   PAD
    0x080114f0   0x080114f0   0x00000026   Code   RO          884    x$fpl$ffltu         fz_ws.l(fflt_clz.o)
    0x08011516   0x08011516   0x00000002   PAD
    0x08011518   0x08011518   0x00000102   Code   RO          890    x$fpl$fmul          fz_ws.l(fmul.o)
    0x0801161a   0x0801161a   0x0000008c   Code   RO          916    x$fpl$fnaninf       fz_ws.l(fnaninf.o)
    0x080116a6   0x080116a6   0x0000000a   Code   RO          918    x$fpl$fretinf       fz_ws.l(fretinf.o)
    0x080116b0   0x080116b0   0x00000000   Code   RO          920    x$fpl$usenofp       fz_ws.l(usenofp.o)
    0x080116b0   0x080116b0   0x000017c0   Data   RO          282    .constdata          lcd.o
    0x08012e70   0x08012e70   0x00000040   Data   RO          371    .constdata          vs10xx.o
    0x08012eb0   0x08012eb0   0x00000018   Data   RO          574    .constdata          malloc.o
    0x08012ec8   0x08012ec8   0x0000003a   Data   RO          611    .constdata          ff.o
    0x08012f02   0x08012f02   0x00000002   PAD
    0x08012f04   0x08012f04   0x00000138   Data   RO          633    .constdata          exfuns.o
    0x0801303c   0x0801303c   0x000003c0   Data   RO          675    .constdata          mycc936.o
    0x080133fc   0x080133fc   0x00000010   Data   RO          730    .constdata          fontupd.o
    0x0801340c   0x0801340c   0x00000050   Data   RO          765    .constdata          recorder.o
    0x0801345c   0x0801345c   0x00000028   Data   RO          805    .constdata          c_w.l(_printf_hex_int.o)
    0x08013484   0x08013484   0x00000011   Data   RO          840    .constdata          c_w.l(__printf_flags_ss_wp.o)
    0x08013495   0x08013495   0x00000003   PAD
    0x08013498   0x08013498   0x00000060   Data   RO          634    .conststring        exfuns.o
    0x080134f8   0x080134f8   0x00000028   Data   RO          688    .conststring        usmart.o
    0x08013520   0x08013520   0x0000040f   Data   RO          703    .conststring        usmart_config.o
    0x0801392f   0x0801392f   0x00000001   PAD
    0x08013930   0x08013930   0x0000005f   Data   RO          731    .conststring        fontupd.o
    0x0801398f   0x0801398f   0x00000001   PAD
    0x08013990   0x08013990   0x00000020   Data   RO         1085    Region$$Table       anon$$obj.o


    Execution Region RW_IRAM1 (Exec base: 0x20000000, Load base: 0x080139b0, Size: 0x0000c728, Max: 0x00010000, ABSOLUTE, COMPRESSED[0x00000144])

    Exec Addr    Load Addr    Size         Type   Attr      Idx    E Section Name        Object

    0x20000000   COMPRESSED   0x00000014   Data   RW          220    .data               system_stm32f10x.o
    0x20000014   COMPRESSED   0x00000001   Data   RW          250    .data               key.o
    0x20000015   COMPRESSED   0x00000001   PAD
    0x20000016   COMPRESSED   0x00000003   Data   RW          263    .data               tpad.o
    0x20000019   COMPRESSED   0x00000001   PAD
    0x2000001a   COMPRESSED   0x00000004   Data   RW          283    .data               lcd.o
    0x2000001e   COMPRESSED   0x00000002   Data   RW          327    .data               w25qxx.o
    0x20000020   COMPRESSED   0x00000010   Data   RW          346    .data               sdio_sdcard.o
    0x20000030   COMPRESSED   0x00000008   Data   RW          372    .data               vs10xx.o
    0x20000038   COMPRESSED   0x00000004   Data   RW          390    .data               delay.o
    0x2000003c   COMPRESSED   0x00000006   Data   RW          422    .data               usart.o
    0x20000042   COMPRESSED   0x00000014   Data   RW          497    .data               stm32f10x_rcc.o
    0x20000056   COMPRESSED   0x00000002   PAD
    0x20000058   COMPRESSED   0x0000001c   Data   RW          575    .data               malloc.o
    0x20000074   COMPRESSED   0x00000002   Data   RW          593    .data               diskio.o
    0x20000076   COMPRESSED   0x00000002   PAD
    0x20000078   COMPRESSED   0x0000000a   Data   RW          612    .data               ff.o
    0x20000082   COMPRESSED   0x00000002   PAD
    0x20000084   COMPRESSED   0x0000001c   Data   RW          635    .data               exfuns.o
    0x200000a0   COMPRESSED   0x0000001c   Data   RW          689    .data               usmart.o
    0x200000bc   COMPRESSED   0x000001fc   Data   RW          704    .data               usmart_config.o
    0x200002b8        -       0x0000000e   Zero   RW          281    .bss                lcd.o
    0x200002c6        -       0x00001000   Zero   RW          326    .bss                w25qxx.o
    0x200012c6   COMPRESSED   0x00000002   PAD
    0x200012c8        -       0x000002c0   Zero   RW          345    .bss                sdio_sdcard.o
    0x20001588        -       0x000000c8   Zero   RW          421    .bss                usart.o
    0x20001650   COMPRESSED   0x00000010   PAD
    0x20001660        -       0x0000aa00   Zero   RW          573    .bss                malloc.o
    0x2000c060        -       0x00000044   Zero   RW          632    .bss                exfuns.o
    0x2000c0a4        -       0x00000021   Zero   RW          729    .bss                fontupd.o
    0x2000c0c5   COMPRESSED   0x00000003   PAD
    0x2000c0c8        -       0x00000060   Zero   RW          959    .bss                c_w.l(libspace.o)
    0x2000c128        -       0x00000200   Zero   RW          454    HEAP                startup_stm32f10x_hd.o
    0x2000c328        -       0x00000400   Zero   RW          453    STACK               startup_stm32f10x_hd.o



  Load Region LR$$.ARM.__AT_0x68000000 (Base: 0x68000000, Size: 0x00000000, Max: 0x000f0000, ABSOLUTE)

    Execution Region ER$$.ARM.__AT_0x68000000 (Exec base: 0x68000000, Load base: 0x68000000, Size: 0x000f0000, Max: 0x000f0000, ABSOLUTE, UNINIT)

    Exec Addr    Load Addr    Size         Type   Attr      Idx    E Section Name        Object

    0x68000000        -       0x000f0000   Zero   RW          571    .ARM.__AT_0x68000000  malloc.o



  Load Region LR$$.ARM.__AT_0x680F0000 (Base: 0x680f0000, Size: 0x00000000, Max: 0x0000f000, ABSOLUTE)

    Execution Region ER$$.ARM.__AT_0x680F0000 (Exec base: 0x680f0000, Load base: 0x680f0000, Size: 0x0000f000, Max: 0x0000f000, ABSOLUTE, UNINIT)

    Exec Addr    Load Addr    Size         Type   Attr      Idx    E Section Name        Object

    0x680f0000        -       0x0000f000   Zero   RW          572    .ARM.__AT_0x680F0000  malloc.o


==============================================================================

Image component sizes


      Code (inc. data)   RO Data    RW Data    ZI Data      Debug   Object Name

       212         18          0          4          0       1091   delay.o
       512          8          0          2          0       4414   diskio.o
       424         22        408         28         68       2836   exfuns.o
      1736        690          0          0          0       5952   fattester.o
     13028        144         58         10          0      38306   ff.o
      1488        158        111          0         33       4332   fontupd.o
       252         12          0          1          0        864   key.o
     19036        162       6080          4         14      22402   lcd.o
        76          8          0          0          0        519   led.o
       696        252          0          0          0     291463   main.o
       556         18         24         28    1088000       4784   malloc.o
       220         22          0          0          0       1849   misc.o
       204         12        960          0          0       1657   mycc936.o
      1620        154         80          0          0       3805   recorder.o
      7216        256          0         16        704      24820   sdio_sdcard.o
       516         18          0          0          0       1916   spi.o
        64         26        304          0       1536        824   startup_stm32f10x_hd.o
       596          8          0          0          0       4410   stm32f10x_dma.o
      1548         18          0          0          0       5423   stm32f10x_fsmc.o
       860         38          0          0          0       5781   stm32f10x_gpio.o
        26          0          0          0          0       1202   stm32f10x_it.o
       932         36          0         20          0       8980   stm32f10x_rcc.o
       468         22          0          0          0       7168   stm32f10x_sdio.o
       780         14          0          0          0       6662   stm32f10x_spi.o
      3610         88          0          0          0      22888   stm32f10x_tim.o
      1032         22          0          0          0       8504   stm32f10x_usart.o
        12          0          0          0          0        643   sys.o
       480         38          0         20          0       1811   system_stm32f10x.o
       724         16          0          0          0       3176   text.o
       568         40          0          3          0       2491   tpad.o
       320         16          0          6        200       3274   usart.o
      3128       1288         40         28          0       4446   usmart.o
         0          0       1039        508          0       1772   usmart_config.o
      1320         12          0          0          0       5273   usmart_str.o
      1876         50         64          8          0       8510   vs10xx.o
       872         30          0          2       4096       4549   w25qxx.o

    ----------------------------------------------------------------------
     67012       3716       9204        696    1094672     518797   Object Totals
         0          0         32          0          0          0   (incl. Generated)
         4          0          4          8         21          0   (incl. Padding)

    ----------------------------------------------------------------------

      Code (inc. data)   RO Data    RW Data    ZI Data      Debug   Library Member Name

        90          0          0          0          0          0   __dczerorl2.o
         8          0          0          0          0         68   __main.o
       392          4         17          0          0         92   __printf_flags_ss_wp.o
        14          0          0          0          0         68   __printf_wp.o
         0          0          0          0          0          0   __rtentry.o
        12          0          0          0          0          0   __rtentry2.o
         6          0          0          0          0          0   __rtentry4.o
        52          8          0          0          0          0   __scatter.o
        28          0          0          0          0          0   __scatter_zi.o
         6          0          0          0          0          0   _printf_c.o
        44          0          0          0          0        108   _printf_char.o
        48          6          0          0          0         96   _printf_char_common.o
        36          4          0          0          0         80   _printf_char_file.o
         6          0          0          0          0          0   _printf_d.o
       120         16          0          0          0         92   _printf_dec.o
        88          4         40          0          0         88   _printf_hex_int.o
       178          0          0          0          0         88   _printf_intcommon.o
        78          0          0          0          0        108   _printf_pad.o
         0          0          0          0          0          0   _printf_percent.o
         4          0          0          0          0          0   _printf_percent_end.o
         6          0          0          0          0          0   _printf_s.o
        82          0          0          0          0         80   _printf_str.o
         6          0          0          0          0          0   _printf_u.o
         6          0          0          0          0          0   _printf_x.o
        10          0          0          0          0         68   _sputc.o
        18          0          0          0          0         80   exit.o
         8          0          0          0          0         68   ferror.o
         6          0          0          0          0        152   heapauxi.o
         2          0          0          0          0          0   libinit.o
         2          0          0          0          0          0   libinit2.o
         2          0          0          0          0          0   libshutdown.o
         2          0          0          0          0          0   libshutdown2.o
         8          4          0          0         96         68   libspace.o
        72          0          0          0          0         76   llsdiv.o
       238          0          0          0          0        100   lludivv7m.o
        24          4          0          0          0         84   noretval__2printf.o
        40          6          0          0          0         84   noretval__2sprintf.o
       138          0          0          0          0         68   rt_memcpy_v6.o
       100          0          0          0          0         80   rt_memcpy_w.o
         2          0          0          0          0          0   rtexit.o
        10          0          0          0          0          0   rtexit2.o
        24          0          0          0          0         68   strcat.o
       128          0          0          0          0         68   strcmpv7m.o
        72          0          0          0          0         80   strcpy.o
        62          0          0          0          0         76   strlen.o
        74          0          0          0          0         80   sys_stackheap_outer.o
         2          0          0          0          0         68   use_no_semi.o
         2          0          0          0          0         68   use_no_semi_2.o
        90          4          0          0          0         92   dfixu.o
        38          0          0          0          0         68   dflt_clz.o
       340         12          0          0          0        104   dmul.o
       156          4          0          0          0         92   dnaninf.o
        12          0          0          0          0         68   dretinf.o
        24          0          0          0          0         68   fcmpi.o
       388         76          0          0          0         96   fdiv.o
       104          4          0          0          0         84   feqf.o
        62          4          0          0          0         84   ffixu.o
        38          0          0          0          0         68   fflt_clz.o
       258          4          0          0          0         84   fmul.o
       140          4          0          0          0         84   fnaninf.o
        10          0          0          0          0         68   fretinf.o
         0          0          0          0          0          0   usenofp.o

    ----------------------------------------------------------------------
      4028        168         60          0         96       3464   Library Totals
        12          0          3          0          0          0   (incl. Padding)

    ----------------------------------------------------------------------

      Code (inc. data)   RO Data    RW Data    ZI Data      Debug   Library Name

      2356         56         57          0         96       2404   c_w.l
      1660        112          0          0          0       1060   fz_ws.l

    ----------------------------------------------------------------------
      4028        168         60          0         96       3464   Library Totals

    ----------------------------------------------------------------------

==============================================================================


      Code (inc. data)   RO Data    RW Data    ZI Data      Debug   

     71040       3884       9264        696    1094768     517109   Grand Totals
     71040       3884       9264        324    1094768     517109   ELF Image Totals (compressed)
     71040       3884       9264        324          0          0   ROM Totals

==============================================================================

    Total RO  Size (Code + RO Data)                80304 (  78.42kB)
    Total RW  Size (RW Data + ZI Data)           1095464 (1069.79kB)
    Total ROM Size (Code + RO Data + RW Data)      80628 (  78.74kB)

==============================================================================

